Archive member included to satisfy reference by file (symbol)

/usr/lib/gcc/arm-none-eabi/10.3.1/thumb/v6-m/nofp/libgcc.a(_dvmd_tls.o)
                              CMakeFiles/blink2.dir/home/julian/pico/pico-sdk/src/rp2_common/pico_divider/divider.S.obj (__aeabi_idiv0)
/usr/lib/gcc/arm-none-eabi/10.3.1/../../../arm-none-eabi/lib/thumb/v6-m/nofp/libg.a(lib_a-atexit.o)
                              /usr/lib/gcc/arm-none-eabi/10.3.1/../../../arm-none-eabi/lib/thumb/v6-m/nofp/crt0.o (atexit)
/usr/lib/gcc/arm-none-eabi/10.3.1/../../../arm-none-eabi/lib/thumb/v6-m/nofp/libg.a(lib_a-calloc.o)
                              CMakeFiles/blink2.dir/home/julian/pico/pico-sdk/src/rp2_common/pico_malloc/pico_malloc.c.obj (calloc)
/usr/lib/gcc/arm-none-eabi/10.3.1/../../../arm-none-eabi/lib/thumb/v6-m/nofp/libg.a(lib_a-callocr.o)
                              /usr/lib/gcc/arm-none-eabi/10.3.1/../../../arm-none-eabi/lib/thumb/v6-m/nofp/libg.a(lib_a-calloc.o) (_calloc_r)
/usr/lib/gcc/arm-none-eabi/10.3.1/../../../arm-none-eabi/lib/thumb/v6-m/nofp/libg.a(lib_a-fini.o)
                              /usr/lib/gcc/arm-none-eabi/10.3.1/../../../arm-none-eabi/lib/thumb/v6-m/nofp/crt0.o (__libc_fini_array)
/usr/lib/gcc/arm-none-eabi/10.3.1/../../../arm-none-eabi/lib/thumb/v6-m/nofp/libg.a(lib_a-impure.o)
                              /usr/lib/gcc/arm-none-eabi/10.3.1/../../../arm-none-eabi/lib/thumb/v6-m/nofp/libg.a(lib_a-calloc.o) (_impure_ptr)
/usr/lib/gcc/arm-none-eabi/10.3.1/../../../arm-none-eabi/lib/thumb/v6-m/nofp/libg.a(lib_a-init.o)
                              /usr/lib/gcc/arm-none-eabi/10.3.1/../../../arm-none-eabi/lib/thumb/v6-m/nofp/crt0.o (__libc_init_array)
/usr/lib/gcc/arm-none-eabi/10.3.1/../../../arm-none-eabi/lib/thumb/v6-m/nofp/libg.a(lib_a-malloc.o)
                              CMakeFiles/blink2.dir/home/julian/pico/pico-sdk/src/rp2_common/pico_malloc/pico_malloc.c.obj (malloc)
/usr/lib/gcc/arm-none-eabi/10.3.1/../../../arm-none-eabi/lib/thumb/v6-m/nofp/libg.a(lib_a-mallocr.o)
                              /usr/lib/gcc/arm-none-eabi/10.3.1/../../../arm-none-eabi/lib/thumb/v6-m/nofp/libg.a(lib_a-callocr.o) (_malloc_r)
/usr/lib/gcc/arm-none-eabi/10.3.1/../../../arm-none-eabi/lib/thumb/v6-m/nofp/libg.a(lib_a-mlock.o)
                              /usr/lib/gcc/arm-none-eabi/10.3.1/../../../arm-none-eabi/lib/thumb/v6-m/nofp/libg.a(lib_a-mallocr.o) (__malloc_lock)
/usr/lib/gcc/arm-none-eabi/10.3.1/../../../arm-none-eabi/lib/thumb/v6-m/nofp/libg.a(lib_a-realloc.o)
                              CMakeFiles/blink2.dir/home/julian/pico/pico-sdk/src/rp2_common/pico_malloc/pico_malloc.c.obj (realloc)
/usr/lib/gcc/arm-none-eabi/10.3.1/../../../arm-none-eabi/lib/thumb/v6-m/nofp/libg.a(lib_a-reallocr.o)
                              /usr/lib/gcc/arm-none-eabi/10.3.1/../../../arm-none-eabi/lib/thumb/v6-m/nofp/libg.a(lib_a-realloc.o) (_realloc_r)
/usr/lib/gcc/arm-none-eabi/10.3.1/../../../arm-none-eabi/lib/thumb/v6-m/nofp/libg.a(lib_a-sbrkr.o)
                              /usr/lib/gcc/arm-none-eabi/10.3.1/../../../arm-none-eabi/lib/thumb/v6-m/nofp/libg.a(lib_a-mallocr.o) (_sbrk_r)
/usr/lib/gcc/arm-none-eabi/10.3.1/../../../arm-none-eabi/lib/thumb/v6-m/nofp/libg.a(lib_a-strlen-stub.o)
                              CMakeFiles/blink2.dir/home/julian/pico/pico-sdk/src/rp2_common/pico_stdio/stdio.c.obj (strlen)
/usr/lib/gcc/arm-none-eabi/10.3.1/../../../arm-none-eabi/lib/thumb/v6-m/nofp/libg.a(lib_a-__atexit.o)
                              /usr/lib/gcc/arm-none-eabi/10.3.1/../../../arm-none-eabi/lib/thumb/v6-m/nofp/libg.a(lib_a-atexit.o) (__register_exitproc)
/usr/lib/gcc/arm-none-eabi/10.3.1/../../../arm-none-eabi/lib/thumb/v6-m/nofp/libg.a(lib_a-freer.o)
                              /usr/lib/gcc/arm-none-eabi/10.3.1/../../../arm-none-eabi/lib/thumb/v6-m/nofp/libg.a(lib_a-malloc.o) (_free_r)
/usr/lib/gcc/arm-none-eabi/10.3.1/../../../arm-none-eabi/lib/thumb/v6-m/nofp/libg.a(lib_a-memmove.o)
                              /usr/lib/gcc/arm-none-eabi/10.3.1/../../../arm-none-eabi/lib/thumb/v6-m/nofp/libg.a(lib_a-reallocr.o) (memmove)
/usr/lib/gcc/arm-none-eabi/10.3.1/../../../arm-none-eabi/lib/thumb/v6-m/nofp/libg.a(lib_a-reent.o)
                              /usr/lib/gcc/arm-none-eabi/10.3.1/../../../arm-none-eabi/lib/thumb/v6-m/nofp/libg.a(lib_a-sbrkr.o) (errno)

Discarded input sections

 .text          0x0000000000000000        0x0 /usr/lib/gcc/arm-none-eabi/10.3.1/thumb/v6-m/nofp/crti.o
 .data          0x0000000000000000        0x0 /usr/lib/gcc/arm-none-eabi/10.3.1/thumb/v6-m/nofp/crti.o
 .bss           0x0000000000000000        0x0 /usr/lib/gcc/arm-none-eabi/10.3.1/thumb/v6-m/nofp/crti.o
 .data          0x0000000000000000        0x4 /usr/lib/gcc/arm-none-eabi/10.3.1/thumb/v6-m/nofp/crtbegin.o
 .rodata        0x0000000000000000       0x24 /usr/lib/gcc/arm-none-eabi/10.3.1/thumb/v6-m/nofp/crtbegin.o
 .fini_array    0x0000000000000000        0x4 /usr/lib/gcc/arm-none-eabi/10.3.1/thumb/v6-m/nofp/crtbegin.o
[...]
Memory Configuration

Name             Origin             Length             Attributes
FLASH            0x0000000010000000 0x0000000000200000 xr
RAM              0x0000000020000000 0x0000000000040000 xrw
SCRATCH_X        0x0000000020040000 0x0000000000001000 xrw
SCRATCH_Y        0x0000000020041000 0x0000000000001000 xrw
*default*        0x0000000000000000 0xffffffffffffffff

Linker script and memory map

LOAD /usr/lib/gcc/arm-none-eabi/10.3.1/thumb/v6-m/nofp/crti.o
LOAD /usr/lib/gcc/arm-none-eabi/10.3.1/thumb/v6-m/nofp/crtbegin.o
LOAD /usr/lib/gcc/arm-none-eabi/10.3.1/../../../arm-none-eabi/lib/thumb/v6-m/nofp/crt0.o

.flash_begin    0x0000000010000000        0x0
                0x0000000010000000                __flash_binary_start = .

.boot2          0x0000000010000000      0x100
                0x0000000010000000                __boot2_start__ = .
 *(.boot2)
 .boot2         0x0000000010000000      0x100 /tmp/ccaWoVLe.o
                0x0000000010000100                __boot2_end__ = .
                0x0000000000000001                ASSERT (((__boot2_end__ - __boot2_start__) == 0x100), ERROR: Pico second stage bootloader must be 256 bytes in size)

.text           0x0000000010000100     0x66a0
                0x0000000010000100                __logical_binary_start = .
 *(.vectors)
 .vectors       0x0000000010000100       0xd4 CMakeFiles/blink2.dir/home/julian/pico/pico-sdk/src/rp2_common/pico_standard_link/crt0.S.obj
                0x0000000010000100                __vectors
                0x0000000010000100                __VECTOR_TABLE
                0x00000000100001c0                isr_invalid
                0x00000000100001c0                __default_isrs_start
                0x00000000100001c2                isr_nmi
                0x00000000100001c4                isr_hardfault
                0x00000000100001c6                isr_svcall
                0x00000000100001c8                isr_pendsv
                0x00000000100001ca                isr_systick
                0x00000000100001cc                isr_irq30
                0x00000000100001cc                __unhandled_user_irq
                0x00000000100001cc                isr_irq13
                0x00000000100001cc                isr_irq27
                0x00000000100001cc                isr_irq31
                0x00000000100001cc                isr_irq5
                0x00000000100001cc                isr_irq11
                0x00000000100001cc                isr_irq23
                0x00000000100001cc                isr_irq18
                0x00000000100001cc                isr_irq28
                0x00000000100001cc                isr_irq19
                0x00000000100001cc                isr_irq0
                0x00000000100001cc                isr_irq6
                0x00000000100001cc                isr_irq22
                0x00000000100001cc                isr_irq17
                0x00000000100001cc                isr_irq14
                0x00000000100001cc                isr_irq2
                0x00000000100001cc                isr_irq10
                0x00000000100001cc                isr_irq8
                0x00000000100001cc                isr_irq24
                0x00000000100001cc                isr_irq1
                0x00000000100001cc                isr_irq7
                0x00000000100001cc                isr_irq21
                0x00000000100001cc                isr_irq20
                0x00000000100001cc                isr_irq15
                0x00000000100001cc                isr_irq25
                0x00000000100001cc                isr_irq4
                0x00000000100001cc                isr_irq16
                0x00000000100001cc                isr_irq29
                0x00000000100001cc                isr_irq26
                0x00000000100001cc                __default_isrs_end
                0x00000000100001cc                isr_irq3
                0x00000000100001cc                isr_irq12
                0x00000000100001cc                isr_irq9
                0x00000000100001d2                unhandled_user_irq_num_in_r0
 *(.binary_info_header)
 .binary_info_header
                0x00000000100001d4       0x14 CMakeFiles/blink2.dir/home/julian/pico/pico-sdk/src/rp2_common/pico_standard_link/crt0.S.obj
                0x00000000100001e8                __binary_info_header_end = .
 *(.reset)
 .reset         0x00000000100001e8       0xa0 CMakeFiles/blink2.dir/home/julian/pico/pico-sdk/src/rp2_common/pico_standard_link/crt0.S.obj
                0x00000000100001e8                _entry_point
 .reset         0x0000000010000288       0x30 CMakeFiles/blink2.dir/home/julian/pico/pico-sdk/src/rp2_common/pico_standard_link/binary_info.c.obj
 *(.init)
 .init          0x00000000100002b8        0x4 /usr/lib/gcc/arm-none-eabi/10.3.1/thumb/v6-m/nofp/crti.o
                0x00000000100002b8                _init
 *(EXCLUDE_FILE(*libm.a: *libc.a:*lib_a-mem*.o *libgcc.a:) .text*)
 .text          0x00000000100002bc       0x98 /usr/lib/gcc/arm-none-eabi/10.3.1/thumb/v6-m/nofp/crtbegin.o
 .text.main     0x0000000010000354       0x1c CMakeFiles/blink2.dir/blink2.c.obj
                0x0000000010000354                main
 .text.running_on_fpga
                0x0000000010000370       0x14 CMakeFiles/blink2.dir/home/julian/pico/pico-sdk/src/rp2_common/pico_platform/platform.c.obj
                0x0000000010000370                running_on_fpga
 .text.hw_claim_lock
                0x0000000010000384       0x18 CMakeFiles/blink2.dir/home/julian/pico/pico-sdk/src/rp2_common/hardware_claim/claim.c.obj
                0x0000000010000384                hw_claim_lock
 .text.hw_claim_unlock
                0x000000001000039c       0x14 CMakeFiles/blink2.dir/home/julian/pico/pico-sdk/src/rp2_common/hardware_claim/claim.c.obj
                0x000000001000039c                hw_claim_unlock
 .text.hw_claim_or_assert
                0x00000000100003b0       0x32 CMakeFiles/blink2.dir/home/julian/pico/pico-sdk/src/rp2_common/hardware_claim/claim.c.obj
                0x00000000100003b0                hw_claim_or_assert
 .text.hw_claim_unused_from_range
                0x00000000100003e2       0x50 CMakeFiles/blink2.dir/home/julian/pico/pico-sdk/src/rp2_common/hardware_claim/claim.c.obj
                0x00000000100003e2                hw_claim_unused_from_range
 *fill*         0x0000000010000432        0x2 
 .text.spin_locks_reset
                0x0000000010000434       0x20 CMakeFiles/blink2.dir/home/julian/pico/pico-sdk/src/rp2_common/hardware_sync/sync.c.obj
                0x0000000010000434                spin_locks_reset
 .text.next_striped_spin_lock_num
                0x0000000010000454       0x1c CMakeFiles/blink2.dir/home/julian/pico/pico-sdk/src/rp2_common/hardware_sync/sync.c.obj
                0x0000000010000454                next_striped_spin_lock_num
 .text.spin_lock_claim_unused
                0x0000000010000470       0x20 CMakeFiles/blink2.dir/home/julian/pico/pico-sdk/src/rp2_common/hardware_sync/sync.c.obj
                0x0000000010000470                spin_lock_claim_unused
 .text.set_raw_irq_handler_and_unlock
                0x0000000010000490       0x28 CMakeFiles/blink2.dir/home/julian/pico/pico-sdk/src/rp2_common/hardware_irq/irq.c.obj
 .text.make_branch
                0x00000000100004b8       0x48 CMakeFiles/blink2.dir/home/julian/pico/pico-sdk/src/rp2_common/hardware_irq/irq.c.obj
 .text.insert_branch_and_link
                0x0000000010000500       0x40 CMakeFiles/blink2.dir/home/julian/pico/pico-sdk/src/rp2_common/hardware_irq/irq.c.obj
 .text.irq_is_enabled
                0x0000000010000540       0x18 CMakeFiles/blink2.dir/home/julian/pico/pico-sdk/src/rp2_common/hardware_irq/irq.c.obj
                0x0000000010000540                irq_is_enabled
 .text.irq_set_mask_enabled
                0x0000000010000558       0x20 CMakeFiles/blink2.dir/home/julian/pico/pico-sdk/src/rp2_common/hardware_irq/irq.c.obj
                0x0000000010000558                irq_set_mask_enabled
 .text.irq_set_enabled
                0x0000000010000578        0xe CMakeFiles/blink2.dir/home/julian/pico/pico-sdk/src/rp2_common/hardware_irq/irq.c.obj
                0x0000000010000578                irq_set_enabled
 *fill*         0x0000000010000586        0x2 
 .text.irq_set_pending
                0x0000000010000588       0x10 CMakeFiles/blink2.dir/home/julian/pico/pico-sdk/src/rp2_common/hardware_irq/irq.c.obj
                0x0000000010000588                irq_set_pending
 .text.irq_get_vtable_handler
                0x0000000010000598       0x10 CMakeFiles/blink2.dir/home/julian/pico/pico-sdk/src/rp2_common/hardware_irq/irq.c.obj
                0x0000000010000598                irq_get_vtable_handler
 .text.irq_has_shared_handler
                0x00000000100005a8       0x24 CMakeFiles/blink2.dir/home/julian/pico/pico-sdk/src/rp2_common/hardware_irq/irq.c.obj
                0x00000000100005a8                irq_has_shared_handler
 .text.irq_set_exclusive_handler
                0x00000000100005cc       0x54 CMakeFiles/blink2.dir/home/julian/pico/pico-sdk/src/rp2_common/hardware_irq/irq.c.obj
                0x00000000100005cc                irq_set_exclusive_handler
 .text.irq_add_shared_handler
                0x0000000010000620      0x234 CMakeFiles/blink2.dir/home/julian/pico/pico-sdk/src/rp2_common/hardware_irq/irq.c.obj
                0x0000000010000620                irq_add_shared_handler
 .text.irq_remove_handler
                0x0000000010000854      0x1ac CMakeFiles/blink2.dir/home/julian/pico/pico-sdk/src/rp2_common/hardware_irq/irq.c.obj
                0x0000000010000854                irq_remove_handler
 .text.irq_add_tail_to_free_list
                0x0000000010000a00       0xf0 CMakeFiles/blink2.dir/home/julian/pico/pico-sdk/src/rp2_common/hardware_irq/irq.c.obj
                0x0000000010000a00                irq_add_tail_to_free_list
 .text.irq_init_priorities
                0x0000000010000af0       0x1c CMakeFiles/blink2.dir/home/julian/pico/pico-sdk/src/rp2_common/hardware_irq/irq.c.obj
                0x0000000010000af0                irq_init_priorities
 .text.user_irq_claim_unused
                0x0000000010000b0c       0x28 CMakeFiles/blink2.dir/home/julian/pico/pico-sdk/src/rp2_common/hardware_irq/irq.c.obj
                0x0000000010000b0c                user_irq_claim_unused
 .text.lock_init
                0x0000000010000b34       0x10 CMakeFiles/blink2.dir/home/julian/pico/pico-sdk/src/common/pico_sync/lock_core.c.obj
                0x0000000010000b34                lock_init
 .text.mutex_init
                0x0000000010000b44       0x1a CMakeFiles/blink2.dir/home/julian/pico/pico-sdk/src/common/pico_sync/mutex.c.obj
                0x0000000010000b44                mutex_init
 .text.recursive_mutex_init
                0x0000000010000b5e       0x1e CMakeFiles/blink2.dir/home/julian/pico/pico-sdk/src/common/pico_sync/mutex.c.obj
                0x0000000010000b5e                recursive_mutex_init
 .text.critical_section_init_with_lock_num
                0x0000000010000b7c       0x14 CMakeFiles/blink2.dir/home/julian/pico/pico-sdk/src/common/pico_sync/critical_section.c.obj
                0x0000000010000b7c                critical_section_init_with_lock_num
 .text.critical_section_init
                0x0000000010000b90       0x14 CMakeFiles/blink2.dir/home/julian/pico/pico-sdk/src/common/pico_sync/critical_section.c.obj
                0x0000000010000b90                critical_section_init
 .text.alarm_pool_post_alloc_init
                0x0000000010000ba4       0x40 CMakeFiles/blink2.dir/home/julian/pico/pico-sdk/src/common/pico_time/time.c.obj
 .text.sleep_until_callback
                0x0000000010000be4       0x30 CMakeFiles/blink2.dir/home/julian/pico/pico-sdk/src/common/pico_time/time.c.obj
 .text.timer_pool_entry_comparator
                0x0000000010000c14       0x7c CMakeFiles/blink2.dir/home/julian/pico/pico-sdk/src/common/pico_time/time.c.obj
                0x0000000010000c14                timer_pool_entry_comparator
 .text.ph_add_child_node
                0x0000000010000c90       0xa4 CMakeFiles/blink2.dir/home/julian/pico/pico-sdk/src/common/pico_time/time.c.obj
 .text.ph_merge_nodes
                0x0000000010000d34       0x3e CMakeFiles/blink2.dir/home/julian/pico/pico-sdk/src/common/pico_time/time.c.obj
 *fill*         0x0000000010000d72        0x2 
 .text.add_alarm_under_lock
                0x0000000010000d74      0x174 CMakeFiles/blink2.dir/home/julian/pico/pico-sdk/src/common/pico_time/time.c.obj
 .text.alarm_pool_alarm_callback
                0x0000000010000ee8      0x33c CMakeFiles/blink2.dir/home/julian/pico/pico-sdk/src/common/pico_time/time.c.obj
 .text.alarm_pool_init_default
                0x0000000010001224       0x40 CMakeFiles/blink2.dir/home/julian/pico/pico-sdk/src/common/pico_time/time.c.obj
                0x0000000010001224                alarm_pool_init_default
 .text.alarm_pool_get_default
                0x0000000010001264       0x2c CMakeFiles/blink2.dir/home/julian/pico/pico-sdk/src/common/pico_time/time.c.obj
                0x0000000010001264                alarm_pool_get_default
 .text.alarm_pool_add_alarm_at
                0x0000000010001290      0x168 CMakeFiles/blink2.dir/home/julian/pico/pico-sdk/src/common/pico_time/time.c.obj
                0x0000000010001290                alarm_pool_add_alarm_at
 .text.alarm_pool_cancel_alarm
                0x00000000100013f8       0xf8 CMakeFiles/blink2.dir/home/julian/pico/pico-sdk/src/common/pico_time/time.c.obj
                0x00000000100013f8                alarm_pool_cancel_alarm
 .text.alarm_pool_core_num
                0x00000000100014f0        0x4 CMakeFiles/blink2.dir/home/julian/pico/pico-sdk/src/common/pico_time/time.c.obj
                0x00000000100014f0                alarm_pool_core_num
 .text.sleep_until
                0x00000000100014f4       0xfc CMakeFiles/blink2.dir/home/julian/pico/pico-sdk/src/common/pico_time/time.c.obj
                0x00000000100014f4                sleep_until
 .text.sleep_us
                0x00000000100015f0       0x58 CMakeFiles/blink2.dir/home/julian/pico/pico-sdk/src/common/pico_time/time.c.obj
                0x00000000100015f0                sleep_us
 .text.sleep_ms
                0x0000000010001648       0x14 CMakeFiles/blink2.dir/home/julian/pico/pico-sdk/src/common/pico_time/time.c.obj
                0x0000000010001648                sleep_ms
 .text.best_effort_wfe_or_timeout
                0x000000001000165c       0xac CMakeFiles/blink2.dir/home/julian/pico/pico-sdk/src/common/pico_time/time.c.obj
                0x000000001000165c                best_effort_wfe_or_timeout
 .text.hardware_alarm_irq_handler
                0x0000000010001708       0x90 CMakeFiles/blink2.dir/home/julian/pico/pico-sdk/src/rp2_common/hardware_timer/timer.c.obj
 .text.hardware_alarm_claim
                0x0000000010001798       0x18 CMakeFiles/blink2.dir/home/julian/pico/pico-sdk/src/rp2_common/hardware_timer/timer.c.obj
                0x0000000010001798                hardware_alarm_claim
 .text.time_us_64
                0x00000000100017b0       0x18 CMakeFiles/blink2.dir/home/julian/pico/pico-sdk/src/rp2_common/hardware_timer/timer.c.obj
                0x00000000100017b0                time_us_64
 .text.busy_wait_until
                0x00000000100017c8       0x28 CMakeFiles/blink2.dir/home/julian/pico/pico-sdk/src/rp2_common/hardware_timer/timer.c.obj
                0x00000000100017c8                busy_wait_until
 .text.hardware_alarm_set_callback
                0x00000000100017f0       0x90 CMakeFiles/blink2.dir/home/julian/pico/pico-sdk/src/rp2_common/hardware_timer/timer.c.obj
                0x00000000100017f0                hardware_alarm_set_callback
 .text.hardware_alarm_set_target
                0x0000000010001880       0xe8 CMakeFiles/blink2.dir/home/julian/pico/pico-sdk/src/rp2_common/hardware_timer/timer.c.obj
                0x0000000010001880                hardware_alarm_set_target
 .text.hardware_alarm_cancel
                0x0000000010001968       0x40 CMakeFiles/blink2.dir/home/julian/pico/pico-sdk/src/rp2_common/hardware_timer/timer.c.obj
                0x0000000010001968                hardware_alarm_cancel
 .text.ph_add_child_node
                0x00000000100019a8       0xa4 CMakeFiles/blink2.dir/home/julian/pico/pico-sdk/src/common/pico_util/pheap.c.obj
 .text.ph_merge_nodes
                0x0000000010001a4c       0x3e CMakeFiles/blink2.dir/home/julian/pico/pico-sdk/src/common/pico_util/pheap.c.obj
 *fill*         0x0000000010001a8a        0x2 
 .text.ph_clear
                0x0000000010001a8c       0x70 CMakeFiles/blink2.dir/home/julian/pico/pico-sdk/src/common/pico_util/pheap.c.obj
                0x0000000010001a8c                ph_clear
 .text.ph_post_alloc_init
                0x0000000010001afc        0xe CMakeFiles/blink2.dir/home/julian/pico/pico-sdk/src/common/pico_util/pheap.c.obj
                0x0000000010001afc                ph_post_alloc_init
 *fill*         0x0000000010001b0a        0x2 
 .text.ph_merge_two_pass
                0x0000000010001b0c       0xa8 CMakeFiles/blink2.dir/home/julian/pico/pico-sdk/src/common/pico_util/pheap.c.obj
                0x0000000010001b0c                ph_merge_two_pass
 .text.ph_remove_any_head
                0x0000000010001bb4      0x128 CMakeFiles/blink2.dir/home/julian/pico/pico-sdk/src/common/pico_util/pheap.c.obj
 .text.ph_remove_head
                0x0000000010001cdc       0x14 CMakeFiles/blink2.dir/home/julian/pico/pico-sdk/src/common/pico_util/pheap.c.obj
                0x0000000010001cdc                ph_remove_head
 .text.ph_remove_and_free_node
                0x0000000010001cf0       0xf8 CMakeFiles/blink2.dir/home/julian/pico/pico-sdk/src/common/pico_util/pheap.c.obj
                0x0000000010001cf0                ph_remove_and_free_node
 .text.clock_configure
                0x0000000010001de8      0x108 CMakeFiles/blink2.dir/home/julian/pico/pico-sdk/src/rp2_common/hardware_clocks/clocks.c.obj
                0x0000000010001de8                clock_configure
 .text.clocks_init
                0x0000000010001ef0      0x100 CMakeFiles/blink2.dir/home/julian/pico/pico-sdk/src/rp2_common/hardware_clocks/clocks.c.obj
                0x0000000010001ef0                clocks_init
 .text.pll_init
                0x0000000010001ff0      0x120 CMakeFiles/blink2.dir/home/julian/pico/pico-sdk/src/rp2_common/hardware_pll/pll.c.obj
                0x0000000010001ff0                pll_init
 .text.watchdog_start_tick
                0x0000000010002110       0x10 CMakeFiles/blink2.dir/home/julian/pico/pico-sdk/src/rp2_common/hardware_watchdog/watchdog.c.obj
                0x0000000010002110                watchdog_start_tick
 .text.watchdog_update
                0x0000000010002120       0x14 CMakeFiles/blink2.dir/home/julian/pico/pico-sdk/src/rp2_common/hardware_watchdog/watchdog.c.obj
                0x0000000010002120                watchdog_update
 .text._watchdog_enable
                0x0000000010002134       0x78 CMakeFiles/blink2.dir/home/julian/pico/pico-sdk/src/rp2_common/hardware_watchdog/watchdog.c.obj
                0x0000000010002134                _watchdog_enable
 .text.watchdog_reboot
                0x00000000100021ac       0x48 CMakeFiles/blink2.dir/home/julian/pico/pico-sdk/src/rp2_common/hardware_watchdog/watchdog.c.obj
                0x00000000100021ac                watchdog_reboot
 .text.xosc_init
                0x00000000100021f4       0x28 CMakeFiles/blink2.dir/home/julian/pico/pico-sdk/src/rp2_common/hardware_xosc/xosc.c.obj
                0x00000000100021f4                xosc_init
 .text._exit    0x000000001000221c        0x4 CMakeFiles/blink2.dir/home/julian/pico/pico-sdk/src/rp2_common/pico_runtime/runtime.c.obj
                0x000000001000221c                _exit
 .text.exit     0x0000000010002220        0x6 CMakeFiles/blink2.dir/home/julian/pico/pico-sdk/src/rp2_common/pico_runtime/runtime.c.obj
                0x0000000010002220                exit
 *fill*         0x0000000010002226        0x2 
 .text.__assert_func
                0x0000000010002228       0x3c CMakeFiles/blink2.dir/home/julian/pico/pico-sdk/src/rp2_common/pico_runtime/runtime.c.obj
                0x0000000010002228                __assert_func
 .text.runtime_init
                0x0000000010002264       0xf8 CMakeFiles/blink2.dir/home/julian/pico/pico-sdk/src/rp2_common/pico_runtime/runtime.c.obj
                0x0000000010002264                runtime_init
 .text.panic    0x000000001000235c       0x30 CMakeFiles/blink2.dir/home/julian/pico/pico-sdk/src/rp2_common/pico_runtime/runtime.c.obj
                0x000000001000235c                panic
 .text._out_null
                0x000000001000238c        0x2 CMakeFiles/blink2.dir/home/julian/pico/pico-sdk/src/rp2_common/pico_printf/printf.c.obj
 .text._out_fct
                0x000000001000238e        0xe CMakeFiles/blink2.dir/home/julian/pico/pico-sdk/src/rp2_common/pico_printf/printf.c.obj
 .text._atoi    0x000000001000239c       0x24 CMakeFiles/blink2.dir/home/julian/pico/pico-sdk/src/rp2_common/pico_printf/printf.c.obj
 .text._out_rev
                0x00000000100023c0       0xae CMakeFiles/blink2.dir/home/julian/pico/pico-sdk/src/rp2_common/pico_printf/printf.c.obj
 .text._ntoa_format
                0x000000001000246e      0x112 CMakeFiles/blink2.dir/home/julian/pico/pico-sdk/src/rp2_common/pico_printf/printf.c.obj
 .text._ntoa_long
                0x0000000010002580       0xbc CMakeFiles/blink2.dir/home/julian/pico/pico-sdk/src/rp2_common/pico_printf/printf.c.obj
 .text._ntoa_long_long
                0x000000001000263c       0xe2 CMakeFiles/blink2.dir/home/julian/pico/pico-sdk/src/rp2_common/pico_printf/printf.c.obj
 *fill*         0x000000001000271e        0x2 
 .text._etoa    0x0000000010002720      0x414 CMakeFiles/blink2.dir/home/julian/pico/pico-sdk/src/rp2_common/pico_printf/printf.c.obj
 .text._ftoa    0x0000000010002b34      0x354 CMakeFiles/blink2.dir/home/julian/pico/pico-sdk/src/rp2_common/pico_printf/printf.c.obj
 .text._vsnprintf
                0x0000000010002e88      0x624 CMakeFiles/blink2.dir/home/julian/pico/pico-sdk/src/rp2_common/pico_printf/printf.c.obj
 .text.vfctprintf
                0x00000000100034ac       0x20 CMakeFiles/blink2.dir/home/julian/pico/pico-sdk/src/rp2_common/pico_printf/printf.c.obj
                0x00000000100034ac                vfctprintf
 .text          0x00000000100034cc       0x10 CMakeFiles/blink2.dir/home/julian/pico/pico-sdk/src/rp2_common/pico_bit_ops/bit_ops_aeabi.S.obj
 .text.rom_func_lookup
                0x00000000100034dc       0x10 CMakeFiles/blink2.dir/home/julian/pico/pico-sdk/src/rp2_common/pico_bootrom/bootrom.c.obj
                0x00000000100034dc                rom_func_lookup
 .text.rom_data_lookup
                0x00000000100034ec       0x10 CMakeFiles/blink2.dir/home/julian/pico/pico-sdk/src/rp2_common/pico_bootrom/bootrom.c.obj
                0x00000000100034ec                rom_data_lookup
 .text.rom_funcs_lookup
                0x00000000100034fc       0x36 CMakeFiles/blink2.dir/home/julian/pico/pico-sdk/src/rp2_common/pico_bootrom/bootrom.c.obj
                0x00000000100034fc                rom_funcs_lookup
 *fill*         0x0000000010003532        0x2 
 .text.__wrap___aeabi_idiv
                0x0000000010003534       0x50 CMakeFiles/blink2.dir/home/julian/pico/pico-sdk/src/rp2_common/pico_divider/divider.S.obj
                0x0000000010003534                __wrap___aeabi_idivmod
                0x0000000010003534                divmod_s32s32
                0x0000000010003534                div_s32s32
                0x0000000010003534                __wrap___aeabi_idiv
                0x000000001000353c                divmod_s32s32_unsafe
                0x0000000010003568                divmod_s32s32_savestate
 .text.__wrap___aeabi_uidiv
                0x0000000010003584       0x4c CMakeFiles/blink2.dir/home/julian/pico/pico-sdk/src/rp2_common/pico_divider/divider.S.obj
                0x0000000010003584                __wrap___aeabi_uidiv
                0x0000000010003584                __wrap___aeabi_uidivmod
                0x0000000010003584                div_u32u32
                0x0000000010003584                divmod_u32u32
                0x000000001000358c                divmod_u32u32_unsafe
                0x00000000100035b4                divmod_u32u32_savestate
 .text.__wrap___aeabi_ldiv
                0x00000000100035d0      0x424 CMakeFiles/blink2.dir/home/julian/pico/pico-sdk/src/rp2_common/pico_divider/divider.S.obj
                0x00000000100035d0                div_s64s64
                0x00000000100035d0                divmod_s64s64
                0x00000000100035d0                __wrap___aeabi_ldivmod
                0x0000000010003600                div_u64u64
                0x0000000010003600                divmod_u64u64
                0x0000000010003600                __wrap___aeabi_uldivmod
                0x0000000010003610                divmod_u64u64_savestate
                0x0000000010003630                divmod_s64s64_unsafe
                0x00000000100036b8                divmod_u64u64_unsafe
 .text.__wrap___aeabi_darithmetic
                0x00000000100039f4       0x60 CMakeFiles/blink2.dir/home/julian/pico/pico-sdk/src/rp2_common/pico_double/double_aeabi.S.obj
                0x00000000100039f4                __wrap___aeabi_drsub
                0x00000000100039fa                __wrap___aeabi_dsub
                0x0000000010003a04                __wrap___aeabi_dadd
                0x0000000010003a0e                __wrap___aeabi_ddiv
                0x0000000010003a42                __wrap___aeabi_dmul
 .text.__wrap___aeabi_cdcmple
                0x0000000010003a54       0x6c CMakeFiles/blink2.dir/home/julian/pico/pico-sdk/src/rp2_common/pico_double/double_aeabi.S.obj
                0x0000000010003a54                __wrap___aeabi_cdrcmple
                0x0000000010003a64                __wrap___aeabi_cdcmple
                0x0000000010003a64                __wrap___aeabi_cdcmpeq
 .text.__wrap___aeabi_dcmplt
                0x0000000010003ac0        0xc CMakeFiles/blink2.dir/home/julian/pico/pico-sdk/src/rp2_common/pico_double/double_aeabi.S.obj
                0x0000000010003ac0                __wrap___aeabi_dcmplt
 .text.__wrap___aeabi_dcmple
                0x0000000010003acc       0x10 CMakeFiles/blink2.dir/home/julian/pico/pico-sdk/src/rp2_common/pico_double/double_aeabi.S.obj
                0x0000000010003acc                __wrap___aeabi_dcmple
 .text.__wrap___aeabi_dcmpge
                0x0000000010003adc       0x10 CMakeFiles/blink2.dir/home/julian/pico/pico-sdk/src/rp2_common/pico_double/double_aeabi.S.obj
                0x0000000010003adc                __wrap___aeabi_dcmpge
 .text.__wrap___aeabi_dcmpgt
                0x0000000010003aec        0xa CMakeFiles/blink2.dir/home/julian/pico/pico-sdk/src/rp2_common/pico_double/double_aeabi.S.obj
                0x0000000010003aec                __wrap___aeabi_dcmpgt
 .text.__wrap___aeabi_dcmpun
                0x0000000010003af6       0x1c CMakeFiles/blink2.dir/home/julian/pico/pico-sdk/src/rp2_common/pico_double/double_aeabi.S.obj
                0x0000000010003af6                __wrap___aeabi_dcmpun
 *fill*         0x0000000010003b12        0x2 
 .text.__wrap___aeabi_i2d
                0x0000000010003b14       0x38 CMakeFiles/blink2.dir/home/julian/pico/pico-sdk/src/rp2_common/pico_double/double_aeabi.S.obj
                0x0000000010003b14                __wrap___aeabi_ui2d
                0x0000000010003b1c                __wrap___aeabi_i2d
 .text.__wrap___aeabi_d2iz
                0x0000000010003b4c       0x48 CMakeFiles/blink2.dir/home/julian/pico/pico-sdk/src/rp2_common/pico_double/double_aeabi.S.obj
                0x0000000010003b4c                __wrap___aeabi_d2iz
                0x0000000010003b4c                double2int_z
 .text.__wrap___aeabi_d2uiz
                0x0000000010003b94       0x10 CMakeFiles/blink2.dir/home/julian/pico/pico-sdk/src/rp2_common/pico_double/double_aeabi.S.obj
                0x0000000010003b94                double2uint
                0x0000000010003b94                __wrap___aeabi_d2uiz
 .text.missing_double_func_shim
                0x0000000010003ba4        0xc CMakeFiles/blink2.dir/home/julian/pico/pico-sdk/src/rp2_common/pico_double/double_init_rom.c.obj
 .text.__aeabi_double_init
                0x0000000010003bb0       0xcc CMakeFiles/blink2.dir/home/julian/pico/pico-sdk/src/rp2_common/pico_double/double_init_rom.c.obj
                0x0000000010003bb0                __aeabi_double_init
 .text.double_table_shim_on_use_helper
                0x0000000010003c7c       0x34 CMakeFiles/blink2.dir/home/julian/pico/pico-sdk/src/rp2_common/pico_double/double_v1_rom_shim.S.obj
                0x0000000010003c7c                double_table_shim_on_use_helper
 .text.__aeabi_lmul
                0x0000000010003cb0       0x32 CMakeFiles/blink2.dir/home/julian/pico/pico-sdk/src/rp2_common/pico_int64_ops/pico_int64_ops_aeabi.S.obj
                0x0000000010003cb0                __wrap___aeabi_lmul
 *fill*         0x0000000010003ce2        0x2 
 .text.missing_float_func_shim
                0x0000000010003ce4        0xc CMakeFiles/blink2.dir/home/julian/pico/pico-sdk/src/rp2_common/pico_float/float_init_rom.c.obj
 .text.__aeabi_float_init
                0x0000000010003cf0       0x88 CMakeFiles/blink2.dir/home/julian/pico/pico-sdk/src/rp2_common/pico_float/float_init_rom.c.obj
                0x0000000010003cf0                __aeabi_float_init
 .text          0x0000000010003d78       0x10 CMakeFiles/blink2.dir/home/julian/pico/pico-sdk/src/rp2_common/pico_mem_ops/mem_ops_aeabi.S.obj
                0x0000000010003d78                __aeabi_mem_init
 .text.memset   0x0000000010003d88        0xc CMakeFiles/blink2.dir/home/julian/pico/pico-sdk/src/rp2_common/pico_mem_ops/mem_ops_aeabi.S.obj
                0x0000000010003d88                __wrap_memset
 .text.memcpy   0x0000000010003d94        0xc CMakeFiles/blink2.dir/home/julian/pico/pico-sdk/src/rp2_common/pico_mem_ops/mem_ops_aeabi.S.obj
                0x0000000010003d94                __wrap___aeabi_memcpy
                0x0000000010003d94                __wrap_memcpy
 .text.stdio_out_chars_no_crlf
                0x0000000010003da0        0xe CMakeFiles/blink2.dir/home/julian/pico/pico-sdk/src/rp2_common/pico_stdio/stdio.c.obj
 *fill*         0x0000000010003dae        0x2 
 .text.stdio_out_chars_crlf
                0x0000000010003db0       0x80 CMakeFiles/blink2.dir/home/julian/pico/pico-sdk/src/rp2_common/pico_stdio/stdio.c.obj
 .text.stdio_stack_buffer_flush
                0x0000000010003e30       0x44 CMakeFiles/blink2.dir/home/julian/pico/pico-sdk/src/rp2_common/pico_stdio/stdio.c.obj
 .text.stdio_buffered_printer
                0x0000000010003e74       0x20 CMakeFiles/blink2.dir/home/julian/pico/pico-sdk/src/rp2_common/pico_stdio/stdio.c.obj
 .text.stdout_serialize_begin
                0x0000000010003e94       0x5c CMakeFiles/blink2.dir/home/julian/pico/pico-sdk/src/rp2_common/pico_stdio/stdio.c.obj
                0x0000000010003e94                stdout_serialize_begin
 .text.stdout_serialize_end
                0x0000000010003ef0       0x10 CMakeFiles/blink2.dir/home/julian/pico/pico-sdk/src/rp2_common/pico_stdio/stdio.c.obj
                0x0000000010003ef0                stdout_serialize_end
 .text.stdio_put_string
                0x0000000010003f00       0x98 CMakeFiles/blink2.dir/home/julian/pico/pico-sdk/src/rp2_common/pico_stdio/stdio.c.obj
 .text.stdio_set_driver_enabled
                0x0000000010003f98       0x2c CMakeFiles/blink2.dir/home/julian/pico/pico-sdk/src/rp2_common/pico_stdio/stdio.c.obj
                0x0000000010003f98                stdio_set_driver_enabled
 .text.stdio_flush
                0x0000000010003fc4       0x20 CMakeFiles/blink2.dir/home/julian/pico/pico-sdk/src/rp2_common/pico_stdio/stdio.c.obj
                0x0000000010003fc4                stdio_flush
 .text.__wrap_puts
                0x0000000010003fe4       0x1e CMakeFiles/blink2.dir/home/julian/pico/pico-sdk/src/rp2_common/pico_stdio/stdio.c.obj
                0x0000000010003fe4                __wrap_puts
 *fill*         0x0000000010004002        0x2 
 .text.__wrap_vprintf
                0x0000000010004004       0x40 CMakeFiles/blink2.dir/home/julian/pico/pico-sdk/src/rp2_common/pico_stdio/stdio.c.obj
                0x0000000010004004                __wrap_vprintf
 .text.__wrap_printf
                0x0000000010004044       0x18 CMakeFiles/blink2.dir/home/julian/pico/pico-sdk/src/rp2_common/pico_stdio/stdio.c.obj
                0x0000000010004044                __wrap_printf
 .text.stdio_init_all
                0x000000001000405c        0x8 CMakeFiles/blink2.dir/home/julian/pico/pico-sdk/src/rp2_common/pico_stdio/stdio.c.obj
                0x000000001000405c                stdio_init_all
 .text.resetd_init
                0x0000000010004064        0x2 CMakeFiles/blink2.dir/home/julian/pico/pico-sdk/src/rp2_common/pico_stdio_usb/reset_interface.c.obj
 *fill*         0x0000000010004066        0x2 
 .text.resetd_reset
                0x0000000010004068        0xc CMakeFiles/blink2.dir/home/julian/pico/pico-sdk/src/rp2_common/pico_stdio_usb/reset_interface.c.obj
 .text.resetd_open
                0x0000000010004074       0x34 CMakeFiles/blink2.dir/home/julian/pico/pico-sdk/src/rp2_common/pico_stdio_usb/reset_interface.c.obj
 .text.resetd_xfer_cb
                0x00000000100040a8        0x4 CMakeFiles/blink2.dir/home/julian/pico/pico-sdk/src/rp2_common/pico_stdio_usb/reset_interface.c.obj
 .text.reset_usb_boot
                0x00000000100040ac       0x18 CMakeFiles/blink2.dir/home/julian/pico/pico-sdk/src/rp2_common/pico_stdio_usb/reset_interface.c.obj
 .text.resetd_control_xfer_cb
                0x00000000100040c4       0x5c CMakeFiles/blink2.dir/home/julian/pico/pico-sdk/src/rp2_common/pico_stdio_usb/reset_interface.c.obj
 .text.usbd_app_driver_get_cb
                0x0000000010004120        0xc CMakeFiles/blink2.dir/home/julian/pico/pico-sdk/src/rp2_common/pico_stdio_usb/reset_interface.c.obj
                0x0000000010004120                usbd_app_driver_get_cb
 .text.tud_cdc_line_coding_cb
                0x000000001000412c       0x28 CMakeFiles/blink2.dir/home/julian/pico/pico-sdk/src/rp2_common/pico_stdio_usb/reset_interface.c.obj
                0x000000001000412c                tud_cdc_line_coding_cb
 .text.stdio_usb_set_chars_available_callback
                0x0000000010004154       0x14 CMakeFiles/blink2.dir/home/julian/pico/pico-sdk/src/rp2_common/pico_stdio_usb/stdio_usb.c.obj
                0x0000000010004154                stdio_usb_set_chars_available_callback
 .text.usb_irq  0x0000000010004168       0x10 CMakeFiles/blink2.dir/home/julian/pico/pico-sdk/src/rp2_common/pico_stdio_usb/stdio_usb.c.obj
 .text.timer_task
                0x0000000010004178       0x5c CMakeFiles/blink2.dir/home/julian/pico/pico-sdk/src/rp2_common/pico_stdio_usb/stdio_usb.c.obj
 .text.low_priority_worker_irq
                0x00000000100041d4       0xdc CMakeFiles/blink2.dir/home/julian/pico/pico-sdk/src/rp2_common/pico_stdio_usb/stdio_usb.c.obj
 .text.tud_cdc_rx_cb
                0x00000000100042b0       0x20 CMakeFiles/blink2.dir/home/julian/pico/pico-sdk/src/rp2_common/pico_stdio_usb/stdio_usb.c.obj
                0x00000000100042b0                tud_cdc_rx_cb
 .text.stdio_usb_init
                0x00000000100042d0      0x11c CMakeFiles/blink2.dir/home/julian/pico/pico-sdk/src/rp2_common/pico_stdio_usb/stdio_usb.c.obj
                0x00000000100042d0                stdio_usb_init
 .text.stdio_usb_connected
                0x00000000100043ec        0xa CMakeFiles/blink2.dir/home/julian/pico/pico-sdk/src/rp2_common/pico_stdio_usb/stdio_usb.c.obj
                0x00000000100043ec                stdio_usb_connected
 *fill*         0x00000000100043f6        0x2 
 .text.stdio_usb_in_chars
                0x00000000100043f8       0xc4 CMakeFiles/blink2.dir/home/julian/pico/pico-sdk/src/rp2_common/pico_stdio_usb/stdio_usb.c.obj
                0x00000000100043f8                stdio_usb_in_chars
 .text.stdio_usb_out_chars
                0x00000000100044bc      0x114 CMakeFiles/blink2.dir/home/julian/pico/pico-sdk/src/rp2_common/pico_stdio_usb/stdio_usb.c.obj
 .text.tud_descriptor_device_cb
                0x00000000100045d0        0x8 CMakeFiles/blink2.dir/home/julian/pico/pico-sdk/src/rp2_common/pico_stdio_usb/stdio_usb_descriptors.c.obj
                0x00000000100045d0                tud_descriptor_device_cb
 .text.tud_descriptor_configuration_cb
                0x00000000100045d8        0x8 CMakeFiles/blink2.dir/home/julian/pico/pico-sdk/src/rp2_common/pico_stdio_usb/stdio_usb_descriptors.c.obj
                0x00000000100045d8                tud_descriptor_configuration_cb
 .text.tud_descriptor_string_cb
                0x00000000100045e0       0x6c CMakeFiles/blink2.dir/home/julian/pico/pico-sdk/src/rp2_common/pico_stdio_usb/stdio_usb_descriptors.c.obj
                0x00000000100045e0                tud_descriptor_string_cb
 .text._retrieve_unique_id_on_boot
                0x000000001000464c       0x10 CMakeFiles/blink2.dir/home/julian/pico/pico-sdk/src/rp2_common/pico_unique_id/unique_id.c.obj
 .text.pico_get_unique_board_id_string
                0x000000001000465c       0x60 CMakeFiles/blink2.dir/home/julian/pico/pico-sdk/src/rp2_common/pico_unique_id/unique_id.c.obj
                0x000000001000465c                pico_get_unique_board_id_string
 .text.flash_get_unique_id
                0x00000000100046bc       0x46 CMakeFiles/blink2.dir/home/julian/pico/pico-sdk/src/rp2_common/hardware_flash/flash.c.obj
                0x00000000100046bc                flash_get_unique_id
 *fill*         0x0000000010004702        0x2 
 .text.hw_endpoint_get_by_addr
                0x0000000010004704       0x18 CMakeFiles/blink2.dir/home/julian/pico/pico-sdk/lib/tinyusb/src/portable/raspberrypi/rp2040/dcd_rp2040.c.obj
 .text._hw_endpoint_alloc
                0x000000001000471c       0x70 CMakeFiles/blink2.dir/home/julian/pico/pico-sdk/lib/tinyusb/src/portable/raspberrypi/rp2040/dcd_rp2040.c.obj
 .text.hw_endpoint_init
                0x000000001000478c       0x88 CMakeFiles/blink2.dir/home/julian/pico/pico-sdk/lib/tinyusb/src/portable/raspberrypi/rp2040/dcd_rp2040.c.obj
 .text.hw_endpoint_xfer
                0x0000000010004814       0x14 CMakeFiles/blink2.dir/home/julian/pico/pico-sdk/lib/tinyusb/src/portable/raspberrypi/rp2040/dcd_rp2040.c.obj
 .text.dcd_int_enable
                0x0000000010004828       0x2c CMakeFiles/blink2.dir/home/julian/pico/pico-sdk/lib/tinyusb/src/portable/raspberrypi/rp2040/dcd_rp2040.c.obj
                0x0000000010004828                dcd_int_enable
 .text.dcd_set_address
                0x0000000010004854       0x2c CMakeFiles/blink2.dir/home/julian/pico/pico-sdk/lib/tinyusb/src/portable/raspberrypi/rp2040/dcd_rp2040.c.obj
                0x0000000010004854                dcd_set_address
 .text.dcd_connect
                0x0000000010004880       0x10 CMakeFiles/blink2.dir/home/julian/pico/pico-sdk/lib/tinyusb/src/portable/raspberrypi/rp2040/dcd_rp2040.c.obj
                0x0000000010004880                dcd_connect
 .text.dcd_init
                0x0000000010004890       0x80 CMakeFiles/blink2.dir/home/julian/pico/pico-sdk/lib/tinyusb/src/portable/raspberrypi/rp2040/dcd_rp2040.c.obj
                0x0000000010004890                dcd_init
 .text.dcd_edpt0_status_complete
                0x0000000010004910       0x1c CMakeFiles/blink2.dir/home/julian/pico/pico-sdk/lib/tinyusb/src/portable/raspberrypi/rp2040/dcd_rp2040.c.obj
                0x0000000010004910                dcd_edpt0_status_complete
 .text.dcd_edpt_open
                0x000000001000492c       0x40 CMakeFiles/blink2.dir/home/julian/pico/pico-sdk/lib/tinyusb/src/portable/raspberrypi/rp2040/dcd_rp2040.c.obj
                0x000000001000492c                dcd_edpt_open
 .text.dcd_edpt_close_all
                0x000000001000496c        0x8 CMakeFiles/blink2.dir/home/julian/pico/pico-sdk/lib/tinyusb/src/portable/raspberrypi/rp2040/dcd_rp2040.c.obj
                0x000000001000496c                dcd_edpt_close_all
 .text.dcd_edpt_xfer
                0x0000000010004974       0x34 CMakeFiles/blink2.dir/home/julian/pico/pico-sdk/lib/tinyusb/src/portable/raspberrypi/rp2040/dcd_rp2040.c.obj
                0x0000000010004974                dcd_edpt_xfer
 .text.dcd_edpt_stall
                0x00000000100049a8       0x2c CMakeFiles/blink2.dir/home/julian/pico/pico-sdk/lib/tinyusb/src/portable/raspberrypi/rp2040/dcd_rp2040.c.obj
                0x00000000100049a8                dcd_edpt_stall
 .text.dcd_edpt_clear_stall
                0x00000000100049d4       0x20 CMakeFiles/blink2.dir/home/julian/pico/pico-sdk/lib/tinyusb/src/portable/raspberrypi/rp2040/dcd_rp2040.c.obj
                0x00000000100049d4                dcd_edpt_clear_stall
 .text.rp2040_usb_init
                0x00000000100049f4       0x4c CMakeFiles/blink2.dir/home/julian/pico/pico-sdk/lib/tinyusb/src/portable/raspberrypi/rp2040/rp2040_usb.c.obj
                0x00000000100049f4                rp2040_usb_init
 .text.hw_endpoint_xfer_start
                0x0000000010004a40       0x50 CMakeFiles/blink2.dir/home/julian/pico/pico-sdk/lib/tinyusb/src/portable/raspberrypi/rp2040/rp2040_usb.c.obj
                0x0000000010004a40                hw_endpoint_xfer_start
 .text.configuration_reset
                0x0000000010004a90       0x84 CMakeFiles/blink2.dir/home/julian/pico/pico-sdk/lib/tinyusb/src/device/usbd.c.obj
 .text.usbd_reset
                0x0000000010004b14        0xc CMakeFiles/blink2.dir/home/julian/pico/pico-sdk/lib/tinyusb/src/device/usbd.c.obj
 .text.invoke_class_control
                0x0000000010004b20       0x1a CMakeFiles/blink2.dir/home/julian/pico/pico-sdk/lib/tinyusb/src/device/usbd.c.obj
 *fill*         0x0000000010004b3a        0x2 
 .text.process_set_config
                0x0000000010004b3c      0x178 CMakeFiles/blink2.dir/home/julian/pico/pico-sdk/lib/tinyusb/src/device/usbd.c.obj
 .text.process_get_descriptor
                0x0000000010004cb4       0xdc CMakeFiles/blink2.dir/home/julian/pico/pico-sdk/lib/tinyusb/src/device/usbd.c.obj
 .text.tud_mounted
                0x0000000010004d90       0x10 CMakeFiles/blink2.dir/home/julian/pico/pico-sdk/lib/tinyusb/src/device/usbd.c.obj
                0x0000000010004d90                tud_mounted
 .text.tud_suspended
                0x0000000010004da0       0x10 CMakeFiles/blink2.dir/home/julian/pico/pico-sdk/lib/tinyusb/src/device/usbd.c.obj
                0x0000000010004da0                tud_suspended
 .text.tud_inited
                0x0000000010004db0       0x14 CMakeFiles/blink2.dir/home/julian/pico/pico-sdk/lib/tinyusb/src/device/usbd.c.obj
                0x0000000010004db0                tud_inited
 .text.tud_init
                0x0000000010004dc4       0xcc CMakeFiles/blink2.dir/home/julian/pico/pico-sdk/lib/tinyusb/src/device/usbd.c.obj
                0x0000000010004dc4                tud_init
 .text.usbd_defer_func
                0x0000000010004e90       0x2a CMakeFiles/blink2.dir/home/julian/pico/pico-sdk/lib/tinyusb/src/device/usbd.c.obj
                0x0000000010004e90                usbd_defer_func
 *fill*         0x0000000010004eba        0x2 
 .text.usbd_edpt_open
                0x0000000010004ebc       0x34 CMakeFiles/blink2.dir/home/julian/pico/pico-sdk/lib/tinyusb/src/device/usbd.c.obj
                0x0000000010004ebc                usbd_edpt_open
 .text.usbd_open_edpt_pair
                0x0000000010004ef0       0x62 CMakeFiles/blink2.dir/home/julian/pico/pico-sdk/lib/tinyusb/src/device/usbd.c.obj
                0x0000000010004ef0                usbd_open_edpt_pair
 *fill*         0x0000000010004f52        0x2 
 .text.usbd_edpt_claim
                0x0000000010004f54       0x28 CMakeFiles/blink2.dir/home/julian/pico/pico-sdk/lib/tinyusb/src/device/usbd.c.obj
                0x0000000010004f54                usbd_edpt_claim
 .text.usbd_edpt_release
                0x0000000010004f7c       0x28 CMakeFiles/blink2.dir/home/julian/pico/pico-sdk/lib/tinyusb/src/device/usbd.c.obj
                0x0000000010004f7c                usbd_edpt_release
 .text.usbd_edpt_xfer
                0x0000000010004fa4       0x78 CMakeFiles/blink2.dir/home/julian/pico/pico-sdk/lib/tinyusb/src/device/usbd.c.obj
                0x0000000010004fa4                usbd_edpt_xfer
 .text.usbd_edpt_stall
                0x000000001000501c       0x48 CMakeFiles/blink2.dir/home/julian/pico/pico-sdk/lib/tinyusb/src/device/usbd.c.obj
                0x000000001000501c                usbd_edpt_stall
 .text.usbd_edpt_clear_stall
                0x0000000010005064       0x48 CMakeFiles/blink2.dir/home/julian/pico/pico-sdk/lib/tinyusb/src/device/usbd.c.obj
                0x0000000010005064                usbd_edpt_clear_stall
 .text.usbd_edpt_stalled
                0x00000000100050ac       0x1c CMakeFiles/blink2.dir/home/julian/pico/pico-sdk/lib/tinyusb/src/device/usbd.c.obj
                0x00000000100050ac                usbd_edpt_stalled
 .text.process_control_request
                0x00000000100050c8      0x37c CMakeFiles/blink2.dir/home/julian/pico/pico-sdk/lib/tinyusb/src/device/usbd.c.obj
 .text.tud_task_ext
                0x0000000010005444      0x1b8 CMakeFiles/blink2.dir/home/julian/pico/pico-sdk/lib/tinyusb/src/device/usbd.c.obj
                0x0000000010005444                tud_task_ext
 .text._data_stage_xact
                0x00000000100055fc       0x58 CMakeFiles/blink2.dir/home/julian/pico/pico-sdk/lib/tinyusb/src/device/usbd_control.c.obj
 .text.tud_control_status
                0x0000000010005654       0x38 CMakeFiles/blink2.dir/home/julian/pico/pico-sdk/lib/tinyusb/src/device/usbd_control.c.obj
                0x0000000010005654                tud_control_status
 .text.tud_control_xfer
                0x000000001000568c       0x74 CMakeFiles/blink2.dir/home/julian/pico/pico-sdk/lib/tinyusb/src/device/usbd_control.c.obj
                0x000000001000568c                tud_control_xfer
 .text.usbd_control_reset
                0x0000000010005700       0x14 CMakeFiles/blink2.dir/home/julian/pico/pico-sdk/lib/tinyusb/src/device/usbd_control.c.obj
                0x0000000010005700                usbd_control_reset
 .text.usbd_control_set_complete_callback
                0x0000000010005714        0xc CMakeFiles/blink2.dir/home/julian/pico/pico-sdk/lib/tinyusb/src/device/usbd_control.c.obj
                0x0000000010005714                usbd_control_set_complete_callback
 .text.usbd_control_set_request
                0x0000000010005720       0x1c CMakeFiles/blink2.dir/home/julian/pico/pico-sdk/lib/tinyusb/src/device/usbd_control.c.obj
                0x0000000010005720                usbd_control_set_request
 .text.usbd_control_xfer_cb
                0x000000001000573c       0xcc CMakeFiles/blink2.dir/home/julian/pico/pico-sdk/lib/tinyusb/src/device/usbd_control.c.obj
                0x000000001000573c                usbd_control_xfer_cb
 .text._prep_out_transaction
                0x0000000010005808       0x4a CMakeFiles/blink2.dir/home/julian/pico/pico-sdk/lib/tinyusb/src/class/cdc/cdc_device.c.obj
 *fill*         0x0000000010005852        0x2 
 .text.tud_cdc_n_connected
                0x0000000010005854       0x44 CMakeFiles/blink2.dir/home/julian/pico/pico-sdk/lib/tinyusb/src/class/cdc/cdc_device.c.obj
                0x0000000010005854                tud_cdc_n_connected
 .text.tud_cdc_n_available
                0x0000000010005898       0x18 CMakeFiles/blink2.dir/home/julian/pico/pico-sdk/lib/tinyusb/src/class/cdc/cdc_device.c.obj
                0x0000000010005898                tud_cdc_n_available
 .text.tud_cdc_n_read
                0x00000000100058b0       0x28 CMakeFiles/blink2.dir/home/julian/pico/pico-sdk/lib/tinyusb/src/class/cdc/cdc_device.c.obj
                0x00000000100058b0                tud_cdc_n_read
 .text.tud_cdc_n_write_flush
                0x00000000100058d8       0xb8 CMakeFiles/blink2.dir/home/julian/pico/pico-sdk/lib/tinyusb/src/class/cdc/cdc_device.c.obj
                0x00000000100058d8                tud_cdc_n_write_flush
 .text.tud_cdc_n_write
                0x0000000010005990       0x38 CMakeFiles/blink2.dir/home/julian/pico/pico-sdk/lib/tinyusb/src/class/cdc/cdc_device.c.obj
                0x0000000010005990                tud_cdc_n_write
 .text.tud_cdc_n_write_available
                0x00000000100059c8       0x1c CMakeFiles/blink2.dir/home/julian/pico/pico-sdk/lib/tinyusb/src/class/cdc/cdc_device.c.obj
                0x00000000100059c8                tud_cdc_n_write_available
 .text.cdcd_init
                0x00000000100059e4       0xbc CMakeFiles/blink2.dir/home/julian/pico/pico-sdk/lib/tinyusb/src/class/cdc/cdc_device.c.obj
                0x00000000100059e4                cdcd_init
 .text.cdcd_reset
                0x0000000010005aa0       0x44 CMakeFiles/blink2.dir/home/julian/pico/pico-sdk/lib/tinyusb/src/class/cdc/cdc_device.c.obj
                0x0000000010005aa0                cdcd_reset
 .text.cdcd_open
                0x0000000010005ae4       0xcc CMakeFiles/blink2.dir/home/julian/pico/pico-sdk/lib/tinyusb/src/class/cdc/cdc_device.c.obj
                0x0000000010005ae4                cdcd_open
 .text.cdcd_control_xfer_cb
                0x0000000010005bb0      0x134 CMakeFiles/blink2.dir/home/julian/pico/pico-sdk/lib/tinyusb/src/class/cdc/cdc_device.c.obj
                0x0000000010005bb0                cdcd_control_xfer_cb
 .text.cdcd_xfer_cb
                0x0000000010005ce4      0x130 CMakeFiles/blink2.dir/home/julian/pico/pico-sdk/lib/tinyusb/src/class/cdc/cdc_device.c.obj
                0x0000000010005ce4                cdcd_xfer_cb
 .text.tusb_init
                0x0000000010005e14        0xa CMakeFiles/blink2.dir/home/julian/pico/pico-sdk/lib/tinyusb/src/tusb.c.obj
                0x0000000010005e14                tusb_init
 .text.tusb_inited
                0x0000000010005e1e        0xe CMakeFiles/blink2.dir/home/julian/pico/pico-sdk/lib/tinyusb/src/tusb.c.obj
                0x0000000010005e1e                tusb_inited
 .text.tu_edpt_claim
                0x0000000010005e2c       0x50 CMakeFiles/blink2.dir/home/julian/pico/pico-sdk/lib/tinyusb/src/tusb.c.obj
                0x0000000010005e2c                tu_edpt_claim
 .text.tu_edpt_release
                0x0000000010005e7c       0x3c CMakeFiles/blink2.dir/home/julian/pico/pico-sdk/lib/tinyusb/src/tusb.c.obj
                0x0000000010005e7c                tu_edpt_release
 .text.tu_edpt_validate
                0x0000000010005eb8       0x78 CMakeFiles/blink2.dir/home/julian/pico/pico-sdk/lib/tinyusb/src/tusb.c.obj
                0x0000000010005eb8                tu_edpt_validate
 .text.tu_edpt_bind_driver
                0x0000000010005f30       0x26 CMakeFiles/blink2.dir/home/julian/pico/pico-sdk/lib/tinyusb/src/tusb.c.obj
                0x0000000010005f30                tu_edpt_bind_driver
 .text.advance_index
                0x0000000010005f56       0x1a CMakeFiles/blink2.dir/home/julian/pico/pico-sdk/lib/tinyusb/src/common/tusb_fifo.c.obj
 .text._tu_fifo_peek
                0x0000000010005f70       0x56 CMakeFiles/blink2.dir/home/julian/pico/pico-sdk/lib/tinyusb/src/common/tusb_fifo.c.obj
 .text._ff_pull_const_addr
                0x0000000010005fc6       0x4c CMakeFiles/blink2.dir/home/julian/pico/pico-sdk/lib/tinyusb/src/common/tusb_fifo.c.obj
 .text._ff_pull_n
                0x0000000010006012      0x110 CMakeFiles/blink2.dir/home/julian/pico/pico-sdk/lib/tinyusb/src/common/tusb_fifo.c.obj
 .text._tu_fifo_peek_n
                0x0000000010006122       0x6a CMakeFiles/blink2.dir/home/julian/pico/pico-sdk/lib/tinyusb/src/common/tusb_fifo.c.obj
 .text._tu_fifo_read_n
                0x000000001000618c       0x4e CMakeFiles/blink2.dir/home/julian/pico/pico-sdk/lib/tinyusb/src/common/tusb_fifo.c.obj
 .text._ff_push_const_addr
                0x00000000100061da       0x40 CMakeFiles/blink2.dir/home/julian/pico/pico-sdk/lib/tinyusb/src/common/tusb_fifo.c.obj
 .text._ff_push_n
                0x000000001000621a      0x10c CMakeFiles/blink2.dir/home/julian/pico/pico-sdk/lib/tinyusb/src/common/tusb_fifo.c.obj
 .text._tu_fifo_write_n
                0x0000000010006326       0xf0 CMakeFiles/blink2.dir/home/julian/pico/pico-sdk/lib/tinyusb/src/common/tusb_fifo.c.obj
 .text.tu_fifo_config
                0x0000000010006416       0x7c CMakeFiles/blink2.dir/home/julian/pico/pico-sdk/lib/tinyusb/src/common/tusb_fifo.c.obj
                0x0000000010006416                tu_fifo_config
 .text.tu_fifo_count
                0x0000000010006492       0x2a CMakeFiles/blink2.dir/home/julian/pico/pico-sdk/lib/tinyusb/src/common/tusb_fifo.c.obj
                0x0000000010006492                tu_fifo_count
 .text.tu_fifo_empty
                0x00000000100064bc       0x10 CMakeFiles/blink2.dir/home/julian/pico/pico-sdk/lib/tinyusb/src/common/tusb_fifo.c.obj
                0x00000000100064bc                tu_fifo_empty
 .text.tu_fifo_full
                0x00000000100064cc       0x28 CMakeFiles/blink2.dir/home/julian/pico/pico-sdk/lib/tinyusb/src/common/tusb_fifo.c.obj
                0x00000000100064cc                tu_fifo_full
 .text.tu_fifo_remaining
                0x00000000100064f4       0x2c CMakeFiles/blink2.dir/home/julian/pico/pico-sdk/lib/tinyusb/src/common/tusb_fifo.c.obj
                0x00000000100064f4                tu_fifo_remaining
 .text.tu_fifo_read
                0x0000000010006520       0x42 CMakeFiles/blink2.dir/home/julian/pico/pico-sdk/lib/tinyusb/src/common/tusb_fifo.c.obj
                0x0000000010006520                tu_fifo_read
 .text.tu_fifo_read_n
                0x0000000010006562        0xa CMakeFiles/blink2.dir/home/julian/pico/pico-sdk/lib/tinyusb/src/common/tusb_fifo.c.obj
                0x0000000010006562                tu_fifo_read_n
 .text.tu_fifo_write
                0x000000001000656c       0x64 CMakeFiles/blink2.dir/home/julian/pico/pico-sdk/lib/tinyusb/src/common/tusb_fifo.c.obj
                0x000000001000656c                tu_fifo_write
 .text.tu_fifo_write_n
                0x00000000100065d0        0xa CMakeFiles/blink2.dir/home/julian/pico/pico-sdk/lib/tinyusb/src/common/tusb_fifo.c.obj
                0x00000000100065d0                tu_fifo_write_n
 .text.tu_fifo_clear
                0x00000000100065da       0x3e CMakeFiles/blink2.dir/home/julian/pico/pico-sdk/lib/tinyusb/src/common/tusb_fifo.c.obj
                0x00000000100065da                tu_fifo_clear
 .text.tu_fifo_set_overwritable
                0x0000000010006618       0x46 CMakeFiles/blink2.dir/home/julian/pico/pico-sdk/lib/tinyusb/src/common/tusb_fifo.c.obj
                0x0000000010006618                tu_fifo_set_overwritable
 *fill*         0x000000001000665e        0x2 
 .text          0x0000000010006660       0x5c /usr/lib/gcc/arm-none-eabi/10.3.1/../../../arm-none-eabi/lib/thumb/v6-m/nofp/libg.a(lib_a-strlen-stub.o)
                0x0000000010006660                strlen
 *(.fini)
 .fini          0x00000000100066bc        0x4 /usr/lib/gcc/arm-none-eabi/10.3.1/thumb/v6-m/nofp/crti.o
                0x00000000100066bc                _fini
 .fini.__stub   0x00000000100066c0       0xe0 linker stubs
 *crtbegin.o(.ctors)
 *crtbegin?.o(.ctors)
 *(EXCLUDE_FILE(*crtend.o *crtend?.o) .ctors)
 *(SORT_BY_NAME(.ctors.*))
 *(.ctors)
 *crtbegin.o(.dtors)
 *crtbegin?.o(.dtors)
 *(EXCLUDE_FILE(*crtend.o *crtend?.o) .dtors)
 *(SORT_BY_NAME(.dtors.*))
 *(.dtors)
 *(.eh_frame*)
 .eh_frame      0x00000000100067a0        0x0 /usr/lib/gcc/arm-none-eabi/10.3.1/thumb/v6-m/nofp/crtbegin.o
                0x00000000100067a0                . = ALIGN (0x4)

.glue_7         0x00000000100067a0        0x0
 .glue_7        0x00000000100067a0        0x0 linker stubs

.glue_7t        0x00000000100067a0        0x0
 .glue_7t       0x00000000100067a0        0x0 linker stubs

.vfp11_veneer   0x00000000100067a0        0x0
 .vfp11_veneer  0x00000000100067a0        0x0 linker stubs

.v4_bx          0x00000000100067a0        0x0
 .v4_bx         0x00000000100067a0        0x0 linker stubs

.iplt           0x00000000100067a0        0x0
 .iplt          0x00000000100067a0        0x0 /usr/lib/gcc/arm-none-eabi/10.3.1/thumb/v6-m/nofp/crtbegin.o

.rodata         0x00000000100067a0     0x1578
 *(EXCLUDE_FILE(*libm.a: *libc.a:*lib_a-mem*.o *libgcc.a:) .rodata*)
 .rodata.main.str1.4
                0x00000000100067a0        0xe CMakeFiles/blink2.dir/blink2.c.obj
 *fill*         0x00000000100067ae        0x2 
 .rodata.spin_lock_claim_unused.str1.4
                0x00000000100067b0       0x1b CMakeFiles/blink2.dir/home/julian/pico/pico-sdk/src/rp2_common/hardware_sync/sync.c.obj
 *fill*         0x00000000100067cb        0x1 
 .rodata.make_branch.str1.4
                0x00000000100067cc       0x6d CMakeFiles/blink2.dir/home/julian/pico/pico-sdk/src/rp2_common/hardware_irq/irq.c.obj
 *fill*         0x0000000010006839        0x3 
 .rodata.insert_branch_and_link.str1.4
                0x000000001000683c       0x10 CMakeFiles/blink2.dir/home/julian/pico/pico-sdk/src/rp2_common/hardware_irq/irq.c.obj
 .rodata.irq_set_exclusive_handler.str1.4
                0x000000001000684c       0x36 CMakeFiles/blink2.dir/home/julian/pico/pico-sdk/src/rp2_common/hardware_irq/irq.c.obj
 *fill*         0x0000000010006882        0x2 
 .rodata.irq_add_shared_handler.str1.4
                0x0000000010006884       0xd9 CMakeFiles/blink2.dir/home/julian/pico/pico-sdk/src/rp2_common/hardware_irq/irq.c.obj
 *fill*         0x000000001000695d        0x3 
 .rodata.irq_remove_handler.str1.4
                0x0000000010006960       0x3a CMakeFiles/blink2.dir/home/julian/pico/pico-sdk/src/rp2_common/hardware_irq/irq.c.obj
 *fill*         0x000000001000699a        0x2 
 .rodata.irq_add_tail_to_free_list.str1.4
                0x000000001000699c       0x3a CMakeFiles/blink2.dir/home/julian/pico/pico-sdk/src/rp2_common/hardware_irq/irq.c.obj
 *fill*         0x00000000100069d6        0x2 
 .rodata.user_irq_claim_unused.str1.4
                0x00000000100069d8       0x1b CMakeFiles/blink2.dir/home/julian/pico/pico-sdk/src/rp2_common/hardware_irq/irq.c.obj
 *fill*         0x00000000100069f3        0x1 
 .rodata.__func__.0
                0x00000000100069f4       0x1a CMakeFiles/blink2.dir/home/julian/pico/pico-sdk/src/rp2_common/hardware_irq/irq.c.obj
 *fill*         0x0000000010006a0e        0x2 
 .rodata.__func__.1
                0x0000000010006a10       0x17 CMakeFiles/blink2.dir/home/julian/pico/pico-sdk/src/rp2_common/hardware_irq/irq.c.obj
 *fill*         0x0000000010006a27        0x1 
 .rodata.__func__.2
                0x0000000010006a28       0x13 CMakeFiles/blink2.dir/home/julian/pico/pico-sdk/src/rp2_common/hardware_irq/irq.c.obj
 *fill*         0x0000000010006a3b        0x1 
 .rodata.__func__.3
                0x0000000010006a3c        0xc CMakeFiles/blink2.dir/home/julian/pico/pico-sdk/src/rp2_common/hardware_irq/irq.c.obj
 .rodata.__func__.4
                0x0000000010006a48        0xf CMakeFiles/blink2.dir/home/julian/pico/pico-sdk/src/rp2_common/hardware_irq/irq.c.obj
 *fill*         0x0000000010006a57        0x1 
 .rodata.__func__.5
                0x0000000010006a58       0x17 CMakeFiles/blink2.dir/home/julian/pico/pico-sdk/src/rp2_common/hardware_irq/irq.c.obj
 *fill*         0x0000000010006a6f        0x1 
 .rodata.__func__.6
                0x0000000010006a70       0x1a CMakeFiles/blink2.dir/home/julian/pico/pico-sdk/src/rp2_common/hardware_irq/irq.c.obj
 *fill*         0x0000000010006a8a        0x2 
 .rodata.str1.4
                0x0000000010006a8c       0xed CMakeFiles/blink2.dir/home/julian/pico/pico-sdk/src/common/pico_sync/mutex.c.obj
 *fill*         0x0000000010006b79        0x3 
 .rodata.__func__.1
                0x0000000010006b7c        0xb CMakeFiles/blink2.dir/home/julian/pico/pico-sdk/src/common/pico_sync/mutex.c.obj
 *fill*         0x0000000010006b87        0x1 
 .rodata.__func__.3
                0x0000000010006b88       0x18 CMakeFiles/blink2.dir/home/julian/pico/pico-sdk/src/common/pico_sync/mutex.c.obj
 .rodata.__func__.4
                0x0000000010006ba0       0x15 CMakeFiles/blink2.dir/home/julian/pico/pico-sdk/src/common/pico_sync/mutex.c.obj
 *fill*         0x0000000010006bb5        0x3 
 .rodata.repeating_timer_callback.str1.4
                0x0000000010006bb8       0x4b CMakeFiles/blink2.dir/home/julian/pico/pico-sdk/src/common/pico_time/time.c.obj
 *fill*         0x0000000010006c03        0x1 
 .rodata.timer_pool_entry_comparator.str1.4
                0x0000000010006c04       0x22 CMakeFiles/blink2.dir/home/julian/pico/pico-sdk/src/common/pico_time/time.c.obj
 *fill*         0x0000000010006c26        0x2 
 .rodata.ph_add_child_node.str1.4
                0x0000000010006c28       0x96 CMakeFiles/blink2.dir/home/julian/pico/pico-sdk/src/common/pico_time/time.c.obj
 *fill*         0x0000000010006cbe        0x2 
 .rodata.add_alarm_under_lock.str1.4
                0x0000000010006cc0       0x28 CMakeFiles/blink2.dir/home/julian/pico/pico-sdk/src/common/pico_time/time.c.obj
                                         0x2b (size before relaxing)
 .rodata.alarm_pool_alarm_callback.str1.4
                0x0000000010006ce8       0x98 CMakeFiles/blink2.dir/home/julian/pico/pico-sdk/src/common/pico_time/time.c.obj
                                         0xfc (size before relaxing)
 .rodata.alarm_pool_get_default.str1.4
                0x0000000010006d80       0x21 CMakeFiles/blink2.dir/home/julian/pico/pico-sdk/src/common/pico_time/time.c.obj
 *fill*         0x0000000010006da1        0x3 
 .rodata.alarm_pool_cancel_alarm.str1.4
                0x0000000010006da4       0x27 CMakeFiles/blink2.dir/home/julian/pico/pico-sdk/src/common/pico_time/time.c.obj
 *fill*         0x0000000010006dcb        0x1 
 .rodata.sleep_until.str1.4
                0x0000000010006dcc       0x4d CMakeFiles/blink2.dir/home/julian/pico/pico-sdk/src/common/pico_time/time.c.obj
 *fill*         0x0000000010006e19        0x3 
 .rodata.__func__.1
                0x0000000010006e1c       0x18 CMakeFiles/blink2.dir/home/julian/pico/pico-sdk/src/common/pico_time/time.c.obj
 .rodata.__func__.10
                0x0000000010006e34       0x15 CMakeFiles/blink2.dir/home/julian/pico/pico-sdk/src/common/pico_time/time.c.obj
 *fill*         0x0000000010006e49        0x3 
 .rodata.__func__.11
                0x0000000010006e4c       0x1a CMakeFiles/blink2.dir/home/julian/pico/pico-sdk/src/common/pico_time/time.c.obj
 *fill*         0x0000000010006e66        0x2 
 .rodata.__func__.12
                0x0000000010006e68        0xa CMakeFiles/blink2.dir/home/julian/pico/pico-sdk/src/common/pico_time/time.c.obj
 *fill*         0x0000000010006e72        0x2 
 .rodata.__func__.3
                0x0000000010006e74       0x17 CMakeFiles/blink2.dir/home/julian/pico/pico-sdk/src/common/pico_time/time.c.obj
 *fill*         0x0000000010006e8b        0x1 
 .rodata.__func__.4
                0x0000000010006e8c       0x12 CMakeFiles/blink2.dir/home/julian/pico/pico-sdk/src/common/pico_time/time.c.obj
 *fill*         0x0000000010006e9e        0x2 
 .rodata.__func__.5
                0x0000000010006ea0        0xd CMakeFiles/blink2.dir/home/julian/pico/pico-sdk/src/common/pico_time/time.c.obj
 *fill*         0x0000000010006ead        0x3 
 .rodata.__func__.6
                0x0000000010006eb0       0x12 CMakeFiles/blink2.dir/home/julian/pico/pico-sdk/src/common/pico_time/time.c.obj
 *fill*         0x0000000010006ec2        0x2 
 .rodata.__func__.7
                0x0000000010006ec4        0xf CMakeFiles/blink2.dir/home/julian/pico/pico-sdk/src/common/pico_time/time.c.obj
 *fill*         0x0000000010006ed3        0x1 
 .rodata.__func__.8
                0x0000000010006ed4        0xc CMakeFiles/blink2.dir/home/julian/pico/pico-sdk/src/common/pico_time/time.c.obj
 .rodata.__func__.9
                0x0000000010006ee0       0x15 CMakeFiles/blink2.dir/home/julian/pico/pico-sdk/src/common/pico_time/time.c.obj
 *fill*         0x0000000010006ef5        0x3 
 .rodata.hardware_alarm_claim.str1.4
                0x0000000010006ef8       0x22 CMakeFiles/blink2.dir/home/julian/pico/pico-sdk/src/rp2_common/hardware_timer/timer.c.obj
 *fill*         0x0000000010006f1a        0x2 
 .rodata.hardware_alarm_set_target.str1.4
                0x0000000010006f1c       0x65 CMakeFiles/blink2.dir/home/julian/pico/pico-sdk/src/rp2_common/hardware_timer/timer.c.obj
 *fill*         0x0000000010006f81        0x3 
 .rodata.__func__.0
                0x0000000010006f84       0x1a CMakeFiles/blink2.dir/home/julian/pico/pico-sdk/src/rp2_common/hardware_timer/timer.c.obj
 .rodata.ph_add_child_node.str1.4
                0x0000000010006f9e       0x96 CMakeFiles/blink2.dir/home/julian/pico/pico-sdk/src/common/pico_util/pheap.c.obj
 *fill*         0x0000000010006f9e        0x2 
 .rodata.ph_remove_any_head.str1.4
                0x0000000010006fa0       0x8c CMakeFiles/blink2.dir/home/julian/pico/pico-sdk/src/common/pico_util/pheap.c.obj
                                         0xa0 (size before relaxing)
 .rodata.ph_remove_and_free_node.str1.4
                0x000000001000702c       0x1e CMakeFiles/blink2.dir/home/julian/pico/pico-sdk/src/common/pico_util/pheap.c.obj
                                         0x26 (size before relaxing)
 *fill*         0x000000001000704a        0x2 
 .rodata.__func__.0
                0x000000001000704c       0x18 CMakeFiles/blink2.dir/home/julian/pico/pico-sdk/src/common/pico_util/pheap.c.obj
 .rodata.__func__.1
                0x0000000010007064       0x13 CMakeFiles/blink2.dir/home/julian/pico/pico-sdk/src/common/pico_util/pheap.c.obj
 *fill*         0x0000000010007077        0x1 
 .rodata.__func__.2
                0x0000000010007078       0x12 CMakeFiles/blink2.dir/home/julian/pico/pico-sdk/src/common/pico_util/pheap.c.obj
 *fill*         0x000000001000708a        0x2 
 .rodata.__func__.3
                0x000000001000708c        0xc CMakeFiles/blink2.dir/home/julian/pico/pico-sdk/src/common/pico_util/pheap.c.obj
 .rodata.clock_configure.str1.4
                0x0000000010007098       0x57 CMakeFiles/blink2.dir/home/julian/pico/pico-sdk/src/rp2_common/hardware_clocks/clocks.c.obj
 *fill*         0x00000000100070ef        0x1 
 .rodata.__func__.1
                0x00000000100070f0       0x10 CMakeFiles/blink2.dir/home/julian/pico/pico-sdk/src/rp2_common/hardware_clocks/clocks.c.obj
 .rodata.pll_init.str1.4
                0x0000000010007100      0x124 CMakeFiles/blink2.dir/home/julian/pico/pico-sdk/src/rp2_common/hardware_pll/pll.c.obj
 .rodata.__func__.0
                0x0000000010007224        0x9 CMakeFiles/blink2.dir/home/julian/pico/pico-sdk/src/rp2_common/hardware_pll/pll.c.obj
 *fill*         0x000000001000722d        0x3 
 .rodata.__assert_func.str1.4
                0x0000000010007230       0x3f CMakeFiles/blink2.dir/home/julian/pico/pico-sdk/src/rp2_common/pico_runtime/runtime.c.obj
                                         0x43 (size before relaxing)
 *fill*         0x000000001000726f        0x1 
 .rodata.runtime_init.str1.4
                0x0000000010007270       0x61 CMakeFiles/blink2.dir/home/julian/pico/pico-sdk/src/rp2_common/pico_runtime/runtime.c.obj
 *fill*         0x00000000100072d1        0x3 
 .rodata.panic.str1.4
                0x00000000100072d4       0x12 CMakeFiles/blink2.dir/home/julian/pico/pico-sdk/src/rp2_common/pico_runtime/runtime.c.obj
 *fill*         0x00000000100072e6        0x2 
 .rodata.__func__.2
                0x00000000100072e8        0xd CMakeFiles/blink2.dir/home/julian/pico/pico-sdk/src/rp2_common/pico_runtime/runtime.c.obj
 *fill*         0x00000000100072f5        0x3 
 .rodata._ftoa.str1.4
                0x00000000100072f8       0x15 CMakeFiles/blink2.dir/home/julian/pico/pico-sdk/src/rp2_common/pico_printf/printf.c.obj
 *fill*         0x000000001000730d        0x3 
 .rodata._vsnprintf
                0x0000000010007310      0x1e0 CMakeFiles/blink2.dir/home/julian/pico/pico-sdk/src/rp2_common/pico_printf/printf.c.obj
 .rodata.pow10.0
                0x00000000100074f0       0x50 CMakeFiles/blink2.dir/home/julian/pico/pico-sdk/src/rp2_common/pico_printf/printf.c.obj
 .rodata.missing_double_func_shim.str1.4
                0x0000000010007540       0x18 CMakeFiles/blink2.dir/home/julian/pico/pico-sdk/src/rp2_common/pico_double/double_init_rom.c.obj
 .rodata.__aeabi_double_init.str1.4
                0x0000000010007558       0x9c CMakeFiles/blink2.dir/home/julian/pico/pico-sdk/src/rp2_common/pico_double/double_init_rom.c.obj
 .rodata.__func__.0
                0x00000000100075f4       0x14 CMakeFiles/blink2.dir/home/julian/pico/pico-sdk/src/rp2_common/pico_double/double_init_rom.c.obj
 .rodata.missing_float_func_shim.str1.4
                0x0000000010007608        0x1 CMakeFiles/blink2.dir/home/julian/pico/pico-sdk/src/rp2_common/pico_float/float_init_rom.c.obj
 .rodata.__aeabi_float_init.str1.4
                0x0000000010007608       0x7a CMakeFiles/blink2.dir/home/julian/pico/pico-sdk/src/rp2_common/pico_float/float_init_rom.c.obj
 *fill*         0x0000000010007682        0x2 
 .rodata.__func__.0
                0x0000000010007684       0x13 CMakeFiles/blink2.dir/home/julian/pico/pico-sdk/src/rp2_common/pico_float/float_init_rom.c.obj
 *fill*         0x0000000010007697        0x1 
 .rodata.str1.4
                0x0000000010007698       0x3c CMakeFiles/blink2.dir/home/julian/pico/pico-sdk/src/rp2_common/pico_standard_link/binary_info.c.obj
 .rodata.__bi_44
                0x00000000100076d4        0xc CMakeFiles/blink2.dir/home/julian/pico/pico-sdk/src/rp2_common/pico_standard_link/binary_info.c.obj
 .rodata.__bi_75
                0x00000000100076e0        0xc CMakeFiles/blink2.dir/home/julian/pico/pico-sdk/src/rp2_common/pico_standard_link/binary_info.c.obj
 .rodata.__bi_81
                0x00000000100076ec        0xc CMakeFiles/blink2.dir/home/julian/pico/pico-sdk/src/rp2_common/pico_standard_link/binary_info.c.obj
 .rodata.stdout_serialize_begin.str1.4
                0x00000000100076f8       0x61 CMakeFiles/blink2.dir/home/julian/pico/pico-sdk/src/rp2_common/pico_stdio/stdio.c.obj
 .rodata.__func__.3
                0x00000000100076f8       0x15 CMakeFiles/blink2.dir/home/julian/pico/pico-sdk/src/rp2_common/pico_stdio/stdio.c.obj
 *fill*         0x000000001000770d        0x3 
 .rodata.crlf_str.2
                0x0000000010007710        0x2 CMakeFiles/blink2.dir/home/julian/pico/pico-sdk/src/rp2_common/pico_stdio/stdio.c.obj
 *fill*         0x0000000010007712        0x2 
 .rodata._resetd_driver
                0x0000000010007714       0x18 CMakeFiles/blink2.dir/home/julian/pico/pico-sdk/src/rp2_common/pico_stdio_usb/reset_interface.c.obj
 .rodata.low_priority_worker_irq.str1.4
                0x000000001000772c       0x61 CMakeFiles/blink2.dir/home/julian/pico/pico-sdk/src/rp2_common/pico_stdio_usb/stdio_usb.c.obj
 .rodata.stdio_usb_init.str1.4
                0x000000001000772c       0x45 CMakeFiles/blink2.dir/home/julian/pico/pico-sdk/src/rp2_common/pico_stdio_usb/stdio_usb.c.obj
                                         0x4d (size before relaxing)
 *fill*         0x0000000010007771        0x3 
 .rodata.str1.4
                0x0000000010007774       0x13 CMakeFiles/blink2.dir/home/julian/pico/pico-sdk/src/rp2_common/pico_stdio_usb/stdio_usb.c.obj
 *fill*         0x0000000010007787        0x1 
 .rodata.__bi_182.0
                0x0000000010007788        0xc CMakeFiles/blink2.dir/home/julian/pico/pico-sdk/src/rp2_common/pico_stdio_usb/stdio_usb.c.obj
 .rodata.__func__.1
                0x0000000010007794        0xf CMakeFiles/blink2.dir/home/julian/pico/pico-sdk/src/rp2_common/pico_stdio_usb/stdio_usb.c.obj
 *fill*         0x00000000100077a3        0x1 
 .rodata.__func__.3
                0x00000000100077a4       0x15 CMakeFiles/blink2.dir/home/julian/pico/pico-sdk/src/rp2_common/pico_stdio_usb/stdio_usb.c.obj
 *fill*         0x00000000100077b9        0x3 
 .rodata.str1.4
                0x00000000100077bc       0x2a CMakeFiles/blink2.dir/home/julian/pico/pico-sdk/src/rp2_common/pico_stdio_usb/stdio_usb_descriptors.c.obj
 *fill*         0x00000000100077e6        0x2 
 .rodata.usbd_desc_cfg
                0x00000000100077e8       0x54 CMakeFiles/blink2.dir/home/julian/pico/pico-sdk/src/rp2_common/pico_stdio_usb/stdio_usb_descriptors.c.obj
 .rodata.usbd_desc_device
                0x000000001000783c       0x12 CMakeFiles/blink2.dir/home/julian/pico/pico-sdk/src/rp2_common/pico_stdio_usb/stdio_usb_descriptors.c.obj
 *fill*         0x000000001000784e        0x2 
 .rodata.usbd_desc_str
                0x0000000010007850       0x18 CMakeFiles/blink2.dir/home/julian/pico/pico-sdk/src/rp2_common/pico_stdio_usb/stdio_usb_descriptors.c.obj
 .rodata.pico_get_unique_board_id_string.str1.4
                0x0000000010007868       0x4d CMakeFiles/blink2.dir/home/julian/pico/pico-sdk/src/rp2_common/pico_unique_id/unique_id.c.obj
 *fill*         0x00000000100078b5        0x3 
 .rodata.__func__.0
                0x00000000100078b8       0x20 CMakeFiles/blink2.dir/home/julian/pico/pico-sdk/src/rp2_common/pico_unique_id/unique_id.c.obj
 .rodata.str1.4
                0x00000000100078d8      0x15a CMakeFiles/blink2.dir/home/julian/pico/pico-sdk/src/rp2_common/hardware_flash/flash.c.obj
 *fill*         0x0000000010007a32        0x2 
 .rodata.__func__.0
                0x0000000010007a34        0xd CMakeFiles/blink2.dir/home/julian/pico/pico-sdk/src/rp2_common/hardware_flash/flash.c.obj
 *fill*         0x0000000010007a41        0x3 
 .rodata._hw_endpoint_alloc.str1.4
                0x0000000010007a44       0xb5 CMakeFiles/blink2.dir/home/julian/pico/pico-sdk/lib/tinyusb/src/portable/raspberrypi/rp2040/dcd_rp2040.c.obj
 *fill*         0x0000000010007af9        0x3 
 .rodata.str1.4
                0x0000000010007afc       0x14 CMakeFiles/blink2.dir/home/julian/pico/pico-sdk/lib/tinyusb/src/portable/raspberrypi/rp2040/dcd_rp2040.c.obj
 .rodata.dcd_int_enable.str1.4
                0x0000000010007b10        0xc CMakeFiles/blink2.dir/home/julian/pico/pico-sdk/lib/tinyusb/src/portable/raspberrypi/rp2040/dcd_rp2040.c.obj
 .rodata.__func__.0
                0x0000000010007b1c        0xe CMakeFiles/blink2.dir/home/julian/pico/pico-sdk/lib/tinyusb/src/portable/raspberrypi/rp2040/dcd_rp2040.c.obj
 *fill*         0x0000000010007b2a        0x2 
 .rodata.__func__.1
                0x0000000010007b2c        0xe CMakeFiles/blink2.dir/home/julian/pico/pico-sdk/lib/tinyusb/src/portable/raspberrypi/rp2040/dcd_rp2040.c.obj
 *fill*         0x0000000010007b3a        0x2 
 .rodata.__func__.3
                0x0000000010007b3c       0x10 CMakeFiles/blink2.dir/home/julian/pico/pico-sdk/lib/tinyusb/src/portable/raspberrypi/rp2040/dcd_rp2040.c.obj
 .rodata.__func__.5
                0x0000000010007b4c        0xf CMakeFiles/blink2.dir/home/julian/pico/pico-sdk/lib/tinyusb/src/portable/raspberrypi/rp2040/dcd_rp2040.c.obj
 *fill*         0x0000000010007b5b        0x1 
 .rodata.__func__.6
                0x0000000010007b5c       0x13 CMakeFiles/blink2.dir/home/julian/pico/pico-sdk/lib/tinyusb/src/portable/raspberrypi/rp2040/dcd_rp2040.c.obj
 *fill*         0x0000000010007b6f        0x1 
 .rodata.__func__.7
                0x0000000010007b70        0x9 CMakeFiles/blink2.dir/home/julian/pico/pico-sdk/lib/tinyusb/src/portable/raspberrypi/rp2040/dcd_rp2040.c.obj
 *fill*         0x0000000010007b79        0x3 
 .rodata.str1.4
                0x0000000010007b7c       0xe7 CMakeFiles/blink2.dir/home/julian/pico/pico-sdk/lib/tinyusb/src/portable/raspberrypi/rp2040/rp2040_usb.c.obj
 *fill*         0x0000000010007c63        0x1 
 .rodata.__func__.0
                0x0000000010007c64        0xf CMakeFiles/blink2.dir/home/julian/pico/pico-sdk/lib/tinyusb/src/portable/raspberrypi/rp2040/rp2040_usb.c.obj
 *fill*         0x0000000010007c73        0x1 
 .rodata.process_get_descriptor
                0x0000000010007c74       0x40 CMakeFiles/blink2.dir/home/julian/pico/pico-sdk/lib/tinyusb/src/device/usbd.c.obj
 .rodata.process_control_request
                0x0000000010007cb4       0x28 CMakeFiles/blink2.dir/home/julian/pico/pico-sdk/lib/tinyusb/src/device/usbd.c.obj
 .rodata.tud_task_ext
                0x0000000010007cdc       0x24 CMakeFiles/blink2.dir/home/julian/pico/pico-sdk/lib/tinyusb/src/device/usbd.c.obj
 .rodata._usbd_driver
                0x0000000010007d00       0x18 CMakeFiles/blink2.dir/home/julian/pico/pico-sdk/lib/tinyusb/src/device/usbd.c.obj
                0x0000000010007d18                . = ALIGN (0x4)
 *(SORT_BY_ALIGNMENT(SORT_BY_NAME(.flashdata*)))
                0x0000000010007d18                . = ALIGN (0x4)

.ARM.extab
 *(.ARM.extab* .gnu.linkonce.armextab.*)
                0x0000000010007d18                __exidx_start = .

.ARM.exidx
 *(.ARM.exidx* .gnu.linkonce.armexidx.*)
                0x0000000010007d18                __exidx_end = .
                0x0000000010007d18                . = ALIGN (0x4)
                0x0000000010007d18                __binary_info_start = .

.binary_info    0x0000000010007d18       0x20
 *(.binary_info.keep.*)
 .binary_info.keep.__bi_ptr22
                0x0000000010007d18        0x4 CMakeFiles/blink2.dir/home/julian/pico/pico-sdk/src/rp2_common/pico_standard_link/binary_info.c.obj
 .binary_info.keep.__bi_ptr30
                0x0000000010007d1c        0x4 CMakeFiles/blink2.dir/home/julian/pico/pico-sdk/src/rp2_common/pico_standard_link/binary_info.c.obj
 .binary_info.keep.__bi_ptr38
                0x0000000010007d20        0x4 CMakeFiles/blink2.dir/home/julian/pico/pico-sdk/src/rp2_common/pico_standard_link/binary_info.c.obj
 .binary_info.keep.__bi_ptr44
                0x0000000010007d24        0x4 CMakeFiles/blink2.dir/home/julian/pico/pico-sdk/src/rp2_common/pico_standard_link/binary_info.c.obj
 .binary_info.keep.__bi_ptr50
                0x0000000010007d28        0x4 CMakeFiles/blink2.dir/home/julian/pico/pico-sdk/src/rp2_common/pico_standard_link/binary_info.c.obj
 .binary_info.keep.__bi_ptr75
                0x0000000010007d2c        0x4 CMakeFiles/blink2.dir/home/julian/pico/pico-sdk/src/rp2_common/pico_standard_link/binary_info.c.obj
 .binary_info.keep.__bi_ptr81
                0x0000000010007d30        0x4 CMakeFiles/blink2.dir/home/julian/pico/pico-sdk/src/rp2_common/pico_standard_link/binary_info.c.obj
 *(.binary_info.*)
 .binary_info.__bi_ptr182
                0x0000000010007d34        0x4 CMakeFiles/blink2.dir/home/julian/pico/pico-sdk/src/rp2_common/pico_stdio_usb/stdio_usb.c.obj
                0x0000000010007d38                __binary_info_end = .

.rel.dyn        0x0000000010007d38        0x0
 .rel.iplt      0x0000000010007d38        0x0 /usr/lib/gcc/arm-none-eabi/10.3.1/thumb/v6-m/nofp/crtbegin.o
                0x0000000010007d38                . = ALIGN (0x4)

.ram_vector_table
                0x0000000020000000       0xc0
 *(.ram_vector_table)
 .ram_vector_table
                0x0000000020000000       0xc0 CMakeFiles/blink2.dir/home/julian/pico/pico-sdk/src/rp2_common/pico_runtime/runtime.c.obj
                0x0000000020000000                ram_vector_table

.data           0x00000000200000c0      0xbf0 load address 0x0000000010007d38
                0x00000000200000c0                __data_start__ = .
 *(vtable)
 *(.time_critical*)
 .time_critical.mutex_try_enter
                0x00000000200000c0       0x46 CMakeFiles/blink2.dir/home/julian/pico/pico-sdk/src/common/pico_sync/mutex.c.obj
                0x00000000200000c0                mutex_try_enter
 *fill*         0x0000000020000106        0x2 
 .time_critical.mutex_enter_block_until
                0x0000000020000108       0x8c CMakeFiles/blink2.dir/home/julian/pico/pico-sdk/src/common/pico_sync/mutex.c.obj
                0x0000000020000108                mutex_enter_block_until
 .time_critical.mutex_try_enter_block_until
                0x0000000020000194       0x34 CMakeFiles/blink2.dir/home/julian/pico/pico-sdk/src/common/pico_sync/mutex.c.obj
                0x0000000020000194                mutex_try_enter_block_until
 .time_critical.mutex_enter_timeout_ms
                0x00000000200001c8       0x68 CMakeFiles/blink2.dir/home/julian/pico/pico-sdk/src/common/pico_sync/mutex.c.obj
                0x00000000200001c8                mutex_enter_timeout_ms
 .time_critical.mutex_exit
                0x0000000020000230       0x4c CMakeFiles/blink2.dir/home/julian/pico/pico-sdk/src/common/pico_sync/mutex.c.obj
                0x0000000020000230                mutex_exit
 .time_critical.flash_init_boot2_copyout
                0x000000002000027c       0x30 CMakeFiles/blink2.dir/home/julian/pico/pico-sdk/src/rp2_common/hardware_flash/flash.c.obj
 .time_critical.flash_enable_xip_via_boot2
                0x00000000200002ac       0x10 CMakeFiles/blink2.dir/home/julian/pico/pico-sdk/src/rp2_common/hardware_flash/flash.c.obj
 .time_critical.flash_cs_force
                0x00000000200002bc       0x28 CMakeFiles/blink2.dir/home/julian/pico/pico-sdk/src/rp2_common/hardware_flash/flash.c.obj
 .time_critical.flash_do_cmd
                0x00000000200002e4       0xd8 CMakeFiles/blink2.dir/home/julian/pico/pico-sdk/src/rp2_common/hardware_flash/flash.c.obj
                0x00000000200002e4                flash_do_cmd
 .time_critical.reset_non_control_endpoints
                0x00000000200003bc       0x40 CMakeFiles/blink2.dir/home/julian/pico/pico-sdk/lib/tinyusb/src/portable/raspberrypi/rp2040/dcd_rp2040.c.obj
 .time_critical.hw_handle_buff_status
                0x00000000200003fc       0xa4 CMakeFiles/blink2.dir/home/julian/pico/pico-sdk/lib/tinyusb/src/portable/raspberrypi/rp2040/dcd_rp2040.c.obj
 .time_critical.dcd_rp2040_irq
                0x00000000200004a0      0x1cc CMakeFiles/blink2.dir/home/julian/pico/pico-sdk/lib/tinyusb/src/portable/raspberrypi/rp2040/dcd_rp2040.c.obj
 .time_critical.e15_is_bulkin_ep
                0x000000002000066c       0x2c CMakeFiles/blink2.dir/home/julian/pico/pico-sdk/lib/tinyusb/src/portable/raspberrypi/rp2040/rp2040_usb.c.obj
 .time_critical.e15_is_critical_frame_period
                0x0000000020000698       0x30 CMakeFiles/blink2.dir/home/julian/pico/pico-sdk/lib/tinyusb/src/portable/raspberrypi/rp2040/rp2040_usb.c.obj
 .time_critical.prepare_ep_buffer
                0x00000000200006c8       0x70 CMakeFiles/blink2.dir/home/julian/pico/pico-sdk/lib/tinyusb/src/portable/raspberrypi/rp2040/rp2040_usb.c.obj
 .time_critical.sync_ep_buffer
                0x0000000020000738       0x80 CMakeFiles/blink2.dir/home/julian/pico/pico-sdk/lib/tinyusb/src/portable/raspberrypi/rp2040/rp2040_usb.c.obj
 .time_critical._hw_endpoint_xfer_sync
                0x00000000200007b8       0x28 CMakeFiles/blink2.dir/home/julian/pico/pico-sdk/lib/tinyusb/src/portable/raspberrypi/rp2040/rp2040_usb.c.obj
 .time_critical.hw_endpoint_reset_transfer
                0x00000000200007e0        0xc CMakeFiles/blink2.dir/home/julian/pico/pico-sdk/lib/tinyusb/src/portable/raspberrypi/rp2040/rp2040_usb.c.obj
                0x00000000200007e0                hw_endpoint_reset_transfer
 .time_critical._hw_endpoint_buffer_control_update32
                0x00000000200007ec       0x58 CMakeFiles/blink2.dir/home/julian/pico/pico-sdk/lib/tinyusb/src/portable/raspberrypi/rp2040/rp2040_usb.c.obj
                0x00000000200007ec                _hw_endpoint_buffer_control_update32
 .time_critical.hw_endpoint_start_next_buffer
                0x0000000020000844       0x88 CMakeFiles/blink2.dir/home/julian/pico/pico-sdk/lib/tinyusb/src/portable/raspberrypi/rp2040/rp2040_usb.c.obj
                0x0000000020000844                hw_endpoint_start_next_buffer
 .time_critical.hw_endpoint_xfer_continue
                0x00000000200008cc       0x50 CMakeFiles/blink2.dir/home/julian/pico/pico-sdk/lib/tinyusb/src/portable/raspberrypi/rp2040/rp2040_usb.c.obj
                0x00000000200008cc                hw_endpoint_xfer_continue
 .time_critical.tinyusb
                0x000000002000091c      0x200 CMakeFiles/blink2.dir/home/julian/pico/pico-sdk/lib/tinyusb/src/device/usbd.c.obj
                0x000000002000091c                dcd_event_handler
 *(.text*)
 .text          0x0000000020000b1c        0x4 /usr/lib/gcc/arm-none-eabi/10.3.1/thumb/v6-m/nofp/libgcc.a(_dvmd_tls.o)
                0x0000000020000b1c                __aeabi_ldiv0
                0x0000000020000b1c                __aeabi_idiv0
 .text.__stub   0x0000000020000b20       0x90 linker stubs
                0x0000000020000bb0                . = ALIGN (0x4)
 *(.rodata*)
                0x0000000020000bb0                . = ALIGN (0x4)
 *(.data*)
 .data.striped_spin_lock_num
                0x0000000020000bb0        0x1 CMakeFiles/blink2.dir/home/julian/pico/pico-sdk/src/rp2_common/hardware_sync/sync.c.obj
 *fill*         0x0000000020000bb1        0x3 
 .data          0x0000000020000bb4       0x48 CMakeFiles/blink2.dir/home/julian/pico/pico-sdk/src/rp2_common/hardware_irq/irq_handler_chain.S.obj
                0x0000000020000bb4                irq_handler_chain_slots
                0x0000000020000be4                irq_handler_chain_first_slot
                0x0000000020000bee                irq_handler_chain_remove_tail
 .data.default_alarm_pool
                0x0000000020000bfc       0x18 CMakeFiles/blink2.dir/home/julian/pico/pico-sdk/src/common/pico_time/time.c.obj
 .data.default_alarm_pool_heap
                0x0000000020000c14       0x10 CMakeFiles/blink2.dir/home/julian/pico/pico-sdk/src/common/pico_time/time.c.obj
 *fill*         0x0000000020000c24        0xc 
 .data.aeabi_bits_funcs
                0x0000000020000c30       0x10 CMakeFiles/blink2.dir/home/julian/pico/pico-sdk/src/rp2_common/pico_bit_ops/bit_ops_aeabi.S.obj
                0x0000000020000c30                aeabi_bits_funcs
                0x0000000020000c40                aeabi_bits_funcs_end
 .data.aeabi_mem_funcs
                0x0000000020000c40       0x10 CMakeFiles/blink2.dir/home/julian/pico/pico-sdk/src/rp2_common/pico_mem_ops/mem_ops_aeabi.S.obj
                0x0000000020000c40                aeabi_mem_funcs
                0x0000000020000c50                aeabi_mem_funcs_end
 .data.stdio_usb
                0x0000000020000c50       0x18 CMakeFiles/blink2.dir/home/julian/pico/pico-sdk/src/rp2_common/pico_stdio_usb/stdio_usb.c.obj
                0x0000000020000c50                stdio_usb
 .data.ep_dir_string
                0x0000000020000c68        0x8 CMakeFiles/blink2.dir/home/julian/pico/pico-sdk/lib/tinyusb/src/portable/raspberrypi/rp2040/rp2040_usb.c.obj
                0x0000000020000c68                ep_dir_string
 .data._usbd_qdef
                0x0000000020000c70       0x1c CMakeFiles/blink2.dir/home/julian/pico/pico-sdk/lib/tinyusb/src/device/usbd.c.obj
                0x0000000020000c70                _usbd_qdef
 .data._usbd_rhport
                0x0000000020000c8c        0x1 CMakeFiles/blink2.dir/home/julian/pico/pico-sdk/lib/tinyusb/src/device/usbd.c.obj
                0x0000000020000c90                . = ALIGN (0x4)
 *fill*         0x0000000020000c8d        0x3 
 *(.after_data.*)
                0x0000000020000c90                . = ALIGN (0x4)
                0x0000000020000c90                PROVIDE (__mutex_array_start = .)
 *(SORT_BY_NAME(.mutex_array.*))
 *(.mutex_array)
 .mutex_array   0x0000000020000c90        0x8 CMakeFiles/blink2.dir/home/julian/pico/pico-sdk/src/rp2_common/pico_stdio/stdio.c.obj
                0x0000000020000c98                PROVIDE (__mutex_array_end = .)
                0x0000000020000c98                . = ALIGN (0x4)
                0x0000000020000c98                PROVIDE (__preinit_array_start = .)
 *(SORT_BY_NAME(.preinit_array.*))
 .preinit_array.00001
                0x0000000020000c98        0x4 CMakeFiles/blink2.dir/home/julian/pico/pico-sdk/src/rp2_common/pico_mem_ops/mem_ops_aeabi.S.obj
 .preinit_array.00010
                0x0000000020000c9c        0x4 CMakeFiles/blink2.dir/home/julian/pico/pico-sdk/src/rp2_common/pico_bit_ops/bit_ops_aeabi.S.obj
 .preinit_array.00020
                0x0000000020000ca0        0x4 CMakeFiles/blink2.dir/home/julian/pico/pico-sdk/src/rp2_common/pico_double/double_aeabi.S.obj
 .preinit_array.00020
                0x0000000020000ca4        0x4 CMakeFiles/blink2.dir/home/julian/pico/pico-sdk/src/rp2_common/pico_float/float_aeabi.S.obj
 *(.preinit_array)
                0x0000000020000ca8                PROVIDE (__preinit_array_end = .)
                0x0000000020000ca8                . = ALIGN (0x4)
                0x0000000020000ca8                PROVIDE (__init_array_start = .)
 *(SORT_BY_NAME(.init_array.*))
 *(.init_array)
 .init_array    0x0000000020000ca8        0x4 /usr/lib/gcc/arm-none-eabi/10.3.1/thumb/v6-m/nofp/crtbegin.o
 .init_array    0x0000000020000cac        0x4 CMakeFiles/blink2.dir/home/julian/pico/pico-sdk/src/rp2_common/pico_unique_id/unique_id.c.obj
                0x0000000020000cb0                PROVIDE (__init_array_end = .)
                0x0000000020000cb0                . = ALIGN (0x4)
                0x0000000020000cb0                PROVIDE (__fini_array_start = .)
 *(SORT_BY_NAME(.fini_array.*))
 *(.fini_array)
                0x0000000020000cb0                PROVIDE (__fini_array_end = .)
 *(.jcr)
                0x0000000020000cb0                . = ALIGN (0x4)
                0x0000000020000cb0                __data_end__ = .
                0x0000000010007d38                __etext = LOADADDR (.data)

.tm_clone_table
                0x0000000020000cb0        0x0 load address 0x0000000010008928
 .tm_clone_table
                0x0000000020000cb0        0x0 /usr/lib/gcc/arm-none-eabi/10.3.1/thumb/v6-m/nofp/crtbegin.o
 .tm_clone_table
                0x0000000020000cb0        0x0 /usr/lib/gcc/arm-none-eabi/10.3.1/thumb/v6-m/nofp/crtend.o

.igot.plt       0x0000000020000cb0        0x0 load address 0x0000000010008928
 .igot.plt      0x0000000020000cb0        0x0 /usr/lib/gcc/arm-none-eabi/10.3.1/thumb/v6-m/nofp/crtbegin.o

.uninitialized_data
                0x0000000020000cb0        0x0 load address 0x0000000010008928
                0x0000000020000cb0                . = ALIGN (0x4)
 *(.uninitialized_data*)

.scratch_x      0x0000000020040000        0x0 load address 0x0000000010008928
                0x0000000020040000                __scratch_x_start__ = .
 *(.scratch_x.*)
                0x0000000020040000                . = ALIGN (0x4)
                0x0000000020040000                __scratch_x_end__ = .
                0x0000000010008928                __scratch_x_source__ = LOADADDR (.scratch_x)

.scratch_y      0x0000000020041000        0x0 load address 0x0000000010008928
                0x0000000020041000                __scratch_y_start__ = .
 *(.scratch_y.*)
                0x0000000020041000                . = ALIGN (0x4)
                0x0000000020041000                __scratch_y_end__ = .
                0x0000000010008928                __scratch_y_source__ = LOADADDR (.scratch_y)

.bss            0x0000000020000cb0      0xd84
                0x0000000020000cb0                . = ALIGN (0x4)
                0x0000000020000cb0                __bss_start__ = .
 *(SORT_BY_ALIGNMENT(SORT_BY_NAME(.bss*)))
 .bss.default_alarm_pool_entries
                0x0000000020000cb0      0x100 CMakeFiles/blink2.dir/home/julian/pico/pico-sdk/src/common/pico_time/time.c.obj
 .bss.last_avail_time.2
                0x0000000020000db0        0x8 CMakeFiles/blink2.dir/home/julian/pico/pico-sdk/src/rp2_common/pico_stdio_usb/stdio_usb.c.obj
 .bss           0x0000000020000db8       0x1c /usr/lib/gcc/arm-none-eabi/10.3.1/thumb/v6-m/nofp/crtbegin.o
 .bss._app_driver
                0x0000000020000dd4        0x4 CMakeFiles/blink2.dir/home/julian/pico/pico-sdk/lib/tinyusb/src/device/usbd.c.obj
 .bss._cdcd_itf
                0x0000000020000dd8      0x2c8 CMakeFiles/blink2.dir/home/julian/pico/pico-sdk/lib/tinyusb/src/class/cdc/cdc_device.c.obj
 .bss._ctrl_xfer
                0x00000000200010a0       0x14 CMakeFiles/blink2.dir/home/julian/pico/pico-sdk/lib/tinyusb/src/device/usbd_control.c.obj
 .bss._ubsd_mutexdef
                0x00000000200010b4        0x8 CMakeFiles/blink2.dir/home/julian/pico/pico-sdk/lib/tinyusb/src/device/usbd.c.obj
 .bss._usbd_ctrl_buf
                0x00000000200010bc       0x40 CMakeFiles/blink2.dir/home/julian/pico/pico-sdk/lib/tinyusb/src/device/usbd_control.c.obj
 .bss._usbd_dev
                0x00000000200010fc       0x53 CMakeFiles/blink2.dir/home/julian/pico/pico-sdk/lib/tinyusb/src/device/usbd.c.obj
 *fill*         0x000000002000114f        0x1 
 .bss._usbd_mutex
                0x0000000020001150        0x4 CMakeFiles/blink2.dir/home/julian/pico/pico-sdk/lib/tinyusb/src/device/usbd.c.obj
 .bss._usbd_q   0x0000000020001154        0x4 CMakeFiles/blink2.dir/home/julian/pico/pico-sdk/lib/tinyusb/src/device/usbd.c.obj
 .bss._usbd_qdef_buf
                0x0000000020001158       0xc0 CMakeFiles/blink2.dir/home/julian/pico/pico-sdk/lib/tinyusb/src/device/usbd.c.obj
                0x0000000020001158                _usbd_qdef_buf
 .bss.alarm_callbacks
                0x0000000020001218       0x10 CMakeFiles/blink2.dir/home/julian/pico/pico-sdk/src/rp2_common/hardware_timer/timer.c.obj
 .bss.boot2_copyout
                0x0000000020001228      0x100 CMakeFiles/blink2.dir/home/julian/pico/pico-sdk/src/rp2_common/hardware_flash/flash.c.obj
 .bss.chars_available_callback
                0x0000000020001328        0x4 CMakeFiles/blink2.dir/home/julian/pico/pico-sdk/src/rp2_common/pico_stdio_usb/stdio_usb.c.obj
 .bss.chars_available_param
                0x000000002000132c        0x4 CMakeFiles/blink2.dir/home/julian/pico/pico-sdk/src/rp2_common/pico_stdio_usb/stdio_usb.c.obj
 .bss.claimed   0x0000000020001330        0x4 CMakeFiles/blink2.dir/home/julian/pico/pico-sdk/src/rp2_common/hardware_sync/sync.c.obj
 .bss.configured_freq
                0x0000000020001334       0x28 CMakeFiles/blink2.dir/home/julian/pico/pico-sdk/src/rp2_common/hardware_clocks/clocks.c.obj
 .bss.default_alarm_pool_entry_ids_high
                0x000000002000135c       0x10 CMakeFiles/blink2.dir/home/julian/pico/pico-sdk/src/common/pico_time/time.c.obj
 .bss.default_alarm_pool_heap_nodes
                0x000000002000136c       0x30 CMakeFiles/blink2.dir/home/julian/pico/pico-sdk/src/common/pico_time/time.c.obj
 .bss.desc_str.0