Archive member included to satisfy reference by file (symbol)

/usr/lib/gcc/arm-none-eabi/10.3.1/thumb/v6-m/nofp/libgcc.a(_dvmd_tls.o)
                              CMakeFiles/GPIO_BLINK.dir/home/julian/pico/pico-sdk/src/rp2_common/pico_divider/divider.S.obj (__aeabi_idiv0)
/usr/lib/gcc/arm-none-eabi/10.3.1/../../../arm-none-eabi/lib/thumb/v6-m/nofp/libg.a(lib_a-atexit.o)
                              /usr/lib/gcc/arm-none-eabi/10.3.1/../../../arm-none-eabi/lib/thumb/v6-m/nofp/crt0.o (atexit)
/usr/lib/gcc/arm-none-eabi/10.3.1/../../../arm-none-eabi/lib/thumb/v6-m/nofp/libg.a(lib_a-calloc.o)
                              CMakeFiles/GPIO_BLINK.dir/home/julian/pico/pico-sdk/src/rp2_common/pico_malloc/pico_malloc.c.obj (calloc)
/usr/lib/gcc/arm-none-eabi/10.3.1/../../../arm-none-eabi/lib/thumb/v6-m/nofp/libg.a(lib_a-callocr.o)
                              /usr/lib/gcc/arm-none-eabi/10.3.1/../../../arm-none-eabi/lib/thumb/v6-m/nofp/libg.a(lib_a-calloc.o) (_calloc_r)
/usr/lib/gcc/arm-none-eabi/10.3.1/../../../arm-none-eabi/lib/thumb/v6-m/nofp/libg.a(lib_a-fini.o)
                              /usr/lib/gcc/arm-none-eabi/10.3.1/../../../arm-none-eabi/lib/thumb/v6-m/nofp/crt0.o (__libc_fini_array)
/usr/lib/gcc/arm-none-eabi/10.3.1/../../../arm-none-eabi/lib/thumb/v6-m/nofp/libg.a(lib_a-impure.o)
                              /usr/lib/gcc/arm-none-eabi/10.3.1/../../../arm-none-eabi/lib/thumb/v6-m/nofp/libg.a(lib_a-calloc.o) (_impure_ptr)
/usr/lib/gcc/arm-none-eabi/10.3.1/../../../arm-none-eabi/lib/thumb/v6-m/nofp/libg.a(lib_a-init.o)
                              /usr/lib/gcc/arm-none-eabi/10.3.1/../../../arm-none-eabi/lib/thumb/v6-m/nofp/crt0.o (__libc_init_array)
/usr/lib/gcc/arm-none-eabi/10.3.1/../../../arm-none-eabi/lib/thumb/v6-m/nofp/libg.a(lib_a-malloc.o)
                              CMakeFiles/GPIO_BLINK.dir/home/julian/pico/pico-sdk/src/rp2_common/pico_malloc/pico_malloc.c.obj (malloc)
/usr/lib/gcc/arm-none-eabi/10.3.1/../../../arm-none-eabi/lib/thumb/v6-m/nofp/libg.a(lib_a-mallocr.o)
                              /usr/lib/gcc/arm-none-eabi/10.3.1/../../../arm-none-eabi/lib/thumb/v6-m/nofp/libg.a(lib_a-callocr.o) (_malloc_r)
/usr/lib/gcc/arm-none-eabi/10.3.1/../../../arm-none-eabi/lib/thumb/v6-m/nofp/libg.a(lib_a-mlock.o)
                              /usr/lib/gcc/arm-none-eabi/10.3.1/../../../arm-none-eabi/lib/thumb/v6-m/nofp/libg.a(lib_a-mallocr.o) (__malloc_lock)
/usr/lib/gcc/arm-none-eabi/10.3.1/../../../arm-none-eabi/lib/thumb/v6-m/nofp/libg.a(lib_a-realloc.o)
                              CMakeFiles/GPIO_BLINK.dir/home/julian/pico/pico-sdk/src/rp2_common/pico_malloc/pico_malloc.c.obj (realloc)
/usr/lib/gcc/arm-none-eabi/10.3.1/../../../arm-none-eabi/lib/thumb/v6-m/nofp/libg.a(lib_a-reallocr.o)
                              /usr/lib/gcc/arm-none-eabi/10.3.1/../../../arm-none-eabi/lib/thumb/v6-m/nofp/libg.a(lib_a-realloc.o) (_realloc_r)
/usr/lib/gcc/arm-none-eabi/10.3.1/../../../arm-none-eabi/lib/thumb/v6-m/nofp/libg.a(lib_a-sbrkr.o)
                              /usr/lib/gcc/arm-none-eabi/10.3.1/../../../arm-none-eabi/lib/thumb/v6-m/nofp/libg.a(lib_a-mallocr.o) (_sbrk_r)
/usr/lib/gcc/arm-none-eabi/10.3.1/../../../arm-none-eabi/lib/thumb/v6-m/nofp/libg.a(lib_a-strlen-stub.o)
                              CMakeFiles/GPIO_BLINK.dir/home/julian/pico/pico-sdk/src/rp2_common/pico_stdio/stdio.c.obj (strlen)
/usr/lib/gcc/arm-none-eabi/10.3.1/../../../arm-none-eabi/lib/thumb/v6-m/nofp/libg.a(lib_a-__atexit.o)
                              /usr/lib/gcc/arm-none-eabi/10.3.1/../../../arm-none-eabi/lib/thumb/v6-m/nofp/libg.a(lib_a-atexit.o) (__register_exitproc)
/usr/lib/gcc/arm-none-eabi/10.3.1/../../../arm-none-eabi/lib/thumb/v6-m/nofp/libg.a(lib_a-freer.o)
                              /usr/lib/gcc/arm-none-eabi/10.3.1/../../../arm-none-eabi/lib/thumb/v6-m/nofp/libg.a(lib_a-malloc.o) (_free_r)
/usr/lib/gcc/arm-none-eabi/10.3.1/../../../arm-none-eabi/lib/thumb/v6-m/nofp/libg.a(lib_a-memmove.o)
                              /usr/lib/gcc/arm-none-eabi/10.3.1/../../../arm-none-eabi/lib/thumb/v6-m/nofp/libg.a(lib_a-reallocr.o) (memmove)
/usr/lib/gcc/arm-none-eabi/10.3.1/../../../arm-none-eabi/lib/thumb/v6-m/nofp/libg.a(lib_a-reent.o)
                              /usr/lib/gcc/arm-none-eabi/10.3.1/../../../arm-none-eabi/lib/thumb/v6-m/nofp/libg.a(lib_a-sbrkr.o) (errno)

Discarded input sections

 .text          0x0000000000000000        0x0 /usr/lib/gcc/arm-none-eabi/10.3.1/thumb/v6-m/nofp/crti.o
 .data          0x0000000000000000        0x0 /usr/lib/gcc/arm-none-eabi/10.3.1/thumb/v6-m/nofp/crti.o
 .bss           0x0000000000000000        0x0 /usr/lib/gcc/arm-none-eabi/10.3.1/thumb/v6-m/nofp/crti.o
 .data          0x0000000000000000        0x4 /usr/lib/gcc/arm-none-eabi/10.3.1/thumb/v6-m/nofp/crtbegin.o
 .rodata        0x0000000000000000       0x24 /usr/lib/gcc/arm-none-eabi/10.3.1/thumb/v6-m/nofp/crtbegin.o
 .fini_array    0x0000000000000000        0x4 /usr/lib/gcc/arm-none-eabi/10.3.1/thumb/v6-m/nofp/crtbegin.o
[...]
Memory Configuration

Name             Origin             Length             Attributes
FLASH            0x0000000010000000 0x0000000000200000 xr
RAM              0x0000000020000000 0x0000000000040000 xrw
SCRATCH_X        0x0000000020040000 0x0000000000001000 xrw
SCRATCH_Y        0x0000000020041000 0x0000000000001000 xrw
*default*        0x0000000000000000 0xffffffffffffffff

Linker script and memory map

LOAD /usr/lib/gcc/arm-none-eabi/10.3.1/thumb/v6-m/nofp/crti.o
LOAD /usr/lib/gcc/arm-none-eabi/10.3.1/thumb/v6-m/nofp/crtbegin.o
LOAD /usr/lib/gcc/arm-none-eabi/10.3.1/../../../arm-none-eabi/lib/thumb/v6-m/nofp/crt0.o

.flash_begin    0x0000000010000000        0x0
                0x0000000010000000                __flash_binary_start = .

.boot2          0x0000000010000000      0x100
                0x0000000010000000                __boot2_start__ = .
 *(.boot2)
 .boot2         0x0000000010000000      0x100 /tmp/cc8Vye35.o
                0x0000000010000100                __boot2_end__ = .
                0x0000000000000001                ASSERT (((__boot2_end__ - __boot2_start__) == 0x100), ERROR: Pico second stage bootloader must be 256 bytes in size)

.text           0x0000000010000100     0x6710
                0x0000000010000100                __logical_binary_start = .
 *(.vectors)
 .vectors       0x0000000010000100       0xd4 CMakeFiles/GPIO_BLINK.dir/home/julian/pico/pico-sdk/src/rp2_common/pico_standard_link/crt0.S.obj
                0x0000000010000100                __vectors
                0x0000000010000100                __VECTOR_TABLE
                0x00000000100001c0                isr_invalid
                0x00000000100001c0                __default_isrs_start
                0x00000000100001c2                isr_nmi
                0x00000000100001c4                isr_hardfault
                0x00000000100001c6                isr_svcall
                0x00000000100001c8                isr_pendsv
                0x00000000100001ca                isr_systick
                0x00000000100001cc                isr_irq30
                0x00000000100001cc                __unhandled_user_irq
                0x00000000100001cc                isr_irq13
                0x00000000100001cc                isr_irq27
                0x00000000100001cc                isr_irq31
                0x00000000100001cc                isr_irq5
                0x00000000100001cc                isr_irq11
                0x00000000100001cc                isr_irq23
                0x00000000100001cc                isr_irq18
                0x00000000100001cc                isr_irq28
                0x00000000100001cc                isr_irq19
                0x00000000100001cc                isr_irq0
                0x00000000100001cc                isr_irq6
                0x00000000100001cc                isr_irq22
                0x00000000100001cc                isr_irq17
                0x00000000100001cc                isr_irq14
                0x00000000100001cc                isr_irq2
                0x00000000100001cc                isr_irq10
                0x00000000100001cc                isr_irq8
                0x00000000100001cc                isr_irq24
                0x00000000100001cc                isr_irq1
                0x00000000100001cc                isr_irq7
                0x00000000100001cc                isr_irq21
                0x00000000100001cc                isr_irq20
                0x00000000100001cc                isr_irq15
                0x00000000100001cc                isr_irq25
                0x00000000100001cc                isr_irq4
                0x00000000100001cc                isr_irq16
                0x00000000100001cc                isr_irq29
                0x00000000100001cc                isr_irq26
                0x00000000100001cc                __default_isrs_end
                0x00000000100001cc                isr_irq3
                0x00000000100001cc                isr_irq12
                0x00000000100001cc                isr_irq9
                0x00000000100001d2                unhandled_user_irq_num_in_r0
 *(.binary_info_header)
 .binary_info_header
                0x00000000100001d4       0x14 CMakeFiles/GPIO_BLINK.dir/home/julian/pico/pico-sdk/src/rp2_common/pico_standard_link/crt0.S.obj
                0x00000000100001e8                __binary_info_header_end = .
 *(.reset)
 .reset         0x00000000100001e8       0xa0 CMakeFiles/GPIO_BLINK.dir/home/julian/pico/pico-sdk/src/rp2_common/pico_standard_link/crt0.S.obj
                0x00000000100001e8                _entry_point
 .reset         0x0000000010000288       0x30 CMakeFiles/GPIO_BLINK.dir/home/julian/pico/pico-sdk/src/rp2_common/pico_standard_link/binary_info.c.obj
 *(.init)
 .init          0x00000000100002b8        0x4 /usr/lib/gcc/arm-none-eabi/10.3.1/thumb/v6-m/nofp/crti.o
                0x00000000100002b8                _init
 *(EXCLUDE_FILE(*libm.a: *libc.a:*lib_a-mem*.o *libgcc.a:) .text*)
 .text          0x00000000100002bc       0x98 /usr/lib/gcc/arm-none-eabi/10.3.1/thumb/v6-m/nofp/crtbegin.o
 .text.main     0x0000000010000354       0x44 CMakeFiles/GPIO_BLINK.dir/gpio_blink.c.obj
                0x0000000010000354                main
 .text.gpio_set_function
                0x0000000010000398       0x30 CMakeFiles/GPIO_BLINK.dir/home/julian/pico/pico-sdk/src/rp2_common/hardware_gpio/gpio.c.obj
                0x0000000010000398                gpio_set_function
 .text.gpio_init
                0x00000000100003c8       0x16 CMakeFiles/GPIO_BLINK.dir/home/julian/pico/pico-sdk/src/rp2_common/hardware_gpio/gpio.c.obj
                0x00000000100003c8                gpio_init
 *fill*         0x00000000100003de        0x2 
 .text.running_on_fpga
                0x00000000100003e0       0x14 CMakeFiles/GPIO_BLINK.dir/home/julian/pico/pico-sdk/src/rp2_common/pico_platform/platform.c.obj
                0x00000000100003e0                running_on_fpga
 .text.hw_claim_lock
                0x00000000100003f4       0x18 CMakeFiles/GPIO_BLINK.dir/home/julian/pico/pico-sdk/src/rp2_common/hardware_claim/claim.c.obj
                0x00000000100003f4                hw_claim_lock
 .text.hw_claim_unlock
                0x000000001000040c       0x14 CMakeFiles/GPIO_BLINK.dir/home/julian/pico/pico-sdk/src/rp2_common/hardware_claim/claim.c.obj
                0x000000001000040c                hw_claim_unlock
 .text.hw_claim_or_assert
                0x0000000010000420       0x32 CMakeFiles/GPIO_BLINK.dir/home/julian/pico/pico-sdk/src/rp2_common/hardware_claim/claim.c.obj
                0x0000000010000420                hw_claim_or_assert
 .text.hw_claim_unused_from_range
                0x0000000010000452       0x50 CMakeFiles/GPIO_BLINK.dir/home/julian/pico/pico-sdk/src/rp2_common/hardware_claim/claim.c.obj
                0x0000000010000452                hw_claim_unused_from_range
 *fill*         0x00000000100004a2        0x2 
 .text.spin_locks_reset
                0x00000000100004a4       0x20 CMakeFiles/GPIO_BLINK.dir/home/julian/pico/pico-sdk/src/rp2_common/hardware_sync/sync.c.obj
                0x00000000100004a4                spin_locks_reset
 .text.next_striped_spin_lock_num
                0x00000000100004c4       0x1c CMakeFiles/GPIO_BLINK.dir/home/julian/pico/pico-sdk/src/rp2_common/hardware_sync/sync.c.obj
                0x00000000100004c4                next_striped_spin_lock_num
 .text.spin_lock_claim_unused
                0x00000000100004e0       0x20 CMakeFiles/GPIO_BLINK.dir/home/julian/pico/pico-sdk/src/rp2_common/hardware_sync/sync.c.obj
                0x00000000100004e0                spin_lock_claim_unused
 .text.set_raw_irq_handler_and_unlock
                0x0000000010000500       0x28 CMakeFiles/GPIO_BLINK.dir/home/julian/pico/pico-sdk/src/rp2_common/hardware_irq/irq.c.obj
 .text.make_branch
                0x0000000010000528       0x48 CMakeFiles/GPIO_BLINK.dir/home/julian/pico/pico-sdk/src/rp2_common/hardware_irq/irq.c.obj
 .text.insert_branch_and_link
                0x0000000010000570       0x40 CMakeFiles/GPIO_BLINK.dir/home/julian/pico/pico-sdk/src/rp2_common/hardware_irq/irq.c.obj
 .text.irq_is_enabled
                0x00000000100005b0       0x18 CMakeFiles/GPIO_BLINK.dir/home/julian/pico/pico-sdk/src/rp2_common/hardware_irq/irq.c.obj
                0x00000000100005b0                irq_is_enabled
 .text.irq_set_mask_enabled
                0x00000000100005c8       0x20 CMakeFiles/GPIO_BLINK.dir/home/julian/pico/pico-sdk/src/rp2_common/hardware_irq/irq.c.obj
                0x00000000100005c8                irq_set_mask_enabled
 .text.irq_set_enabled
                0x00000000100005e8        0xe CMakeFiles/GPIO_BLINK.dir/home/julian/pico/pico-sdk/src/rp2_common/hardware_irq/irq.c.obj
                0x00000000100005e8                irq_set_enabled
 *fill*         0x00000000100005f6        0x2 
 .text.irq_set_pending
                0x00000000100005f8       0x10 CMakeFiles/GPIO_BLINK.dir/home/julian/pico/pico-sdk/src/rp2_common/hardware_irq/irq.c.obj
                0x00000000100005f8                irq_set_pending
 .text.irq_get_vtable_handler
                0x0000000010000608       0x10 CMakeFiles/GPIO_BLINK.dir/home/julian/pico/pico-sdk/src/rp2_common/hardware_irq/irq.c.obj
                0x0000000010000608                irq_get_vtable_handler
 .text.irq_has_shared_handler
                0x0000000010000618       0x24 CMakeFiles/GPIO_BLINK.dir/home/julian/pico/pico-sdk/src/rp2_common/hardware_irq/irq.c.obj
                0x0000000010000618                irq_has_shared_handler
 .text.irq_set_exclusive_handler
                0x000000001000063c       0x54 CMakeFiles/GPIO_BLINK.dir/home/julian/pico/pico-sdk/src/rp2_common/hardware_irq/irq.c.obj
                0x000000001000063c                irq_set_exclusive_handler
 .text.irq_add_shared_handler
                0x0000000010000690      0x234 CMakeFiles/GPIO_BLINK.dir/home/julian/pico/pico-sdk/src/rp2_common/hardware_irq/irq.c.obj
                0x0000000010000690                irq_add_shared_handler
 .text.irq_remove_handler
                0x00000000100008c4      0x1ac CMakeFiles/GPIO_BLINK.dir/home/julian/pico/pico-sdk/src/rp2_common/hardware_irq/irq.c.obj
                0x00000000100008c4                irq_remove_handler
 .text.irq_add_tail_to_free_list
                0x0000000010000a70       0xf0 CMakeFiles/GPIO_BLINK.dir/home/julian/pico/pico-sdk/src/rp2_common/hardware_irq/irq.c.obj
                0x0000000010000a70                irq_add_tail_to_free_list
 .text.irq_init_priorities
                0x0000000010000b60       0x1c CMakeFiles/GPIO_BLINK.dir/home/julian/pico/pico-sdk/src/rp2_common/hardware_irq/irq.c.obj
                0x0000000010000b60                irq_init_priorities
 .text.user_irq_claim_unused
                0x0000000010000b7c       0x28 CMakeFiles/GPIO_BLINK.dir/home/julian/pico/pico-sdk/src/rp2_common/hardware_irq/irq.c.obj
                0x0000000010000b7c                user_irq_claim_unused
 .text.lock_init
                0x0000000010000ba4       0x10 CMakeFiles/GPIO_BLINK.dir/home/julian/pico/pico-sdk/src/common/pico_sync/lock_core.c.obj
                0x0000000010000ba4                lock_init
 .text.mutex_init
                0x0000000010000bb4       0x1a CMakeFiles/GPIO_BLINK.dir/home/julian/pico/pico-sdk/src/common/pico_sync/mutex.c.obj
                0x0000000010000bb4                mutex_init
 .text.recursive_mutex_init
                0x0000000010000bce       0x1e CMakeFiles/GPIO_BLINK.dir/home/julian/pico/pico-sdk/src/common/pico_sync/mutex.c.obj
                0x0000000010000bce                recursive_mutex_init
 .text.critical_section_init_with_lock_num
                0x0000000010000bec       0x14 CMakeFiles/GPIO_BLINK.dir/home/julian/pico/pico-sdk/src/common/pico_sync/critical_section.c.obj
                0x0000000010000bec                critical_section_init_with_lock_num
 .text.critical_section_init
                0x0000000010000c00       0x14 CMakeFiles/GPIO_BLINK.dir/home/julian/pico/pico-sdk/src/common/pico_sync/critical_section.c.obj
                0x0000000010000c00                critical_section_init
 .text.alarm_pool_post_alloc_init
                0x0000000010000c14       0x40 CMakeFiles/GPIO_BLINK.dir/home/julian/pico/pico-sdk/src/common/pico_time/time.c.obj
 .text.sleep_until_callback
                0x0000000010000c54       0x30 CMakeFiles/GPIO_BLINK.dir/home/julian/pico/pico-sdk/src/common/pico_time/time.c.obj
 .text.timer_pool_entry_comparator
                0x0000000010000c84       0x7c CMakeFiles/GPIO_BLINK.dir/home/julian/pico/pico-sdk/src/common/pico_time/time.c.obj
                0x0000000010000c84                timer_pool_entry_comparator
 .text.ph_add_child_node
                0x0000000010000d00       0xa4 CMakeFiles/GPIO_BLINK.dir/home/julian/pico/pico-sdk/src/common/pico_time/time.c.obj
 .text.ph_merge_nodes
                0x0000000010000da4       0x3e CMakeFiles/GPIO_BLINK.dir/home/julian/pico/pico-sdk/src/common/pico_time/time.c.obj
 *fill*         0x0000000010000de2        0x2 
 .text.add_alarm_under_lock
                0x0000000010000de4      0x174 CMakeFiles/GPIO_BLINK.dir/home/julian/pico/pico-sdk/src/common/pico_time/time.c.obj
 .text.alarm_pool_alarm_callback
                0x0000000010000f58      0x33c CMakeFiles/GPIO_BLINK.dir/home/julian/pico/pico-sdk/src/common/pico_time/time.c.obj
 .text.alarm_pool_init_default
                0x0000000010001294       0x40 CMakeFiles/GPIO_BLINK.dir/home/julian/pico/pico-sdk/src/common/pico_time/time.c.obj
                0x0000000010001294                alarm_pool_init_default
 .text.alarm_pool_get_default
                0x00000000100012d4       0x2c CMakeFiles/GPIO_BLINK.dir/home/julian/pico/pico-sdk/src/common/pico_time/time.c.obj
                0x00000000100012d4                alarm_pool_get_default
 .text.alarm_pool_add_alarm_at
                0x0000000010001300      0x168 CMakeFiles/GPIO_BLINK.dir/home/julian/pico/pico-sdk/src/common/pico_time/time.c.obj
                0x0000000010001300                alarm_pool_add_alarm_at
 .text.alarm_pool_cancel_alarm
                0x0000000010001468       0xf8 CMakeFiles/GPIO_BLINK.dir/home/julian/pico/pico-sdk/src/common/pico_time/time.c.obj
                0x0000000010001468                alarm_pool_cancel_alarm
 .text.alarm_pool_core_num
                0x0000000010001560        0x4 CMakeFiles/GPIO_BLINK.dir/home/julian/pico/pico-sdk/src/common/pico_time/time.c.obj
                0x0000000010001560                alarm_pool_core_num
 .text.sleep_until
                0x0000000010001564       0xfc CMakeFiles/GPIO_BLINK.dir/home/julian/pico/pico-sdk/src/common/pico_time/time.c.obj
                0x0000000010001564                sleep_until
 .text.sleep_us
                0x0000000010001660       0x58 CMakeFiles/GPIO_BLINK.dir/home/julian/pico/pico-sdk/src/common/pico_time/time.c.obj
                0x0000000010001660                sleep_us
 .text.sleep_ms
                0x00000000100016b8       0x14 CMakeFiles/GPIO_BLINK.dir/home/julian/pico/pico-sdk/src/common/pico_time/time.c.obj
                0x00000000100016b8                sleep_ms
 .text.best_effort_wfe_or_timeout
                0x00000000100016cc       0xac CMakeFiles/GPIO_BLINK.dir/home/julian/pico/pico-sdk/src/common/pico_time/time.c.obj
                0x00000000100016cc                best_effort_wfe_or_timeout
 .text.hardware_alarm_irq_handler
                0x0000000010001778       0x90 CMakeFiles/GPIO_BLINK.dir/home/julian/pico/pico-sdk/src/rp2_common/hardware_timer/timer.c.obj
 .text.hardware_alarm_claim
                0x0000000010001808       0x18 CMakeFiles/GPIO_BLINK.dir/home/julian/pico/pico-sdk/src/rp2_common/hardware_timer/timer.c.obj
                0x0000000010001808                hardware_alarm_claim
 .text.time_us_64
                0x0000000010001820       0x18 CMakeFiles/GPIO_BLINK.dir/home/julian/pico/pico-sdk/src/rp2_common/hardware_timer/timer.c.obj
                0x0000000010001820                time_us_64
 .text.busy_wait_until
                0x0000000010001838       0x28 CMakeFiles/GPIO_BLINK.dir/home/julian/pico/pico-sdk/src/rp2_common/hardware_timer/timer.c.obj
                0x0000000010001838                busy_wait_until
 .text.hardware_alarm_set_callback
                0x0000000010001860       0x90 CMakeFiles/GPIO_BLINK.dir/home/julian/pico/pico-sdk/src/rp2_common/hardware_timer/timer.c.obj
                0x0000000010001860                hardware_alarm_set_callback
 .text.hardware_alarm_set_target
                0x00000000100018f0       0xe8 CMakeFiles/GPIO_BLINK.dir/home/julian/pico/pico-sdk/src/rp2_common/hardware_timer/timer.c.obj
                0x00000000100018f0                hardware_alarm_set_target
 .text.hardware_alarm_cancel
                0x00000000100019d8       0x40 CMakeFiles/GPIO_BLINK.dir/home/julian/pico/pico-sdk/src/rp2_common/hardware_timer/timer.c.obj
                0x00000000100019d8                hardware_alarm_cancel
 .text.ph_add_child_node
                0x0000000010001a18       0xa4 CMakeFiles/GPIO_BLINK.dir/home/julian/pico/pico-sdk/src/common/pico_util/pheap.c.obj
 .text.ph_merge_nodes
                0x0000000010001abc       0x3e CMakeFiles/GPIO_BLINK.dir/home/julian/pico/pico-sdk/src/common/pico_util/pheap.c.obj
 *fill*         0x0000000010001afa        0x2 
 .text.ph_clear
                0x0000000010001afc       0x70 CMakeFiles/GPIO_BLINK.dir/home/julian/pico/pico-sdk/src/common/pico_util/pheap.c.obj
                0x0000000010001afc                ph_clear
 .text.ph_post_alloc_init
                0x0000000010001b6c        0xe CMakeFiles/GPIO_BLINK.dir/home/julian/pico/pico-sdk/src/common/pico_util/pheap.c.obj
                0x0000000010001b6c                ph_post_alloc_init
 *fill*         0x0000000010001b7a        0x2 
 .text.ph_merge_two_pass
                0x0000000010001b7c       0xa8 CMakeFiles/GPIO_BLINK.dir/home/julian/pico/pico-sdk/src/common/pico_util/pheap.c.obj
                0x0000000010001b7c                ph_merge_two_pass
 .text.ph_remove_any_head
                0x0000000010001c24      0x128 CMakeFiles/GPIO_BLINK.dir/home/julian/pico/pico-sdk/src/common/pico_util/pheap.c.obj
 .text.ph_remove_head
                0x0000000010001d4c       0x14 CMakeFiles/GPIO_BLINK.dir/home/julian/pico/pico-sdk/src/common/pico_util/pheap.c.obj
                0x0000000010001d4c                ph_remove_head
 .text.ph_remove_and_free_node
                0x0000000010001d60       0xf8 CMakeFiles/GPIO_BLINK.dir/home/julian/pico/pico-sdk/src/common/pico_util/pheap.c.obj
                0x0000000010001d60                ph_remove_and_free_node
 .text.clock_configure
                0x0000000010001e58      0x108 CMakeFiles/GPIO_BLINK.dir/home/julian/pico/pico-sdk/src/rp2_common/hardware_clocks/clocks.c.obj
                0x0000000010001e58                clock_configure
 .text.clocks_init
                0x0000000010001f60      0x100 CMakeFiles/GPIO_BLINK.dir/home/julian/pico/pico-sdk/src/rp2_common/hardware_clocks/clocks.c.obj
                0x0000000010001f60                clocks_init
 .text.pll_init
                0x0000000010002060      0x120 CMakeFiles/GPIO_BLINK.dir/home/julian/pico/pico-sdk/src/rp2_common/hardware_pll/pll.c.obj
                0x0000000010002060                pll_init
 .text.watchdog_start_tick
                0x0000000010002180       0x10 CMakeFiles/GPIO_BLINK.dir/home/julian/pico/pico-sdk/src/rp2_common/hardware_watchdog/watchdog.c.obj
                0x0000000010002180                watchdog_start_tick
 .text.watchdog_update
                0x0000000010002190       0x14 CMakeFiles/GPIO_BLINK.dir/home/julian/pico/pico-sdk/src/rp2_common/hardware_watchdog/watchdog.c.obj
                0x0000000010002190                watchdog_update
 .text._watchdog_enable
                0x00000000100021a4       0x78 CMakeFiles/GPIO_BLINK.dir/home/julian/pico/pico-sdk/src/rp2_common/hardware_watchdog/watchdog.c.obj
                0x00000000100021a4                _watchdog_enable
 .text.watchdog_reboot
                0x000000001000221c       0x48 CMakeFiles/GPIO_BLINK.dir/home/julian/pico/pico-sdk/src/rp2_common/hardware_watchdog/watchdog.c.obj
                0x000000001000221c                watchdog_reboot
 .text.xosc_init
                0x0000000010002264       0x28 CMakeFiles/GPIO_BLINK.dir/home/julian/pico/pico-sdk/src/rp2_common/hardware_xosc/xosc.c.obj
                0x0000000010002264                xosc_init
 .text._exit    0x000000001000228c        0x4 CMakeFiles/GPIO_BLINK.dir/home/julian/pico/pico-sdk/src/rp2_common/pico_runtime/runtime.c.obj
                0x000000001000228c                _exit
 .text.exit     0x0000000010002290        0x6 CMakeFiles/GPIO_BLINK.dir/home/julian/pico/pico-sdk/src/rp2_common/pico_runtime/runtime.c.obj
                0x0000000010002290                exit
 *fill*         0x0000000010002296        0x2 
 .text.__assert_func
                0x0000000010002298       0x3c CMakeFiles/GPIO_BLINK.dir/home/julian/pico/pico-sdk/src/rp2_common/pico_runtime/runtime.c.obj
                0x0000000010002298                __assert_func
 .text.runtime_init
                0x00000000100022d4       0xf8 CMakeFiles/GPIO_BLINK.dir/home/julian/pico/pico-sdk/src/rp2_common/pico_runtime/runtime.c.obj
                0x00000000100022d4                runtime_init
 .text.panic    0x00000000100023cc       0x30 CMakeFiles/GPIO_BLINK.dir/home/julian/pico/pico-sdk/src/rp2_common/pico_runtime/runtime.c.obj
                0x00000000100023cc                panic
 .text._out_null
                0x00000000100023fc        0x2 CMakeFiles/GPIO_BLINK.dir/home/julian/pico/pico-sdk/src/rp2_common/pico_printf/printf.c.obj
 .text._out_fct
                0x00000000100023fe        0xe CMakeFiles/GPIO_BLINK.dir/home/julian/pico/pico-sdk/src/rp2_common/pico_printf/printf.c.obj
 .text._atoi    0x000000001000240c       0x24 CMakeFiles/GPIO_BLINK.dir/home/julian/pico/pico-sdk/src/rp2_common/pico_printf/printf.c.obj
 .text._out_rev
                0x0000000010002430       0xae CMakeFiles/GPIO_BLINK.dir/home/julian/pico/pico-sdk/src/rp2_common/pico_printf/printf.c.obj
 .text._ntoa_format
                0x00000000100024de      0x112 CMakeFiles/GPIO_BLINK.dir/home/julian/pico/pico-sdk/src/rp2_common/pico_printf/printf.c.obj
 .text._ntoa_long
                0x00000000100025f0       0xbc CMakeFiles/GPIO_BLINK.dir/home/julian/pico/pico-sdk/src/rp2_common/pico_printf/printf.c.obj
 .text._ntoa_long_long
                0x00000000100026ac       0xe2 CMakeFiles/GPIO_BLINK.dir/home/julian/pico/pico-sdk/src/rp2_common/pico_printf/printf.c.obj
 *fill*         0x000000001000278e        0x2 
 .text._etoa    0x0000000010002790      0x414 CMakeFiles/GPIO_BLINK.dir/home/julian/pico/pico-sdk/src/rp2_common/pico_printf/printf.c.obj
 .text._ftoa    0x0000000010002ba4      0x354 CMakeFiles/GPIO_BLINK.dir/home/julian/pico/pico-sdk/src/rp2_common/pico_printf/printf.c.obj
 .text._vsnprintf
                0x0000000010002ef8      0x624 CMakeFiles/GPIO_BLINK.dir/home/julian/pico/pico-sdk/src/rp2_common/pico_printf/printf.c.obj
 .text.vfctprintf
                0x000000001000351c       0x20 CMakeFiles/GPIO_BLINK.dir/home/julian/pico/pico-sdk/src/rp2_common/pico_printf/printf.c.obj
                0x000000001000351c                vfctprintf
 .text          0x000000001000353c       0x10 CMakeFiles/GPIO_BLINK.dir/home/julian/pico/pico-sdk/src/rp2_common/pico_bit_ops/bit_ops_aeabi.S.obj
 .text.rom_func_lookup
                0x000000001000354c       0x10 CMakeFiles/GPIO_BLINK.dir/home/julian/pico/pico-sdk/src/rp2_common/pico_bootrom/bootrom.c.obj
                0x000000001000354c                rom_func_lookup
 .text.rom_data_lookup
                0x000000001000355c       0x10 CMakeFiles/GPIO_BLINK.dir/home/julian/pico/pico-sdk/src/rp2_common/pico_bootrom/bootrom.c.obj
                0x000000001000355c                rom_data_lookup
 .text.rom_funcs_lookup
                0x000000001000356c       0x36 CMakeFiles/GPIO_BLINK.dir/home/julian/pico/pico-sdk/src/rp2_common/pico_bootrom/bootrom.c.obj
                0x000000001000356c                rom_funcs_lookup
 *fill*         0x00000000100035a2        0x2 
 .text.__wrap___aeabi_idiv
                0x00000000100035a4       0x50 CMakeFiles/GPIO_BLINK.dir/home/julian/pico/pico-sdk/src/rp2_common/pico_divider/divider.S.obj
                0x00000000100035a4                __wrap___aeabi_idivmod
                0x00000000100035a4                divmod_s32s32
                0x00000000100035a4                div_s32s32
                0x00000000100035a4                __wrap___aeabi_idiv
                0x00000000100035ac                divmod_s32s32_unsafe
                0x00000000100035d8                divmod_s32s32_savestate
 .text.__wrap___aeabi_uidiv
                0x00000000100035f4       0x4c CMakeFiles/GPIO_BLINK.dir/home/julian/pico/pico-sdk/src/rp2_common/pico_divider/divider.S.obj
                0x00000000100035f4                __wrap___aeabi_uidiv
                0x00000000100035f4                __wrap___aeabi_uidivmod
                0x00000000100035f4                div_u32u32
                0x00000000100035f4                divmod_u32u32
                0x00000000100035fc                divmod_u32u32_unsafe
                0x0000000010003624                divmod_u32u32_savestate
 .text.__wrap___aeabi_ldiv
                0x0000000010003640      0x424 CMakeFiles/GPIO_BLINK.dir/home/julian/pico/pico-sdk/src/rp2_common/pico_divider/divider.S.obj
                0x0000000010003640                div_s64s64
                0x0000000010003640                divmod_s64s64
                0x0000000010003640                __wrap___aeabi_ldivmod
                0x0000000010003670                div_u64u64
                0x0000000010003670                divmod_u64u64
                0x0000000010003670                __wrap___aeabi_uldivmod
                0x0000000010003680                divmod_u64u64_savestate
                0x00000000100036a0                divmod_s64s64_unsafe
                0x0000000010003728                divmod_u64u64_unsafe
 .text.__wrap___aeabi_darithmetic
                0x0000000010003a64       0x60 CMakeFiles/GPIO_BLINK.dir/home/julian/pico/pico-sdk/src/rp2_common/pico_double/double_aeabi.S.obj
                0x0000000010003a64                __wrap___aeabi_drsub
                0x0000000010003a6a                __wrap___aeabi_dsub
                0x0000000010003a74                __wrap___aeabi_dadd
                0x0000000010003a7e                __wrap___aeabi_ddiv
                0x0000000010003ab2                __wrap___aeabi_dmul
 .text.__wrap___aeabi_cdcmple
                0x0000000010003ac4       0x6c CMakeFiles/GPIO_BLINK.dir/home/julian/pico/pico-sdk/src/rp2_common/pico_double/double_aeabi.S.obj
                0x0000000010003ac4                __wrap___aeabi_cdrcmple
                0x0000000010003ad4                __wrap___aeabi_cdcmple
                0x0000000010003ad4                __wrap___aeabi_cdcmpeq
 .text.__wrap___aeabi_dcmplt
                0x0000000010003b30        0xc CMakeFiles/GPIO_BLINK.dir/home/julian/pico/pico-sdk/src/rp2_common/pico_double/double_aeabi.S.obj
                0x0000000010003b30                __wrap___aeabi_dcmplt
 .text.__wrap___aeabi_dcmple
                0x0000000010003b3c       0x10 CMakeFiles/GPIO_BLINK.dir/home/julian/pico/pico-sdk/src/rp2_common/pico_double/double_aeabi.S.obj
                0x0000000010003b3c                __wrap___aeabi_dcmple
 .text.__wrap___aeabi_dcmpge
                0x0000000010003b4c       0x10 CMakeFiles/GPIO_BLINK.dir/home/julian/pico/pico-sdk/src/rp2_common/pico_double/double_aeabi.S.obj
                0x0000000010003b4c                __wrap___aeabi_dcmpge
 .text.__wrap___aeabi_dcmpgt
                0x0000000010003b5c        0xa CMakeFiles/GPIO_BLINK.dir/home/julian/pico/pico-sdk/src/rp2_common/pico_double/double_aeabi.S.obj
                0x0000000010003b5c                __wrap___aeabi_dcmpgt
 .text.__wrap___aeabi_dcmpun
                0x0000000010003b66       0x1c CMakeFiles/GPIO_BLINK.dir/home/julian/pico/pico-sdk/src/rp2_common/pico_double/double_aeabi.S.obj
                0x0000000010003b66                __wrap___aeabi_dcmpun
 *fill*         0x0000000010003b82        0x2 
 .text.__wrap___aeabi_i2d
                0x0000000010003b84       0x38 CMakeFiles/GPIO_BLINK.dir/home/julian/pico/pico-sdk/src/rp2_common/pico_double/double_aeabi.S.obj
                0x0000000010003b84                __wrap___aeabi_ui2d
                0x0000000010003b8c                __wrap___aeabi_i2d
 .text.__wrap___aeabi_d2iz
                0x0000000010003bbc       0x48 CMakeFiles/GPIO_BLINK.dir/home/julian/pico/pico-sdk/src/rp2_common/pico_double/double_aeabi.S.obj
                0x0000000010003bbc                __wrap___aeabi_d2iz
                0x0000000010003bbc                double2int_z
 .text.__wrap___aeabi_d2uiz
                0x0000000010003c04       0x10 CMakeFiles/GPIO_BLINK.dir/home/julian/pico/pico-sdk/src/rp2_common/pico_double/double_aeabi.S.obj
                0x0000000010003c04                double2uint
                0x0000000010003c04                __wrap___aeabi_d2uiz
 .text.missing_double_func_shim
                0x0000000010003c14        0xc CMakeFiles/GPIO_BLINK.dir/home/julian/pico/pico-sdk/src/rp2_common/pico_double/double_init_rom.c.obj
 .text.__aeabi_double_init
                0x0000000010003c20       0xcc CMakeFiles/GPIO_BLINK.dir/home/julian/pico/pico-sdk/src/rp2_common/pico_double/double_init_rom.c.obj
                0x0000000010003c20                __aeabi_double_init
 .text.double_table_shim_on_use_helper
                0x0000000010003cec       0x34 CMakeFiles/GPIO_BLINK.dir/home/julian/pico/pico-sdk/src/rp2_common/pico_double/double_v1_rom_shim.S.obj
                0x0000000010003cec                double_table_shim_on_use_helper
 .text.__aeabi_lmul
                0x0000000010003d20       0x32 CMakeFiles/GPIO_BLINK.dir/home/julian/pico/pico-sdk/src/rp2_common/pico_int64_ops/pico_int64_ops_aeabi.S.obj
                0x0000000010003d20                __wrap___aeabi_lmul
 *fill*         0x0000000010003d52        0x2 
 .text.missing_float_func_shim
                0x0000000010003d54        0xc CMakeFiles/GPIO_BLINK.dir/home/julian/pico/pico-sdk/src/rp2_common/pico_float/float_init_rom.c.obj
 .text.__aeabi_float_init
                0x0000000010003d60       0x88 CMakeFiles/GPIO_BLINK.dir/home/julian/pico/pico-sdk/src/rp2_common/pico_float/float_init_rom.c.obj
                0x0000000010003d60                __aeabi_float_init
 .text          0x0000000010003de8       0x10 CMakeFiles/GPIO_BLINK.dir/home/julian/pico/pico-sdk/src/rp2_common/pico_mem_ops/mem_ops_aeabi.S.obj
                0x0000000010003de8                __aeabi_mem_init
 .text.memset   0x0000000010003df8        0xc CMakeFiles/GPIO_BLINK.dir/home/julian/pico/pico-sdk/src/rp2_common/pico_mem_ops/mem_ops_aeabi.S.obj
                0x0000000010003df8                __wrap_memset
 .text.memcpy   0x0000000010003e04        0xc CMakeFiles/GPIO_BLINK.dir/home/julian/pico/pico-sdk/src/rp2_common/pico_mem_ops/mem_ops_aeabi.S.obj
                0x0000000010003e04                __wrap___aeabi_memcpy
                0x0000000010003e04                __wrap_memcpy
 .text.stdio_out_chars_no_crlf
                0x0000000010003e10        0xe CMakeFiles/GPIO_BLINK.dir/home/julian/pico/pico-sdk/src/rp2_common/pico_stdio/stdio.c.obj
 *fill*         0x0000000010003e1e        0x2 
 .text.stdio_out_chars_crlf
                0x0000000010003e20       0x80 CMakeFiles/GPIO_BLINK.dir/home/julian/pico/pico-sdk/src/rp2_common/pico_stdio/stdio.c.obj
 .text.stdio_stack_buffer_flush
                0x0000000010003ea0       0x44 CMakeFiles/GPIO_BLINK.dir/home/julian/pico/pico-sdk/src/rp2_common/pico_stdio/stdio.c.obj
 .text.stdio_buffered_printer
                0x0000000010003ee4       0x20 CMakeFiles/GPIO_BLINK.dir/home/julian/pico/pico-sdk/src/rp2_common/pico_stdio/stdio.c.obj
 .text.stdout_serialize_begin
                0x0000000010003f04       0x5c CMakeFiles/GPIO_BLINK.dir/home/julian/pico/pico-sdk/src/rp2_common/pico_stdio/stdio.c.obj
                0x0000000010003f04                stdout_serialize_begin
 .text.stdout_serialize_end
                0x0000000010003f60       0x10 CMakeFiles/GPIO_BLINK.dir/home/julian/pico/pico-sdk/src/rp2_common/pico_stdio/stdio.c.obj
                0x0000000010003f60                stdout_serialize_end
 .text.stdio_put_string
                0x0000000010003f70       0x98 CMakeFiles/GPIO_BLINK.dir/home/julian/pico/pico-sdk/src/rp2_common/pico_stdio/stdio.c.obj
 .text.stdio_set_driver_enabled
                0x0000000010004008       0x2c CMakeFiles/GPIO_BLINK.dir/home/julian/pico/pico-sdk/src/rp2_common/pico_stdio/stdio.c.obj
                0x0000000010004008                stdio_set_driver_enabled
 .text.stdio_flush
                0x0000000010004034       0x20 CMakeFiles/GPIO_BLINK.dir/home/julian/pico/pico-sdk/src/rp2_common/pico_stdio/stdio.c.obj
                0x0000000010004034                stdio_flush
 .text.__wrap_puts
                0x0000000010004054       0x1e CMakeFiles/GPIO_BLINK.dir/home/julian/pico/pico-sdk/src/rp2_common/pico_stdio/stdio.c.obj
                0x0000000010004054                __wrap_puts
 *fill*         0x0000000010004072        0x2 
 .text.__wrap_vprintf
                0x0000000010004074       0x40 CMakeFiles/GPIO_BLINK.dir/home/julian/pico/pico-sdk/src/rp2_common/pico_stdio/stdio.c.obj
                0x0000000010004074                __wrap_vprintf
 .text.__wrap_printf
                0x00000000100040b4       0x18 CMakeFiles/GPIO_BLINK.dir/home/julian/pico/pico-sdk/src/rp2_common/pico_stdio/stdio.c.obj
                0x00000000100040b4                __wrap_printf
 .text.stdio_init_all
                0x00000000100040cc        0x8 CMakeFiles/GPIO_BLINK.dir/home/julian/pico/pico-sdk/src/rp2_common/pico_stdio/stdio.c.obj
                0x00000000100040cc                stdio_init_all
 .text.resetd_init
                0x00000000100040d4        0x2 CMakeFiles/GPIO_BLINK.dir/home/julian/pico/pico-sdk/src/rp2_common/pico_stdio_usb/reset_interface.c.obj
 *fill*         0x00000000100040d6        0x2 
 .text.resetd_reset
                0x00000000100040d8        0xc CMakeFiles/GPIO_BLINK.dir/home/julian/pico/pico-sdk/src/rp2_common/pico_stdio_usb/reset_interface.c.obj
 .text.resetd_open
                0x00000000100040e4       0x34 CMakeFiles/GPIO_BLINK.dir/home/julian/pico/pico-sdk/src/rp2_common/pico_stdio_usb/reset_interface.c.obj
 .text.resetd_xfer_cb
                0x0000000010004118        0x4 CMakeFiles/GPIO_BLINK.dir/home/julian/pico/pico-sdk/src/rp2_common/pico_stdio_usb/reset_interface.c.obj
 .text.reset_usb_boot
                0x000000001000411c       0x18 CMakeFiles/GPIO_BLINK.dir/home/julian/pico/pico-sdk/src/rp2_common/pico_stdio_usb/reset_interface.c.obj
 .text.resetd_control_xfer_cb
                0x0000000010004134       0x5c CMakeFiles/GPIO_BLINK.dir/home/julian/pico/pico-sdk/src/rp2_common/pico_stdio_usb/reset_interface.c.obj
 .text.usbd_app_driver_get_cb
                0x0000000010004190        0xc CMakeFiles/GPIO_BLINK.dir/home/julian/pico/pico-sdk/src/rp2_common/pico_stdio_usb/reset_interface.c.obj
                0x0000000010004190                usbd_app_driver_get_cb
 .text.tud_cdc_line_coding_cb
                0x000000001000419c       0x28 CMakeFiles/GPIO_BLINK.dir/home/julian/pico/pico-sdk/src/rp2_common/pico_stdio_usb/reset_interface.c.obj
                0x000000001000419c                tud_cdc_line_coding_cb
 .text.stdio_usb_set_chars_available_callback
                0x00000000100041c4       0x14 CMakeFiles/GPIO_BLINK.dir/home/julian/pico/pico-sdk/src/rp2_common/pico_stdio_usb/stdio_usb.c.obj
                0x00000000100041c4                stdio_usb_set_chars_available_callback
 .text.usb_irq  0x00000000100041d8       0x10 CMakeFiles/GPIO_BLINK.dir/home/julian/pico/pico-sdk/src/rp2_common/pico_stdio_usb/stdio_usb.c.obj
 .text.timer_task
                0x00000000100041e8       0x5c CMakeFiles/GPIO_BLINK.dir/home/julian/pico/pico-sdk/src/rp2_common/pico_stdio_usb/stdio_usb.c.obj
 .text.low_priority_worker_irq
                0x0000000010004244       0xdc CMakeFiles/GPIO_BLINK.dir/home/julian/pico/pico-sdk/src/rp2_common/pico_stdio_usb/stdio_usb.c.obj
 .text.tud_cdc_rx_cb
                0x0000000010004320       0x20 CMakeFiles/GPIO_BLINK.dir/home/julian/pico/pico-sdk/src/rp2_common/pico_stdio_usb/stdio_usb.c.obj
                0x0000000010004320                tud_cdc_rx_cb
 .text.stdio_usb_init
                0x0000000010004340      0x11c CMakeFiles/GPIO_BLINK.dir/home/julian/pico/pico-sdk/src/rp2_common/pico_stdio_usb/stdio_usb.c.obj
                0x0000000010004340                stdio_usb_init
 .text.stdio_usb_connected
                0x000000001000445c        0xa CMakeFiles/GPIO_BLINK.dir/home/julian/pico/pico-sdk/src/rp2_common/pico_stdio_usb/stdio_usb.c.obj
                0x000000001000445c                stdio_usb_connected
 *fill*         0x0000000010004466        0x2 
 .text.stdio_usb_in_chars
                0x0000000010004468       0xc4 CMakeFiles/GPIO_BLINK.dir/home/julian/pico/pico-sdk/src/rp2_common/pico_stdio_usb/stdio_usb.c.obj
                0x0000000010004468                stdio_usb_in_chars
 .text.stdio_usb_out_chars
                0x000000001000452c      0x114 CMakeFiles/GPIO_BLINK.dir/home/julian/pico/pico-sdk/src/rp2_common/pico_stdio_usb/stdio_usb.c.obj
 .text.tud_descriptor_device_cb
                0x0000000010004640        0x8 CMakeFiles/GPIO_BLINK.dir/home/julian/pico/pico-sdk/src/rp2_common/pico_stdio_usb/stdio_usb_descriptors.c.obj
                0x0000000010004640                tud_descriptor_device_cb
 .text.tud_descriptor_configuration_cb
                0x0000000010004648        0x8 CMakeFiles/GPIO_BLINK.dir/home/julian/pico/pico-sdk/src/rp2_common/pico_stdio_usb/stdio_usb_descriptors.c.obj
                0x0000000010004648                tud_descriptor_configuration_cb
 .text.tud_descriptor_string_cb
                0x0000000010004650       0x6c CMakeFiles/GPIO_BLINK.dir/home/julian/pico/pico-sdk/src/rp2_common/pico_stdio_usb/stdio_usb_descriptors.c.obj
                0x0000000010004650                tud_descriptor_string_cb
 .text._retrieve_unique_id_on_boot
                0x00000000100046bc       0x10 CMakeFiles/GPIO_BLINK.dir/home/julian/pico/pico-sdk/src/rp2_common/pico_unique_id/unique_id.c.obj
 .text.pico_get_unique_board_id_string
                0x00000000100046cc       0x60 CMakeFiles/GPIO_BLINK.dir/home/julian/pico/pico-sdk/src/rp2_common/pico_unique_id/unique_id.c.obj
                0x00000000100046cc                pico_get_unique_board_id_string
 .text.flash_get_unique_id
                0x000000001000472c       0x46 CMakeFiles/GPIO_BLINK.dir/home/julian/pico/pico-sdk/src/rp2_common/hardware_flash/flash.c.obj
                0x000000001000472c                flash_get_unique_id
 *fill*         0x0000000010004772        0x2 
 .text.hw_endpoint_get_by_addr
                0x0000000010004774       0x18 CMakeFiles/GPIO_BLINK.dir/home/julian/pico/pico-sdk/lib/tinyusb/src/portable/raspberrypi/rp2040/dcd_rp2040.c.obj
 .text._hw_endpoint_alloc
                0x000000001000478c       0x70 CMakeFiles/GPIO_BLINK.dir/home/julian/pico/pico-sdk/lib/tinyusb/src/portable/raspberrypi/rp2040/dcd_rp2040.c.obj
 .text.hw_endpoint_init
                0x00000000100047fc       0x88 CMakeFiles/GPIO_BLINK.dir/home/julian/pico/pico-sdk/lib/tinyusb/src/portable/raspberrypi/rp2040/dcd_rp2040.c.obj
 .text.hw_endpoint_xfer
                0x0000000010004884       0x14 CMakeFiles/GPIO_BLINK.dir/home/julian/pico/pico-sdk/lib/tinyusb/src/portable/raspberrypi/rp2040/dcd_rp2040.c.obj
 .text.dcd_int_enable
                0x0000000010004898       0x2c CMakeFiles/GPIO_BLINK.dir/home/julian/pico/pico-sdk/lib/tinyusb/src/portable/raspberrypi/rp2040/dcd_rp2040.c.obj
                0x0000000010004898                dcd_int_enable
 .text.dcd_set_address
                0x00000000100048c4       0x2c CMakeFiles/GPIO_BLINK.dir/home/julian/pico/pico-sdk/lib/tinyusb/src/portable/raspberrypi/rp2040/dcd_rp2040.c.obj
                0x00000000100048c4                dcd_set_address
 .text.dcd_connect
                0x00000000100048f0       0x10 CMakeFiles/GPIO_BLINK.dir/home/julian/pico/pico-sdk/lib/tinyusb/src/portable/raspberrypi/rp2040/dcd_rp2040.c.obj
                0x00000000100048f0                dcd_connect
 .text.dcd_init
                0x0000000010004900       0x80 CMakeFiles/GPIO_BLINK.dir/home/julian/pico/pico-sdk/lib/tinyusb/src/portable/raspberrypi/rp2040/dcd_rp2040.c.obj
                0x0000000010004900                dcd_init
 .text.dcd_edpt0_status_complete
                0x0000000010004980       0x1c CMakeFiles/GPIO_BLINK.dir/home/julian/pico/pico-sdk/lib/tinyusb/src/portable/raspberrypi/rp2040/dcd_rp2040.c.obj
                0x0000000010004980                dcd_edpt0_status_complete
 .text.dcd_edpt_open
                0x000000001000499c       0x40 CMakeFiles/GPIO_BLINK.dir/home/julian/pico/pico-sdk/lib/tinyusb/src/portable/raspberrypi/rp2040/dcd_rp2040.c.obj
                0x000000001000499c                dcd_edpt_open
 .text.dcd_edpt_close_all
                0x00000000100049dc        0x8 CMakeFiles/GPIO_BLINK.dir/home/julian/pico/pico-sdk/lib/tinyusb/src/portable/raspberrypi/rp2040/dcd_rp2040.c.obj
                0x00000000100049dc                dcd_edpt_close_all
 .text.dcd_edpt_xfer
                0x00000000100049e4       0x34 CMakeFiles/GPIO_BLINK.dir/home/julian/pico/pico-sdk/lib/tinyusb/src/portable/raspberrypi/rp2040/dcd_rp2040.c.obj
                0x00000000100049e4                dcd_edpt_xfer
 .text.dcd_edpt_stall
                0x0000000010004a18       0x2c CMakeFiles/GPIO_BLINK.dir/home/julian/pico/pico-sdk/lib/tinyusb/src/portable/raspberrypi/rp2040/dcd_rp2040.c.obj
                0x0000000010004a18                dcd_edpt_stall
 .text.dcd_edpt_clear_stall
                0x0000000010004a44       0x20 CMakeFiles/GPIO_BLINK.dir/home/julian/pico/pico-sdk/lib/tinyusb/src/portable/raspberrypi/rp2040/dcd_rp2040.c.obj
                0x0000000010004a44                dcd_edpt_clear_stall
 .text.rp2040_usb_init
                0x0000000010004a64       0x4c CMakeFiles/GPIO_BLINK.dir/home/julian/pico/pico-sdk/lib/tinyusb/src/portable/raspberrypi/rp2040/rp2040_usb.c.obj
                0x0000000010004a64                rp2040_usb_init
 .text.hw_endpoint_xfer_start
                0x0000000010004ab0       0x50 CMakeFiles/GPIO_BLINK.dir/home/julian/pico/pico-sdk/lib/tinyusb/src/portable/raspberrypi/rp2040/rp2040_usb.c.obj
                0x0000000010004ab0                hw_endpoint_xfer_start
 .text.configuration_reset
                0x0000000010004b00       0x84 CMakeFiles/GPIO_BLINK.dir/home/julian/pico/pico-sdk/lib/tinyusb/src/device/usbd.c.obj
 .text.usbd_reset
                0x0000000010004b84        0xc CMakeFiles/GPIO_BLINK.dir/home/julian/pico/pico-sdk/lib/tinyusb/src/device/usbd.c.obj
 .text.invoke_class_control
                0x0000000010004b90       0x1a CMakeFiles/GPIO_BLINK.dir/home/julian/pico/pico-sdk/lib/tinyusb/src/device/usbd.c.obj
 *fill*         0x0000000010004baa        0x2 
 .text.process_set_config
                0x0000000010004bac      0x178 CMakeFiles/GPIO_BLINK.dir/home/julian/pico/pico-sdk/lib/tinyusb/src/device/usbd.c.obj
 .text.process_get_descriptor
                0x0000000010004d24       0xdc CMakeFiles/GPIO_BLINK.dir/home/julian/pico/pico-sdk/lib/tinyusb/src/device/usbd.c.obj
 .text.tud_mounted
                0x0000000010004e00       0x10 CMakeFiles/GPIO_BLINK.dir/home/julian/pico/pico-sdk/lib/tinyusb/src/device/usbd.c.obj
                0x0000000010004e00                tud_mounted
 .text.tud_suspended
                0x0000000010004e10       0x10 CMakeFiles/GPIO_BLINK.dir/home/julian/pico/pico-sdk/lib/tinyusb/src/device/usbd.c.obj
                0x0000000010004e10                tud_suspended
 .text.tud_inited
                0x0000000010004e20       0x14 CMakeFiles/GPIO_BLINK.dir/home/julian/pico/pico-sdk/lib/tinyusb/src/device/usbd.c.obj
                0x0000000010004e20                tud_inited
 .text.tud_init
                0x0000000010004e34       0xcc CMakeFiles/GPIO_BLINK.dir/home/julian/pico/pico-sdk/lib/tinyusb/src/device/usbd.c.obj
                0x0000000010004e34                tud_init
 .text.usbd_defer_func
                0x0000000010004f00       0x2a CMakeFiles/GPIO_BLINK.dir/home/julian/pico/pico-sdk/lib/tinyusb/src/device/usbd.c.obj
                0x0000000010004f00                usbd_defer_func
 *fill*         0x0000000010004f2a        0x2 
 .text.usbd_edpt_open
                0x0000000010004f2c       0x34 CMakeFiles/GPIO_BLINK.dir/home/julian/pico/pico-sdk/lib/tinyusb/src/device/usbd.c.obj
                0x0000000010004f2c                usbd_edpt_open
 .text.usbd_open_edpt_pair
                0x0000000010004f60       0x62 CMakeFiles/GPIO_BLINK.dir/home/julian/pico/pico-sdk/lib/tinyusb/src/device/usbd.c.obj
                0x0000000010004f60                usbd_open_edpt_pair
 *fill*         0x0000000010004fc2        0x2 
 .text.usbd_edpt_claim
                0x0000000010004fc4       0x28 CMakeFiles/GPIO_BLINK.dir/home/julian/pico/pico-sdk/lib/tinyusb/src/device/usbd.c.obj
                0x0000000010004fc4                usbd_edpt_claim
 .text.usbd_edpt_release
                0x0000000010004fec       0x28 CMakeFiles/GPIO_BLINK.dir/home/julian/pico/pico-sdk/lib/tinyusb/src/device/usbd.c.obj
                0x0000000010004fec                usbd_edpt_release
 .text.usbd_edpt_xfer
                0x0000000010005014       0x78 CMakeFiles/GPIO_BLINK.dir/home/julian/pico/pico-sdk/lib/tinyusb/src/device/usbd.c.obj
                0x0000000010005014                usbd_edpt_xfer
 .text.usbd_edpt_stall
                0x000000001000508c       0x48 CMakeFiles/GPIO_BLINK.dir/home/julian/pico/pico-sdk/lib/tinyusb/src/device/usbd.c.obj
                0x000000001000508c                usbd_edpt_stall
 .text.usbd_edpt_clear_stall
                0x00000000100050d4       0x48 CMakeFiles/GPIO_BLINK.dir/home/julian/pico/pico-sdk/lib/tinyusb/src/device/usbd.c.obj
                0x00000000100050d4                usbd_edpt_clear_stall
 .text.usbd_edpt_stalled
                0x000000001000511c       0x1c CMakeFiles/GPIO_BLINK.dir/home/julian/pico/pico-sdk/lib/tinyusb/src/device/usbd.c.obj
                0x000000001000511c                usbd_edpt_stalled
 .text.process_control_request
                0x0000000010005138      0x37c CMakeFiles/GPIO_BLINK.dir/home/julian/pico/pico-sdk/lib/tinyusb/src/device/usbd.c.obj
 .text.tud_task_ext
                0x00000000100054b4      0x1b8 CMakeFiles/GPIO_BLINK.dir/home/julian/pico/pico-sdk/lib/tinyusb/src/device/usbd.c.obj
                0x00000000100054b4                tud_task_ext
 .text._data_stage_xact
                0x000000001000566c       0x58 CMakeFiles/GPIO_BLINK.dir/home/julian/pico/pico-sdk/lib/tinyusb/src/device/usbd_control.c.obj
 .text.tud_control_status
                0x00000000100056c4       0x38 CMakeFiles/GPIO_BLINK.dir/home/julian/pico/pico-sdk/lib/tinyusb/src/device/usbd_control.c.obj
                0x00000000100056c4                tud_control_status
 .text.tud_control_xfer
                0x00000000100056fc       0x74 CMakeFiles/GPIO_BLINK.dir/home/julian/pico/pico-sdk/lib/tinyusb/src/device/usbd_control.c.obj
                0x00000000100056fc                tud_control_xfer
 .text.usbd_control_reset
                0x0000000010005770       0x14 CMakeFiles/GPIO_BLINK.dir/home/julian/pico/pico-sdk/lib/tinyusb/src/device/usbd_control.c.obj
                0x0000000010005770                usbd_control_reset
 .text.usbd_control_set_complete_callback
                0x0000000010005784        0xc CMakeFiles/GPIO_BLINK.dir/home/julian/pico/pico-sdk/lib/tinyusb/src/device/usbd_control.c.obj
                0x0000000010005784                usbd_control_set_complete_callback
 .text.usbd_control_set_request
                0x0000000010005790       0x1c CMakeFiles/GPIO_BLINK.dir/home/julian/pico/pico-sdk/lib/tinyusb/src/device/usbd_control.c.obj
                0x0000000010005790                usbd_control_set_request
 .text.usbd_control_xfer_cb
                0x00000000100057ac       0xcc CMakeFiles/GPIO_BLINK.dir/home/julian/pico/pico-sdk/lib/tinyusb/src/device/usbd_control.c.obj
                0x00000000100057ac                usbd_control_xfer_cb
 .text._prep_out_transaction
                0x0000000010005878       0x4a CMakeFiles/GPIO_BLINK.dir/home/julian/pico/pico-sdk/lib/tinyusb/src/class/cdc/cdc_device.c.obj
 *fill*         0x00000000100058c2        0x2 
 .text.tud_cdc_n_connected
                0x00000000100058c4       0x44 CMakeFiles/GPIO_BLINK.dir/home/julian/pico/pico-sdk/lib/tinyusb/src/class/cdc/cdc_device.c.obj
                0x00000000100058c4                tud_cdc_n_connected
 .text.tud_cdc_n_available
                0x0000000010005908       0x18 CMakeFiles/GPIO_BLINK.dir/home/julian/pico/pico-sdk/lib/tinyusb/src/class/cdc/cdc_device.c.obj
                0x0000000010005908                tud_cdc_n_available
 .text.tud_cdc_n_read
                0x0000000010005920       0x28 CMakeFiles/GPIO_BLINK.dir/home/julian/pico/pico-sdk/lib/tinyusb/src/class/cdc/cdc_device.c.obj
                0x0000000010005920                tud_cdc_n_read
 .text.tud_cdc_n_write_flush
                0x0000000010005948       0xb8 CMakeFiles/GPIO_BLINK.dir/home/julian/pico/pico-sdk/lib/tinyusb/src/class/cdc/cdc_device.c.obj
                0x0000000010005948                tud_cdc_n_write_flush
 .text.tud_cdc_n_write
                0x0000000010005a00       0x38 CMakeFiles/GPIO_BLINK.dir/home/julian/pico/pico-sdk/lib/tinyusb/src/class/cdc/cdc_device.c.obj
                0x0000000010005a00                tud_cdc_n_write
 .text.tud_cdc_n_write_available
                0x0000000010005a38       0x1c CMakeFiles/GPIO_BLINK.dir/home/julian/pico/pico-sdk/lib/tinyusb/src/class/cdc/cdc_device.c.obj
                0x0000000010005a38                tud_cdc_n_write_available
 .text.cdcd_init
                0x0000000010005a54       0xbc CMakeFiles/GPIO_BLINK.dir/home/julian/pico/pico-sdk/lib/tinyusb/src/class/cdc/cdc_device.c.obj
                0x0000000010005a54                cdcd_init
 .text.cdcd_reset
                0x0000000010005b10       0x44 CMakeFiles/GPIO_BLINK.dir/home/julian/pico/pico-sdk/lib/tinyusb/src/class/cdc/cdc_device.c.obj
                0x0000000010005b10                cdcd_reset
 .text.cdcd_open
                0x0000000010005b54       0xcc CMakeFiles/GPIO_BLINK.dir/home/julian/pico/pico-sdk/lib/tinyusb/src/class/cdc/cdc_device.c.obj
                0x0000000010005b54                cdcd_open
 .text.cdcd_control_xfer_cb
                0x0000000010005c20      0x134 CMakeFiles/GPIO_BLINK.dir/home/julian/pico/pico-sdk/lib/tinyusb/src/class/cdc/cdc_device.c.obj
                0x0000000010005c20                cdcd_control_xfer_cb
 .text.cdcd_xfer_cb
                0x0000000010005d54      0x130 CMakeFiles/GPIO_BLINK.dir/home/julian/pico/pico-sdk/lib/tinyusb/src/class/cdc/cdc_device.c.obj
                0x0000000010005d54                cdcd_xfer_cb
 .text.tusb_init
                0x0000000010005e84        0xa CMakeFiles/GPIO_BLINK.dir/home/julian/pico/pico-sdk/lib/tinyusb/src/tusb.c.obj
                0x0000000010005e84                tusb_init
 .text.tusb_inited
                0x0000000010005e8e        0xe CMakeFiles/GPIO_BLINK.dir/home/julian/pico/pico-sdk/lib/tinyusb/src/tusb.c.obj
                0x0000000010005e8e                tusb_inited
 .text.tu_edpt_claim
                0x0000000010005e9c       0x50 CMakeFiles/GPIO_BLINK.dir/home/julian/pico/pico-sdk/lib/tinyusb/src/tusb.c.obj
                0x0000000010005e9c                tu_edpt_claim
 .text.tu_edpt_release
                0x0000000010005eec       0x3c CMakeFiles/GPIO_BLINK.dir/home/julian/pico/pico-sdk/lib/tinyusb/src/tusb.c.obj
                0x0000000010005eec                tu_edpt_release
 .text.tu_edpt_validate
                0x0000000010005f28       0x78 CMakeFiles/GPIO_BLINK.dir/home/julian/pico/pico-sdk/lib/tinyusb/src/tusb.c.obj
                0x0000000010005f28                tu_edpt_validate
 .text.tu_edpt_bind_driver
                0x0000000010005fa0       0x26 CMakeFiles/GPIO_BLINK.dir/home/julian/pico/pico-sdk/lib/tinyusb/src/tusb.c.obj
                0x0000000010005fa0                tu_edpt_bind_driver
 .text.advance_index
                0x0000000010005fc6       0x1a CMakeFiles/GPIO_BLINK.dir/home/julian/pico/pico-sdk/lib/tinyusb/src/common/tusb_fifo.c.obj
 .text._tu_fifo_peek
                0x0000000010005fe0       0x56 CMakeFiles/GPIO_BLINK.dir/home/julian/pico/pico-sdk/lib/tinyusb/src/common/tusb_fifo.c.obj
 .text._ff_pull_const_addr
                0x0000000010006036       0x4c CMakeFiles/GPIO_BLINK.dir/home/julian/pico/pico-sdk/lib/tinyusb/src/common/tusb_fifo.c.obj
 .text._ff_pull_n
                0x0000000010006082      0x110 CMakeFiles/GPIO_BLINK.dir/home/julian/pico/pico-sdk/lib/tinyusb/src/common/tusb_fifo.c.obj
 .text._tu_fifo_peek_n
                0x0000000010006192       0x6a CMakeFiles/GPIO_BLINK.dir/home/julian/pico/pico-sdk/lib/tinyusb/src/common/tusb_fifo.c.obj
 .text._tu_fifo_read_n
                0x00000000100061fc       0x4e CMakeFiles/GPIO_BLINK.dir/home/julian/pico/pico-sdk/lib/tinyusb/src/common/tusb_fifo.c.obj
 .text._ff_push_const_addr
                0x000000001000624a       0x40 CMakeFiles/GPIO_BLINK.dir/home/julian/pico/pico-sdk/lib/tinyusb/src/common/tusb_fifo.c.obj
 .text._ff_push_n
                0x000000001000628a      0x10c CMakeFiles/GPIO_BLINK.dir/home/julian/pico/pico-sdk/lib/tinyusb/src/common/tusb_fifo.c.obj
 .text._tu_fifo_write_n
                0x0000000010006396       0xf0 CMakeFiles/GPIO_BLINK.dir/home/julian/pico/pico-sdk/lib/tinyusb/src/common/tusb_fifo.c.obj
 .text.tu_fifo_config
                0x0000000010006486       0x7c CMakeFiles/GPIO_BLINK.dir/home/julian/pico/pico-sdk/lib/tinyusb/src/common/tusb_fifo.c.obj
                0x0000000010006486                tu_fifo_config
 .text.tu_fifo_count
                0x0000000010006502       0x2a CMakeFiles/GPIO_BLINK.dir/home/julian/pico/pico-sdk/lib/tinyusb/src/common/tusb_fifo.c.obj
                0x0000000010006502                tu_fifo_count
 .text.tu_fifo_empty
                0x000000001000652c       0x10 CMakeFiles/GPIO_BLINK.dir/home/julian/pico/pico-sdk/lib/tinyusb/src/common/tusb_fifo.c.obj
                0x000000001000652c                tu_fifo_empty
 .text.tu_fifo_full
                0x000000001000653c       0x28 CMakeFiles/GPIO_BLINK.dir/home/julian/pico/pico-sdk/lib/tinyusb/src/common/tusb_fifo.c.obj
                0x000000001000653c                tu_fifo_full
 .text.tu_fifo_remaining
                0x0000000010006564       0x2c CMakeFiles/GPIO_BLINK.dir/home/julian/pico/pico-sdk/lib/tinyusb/src/common/tusb_fifo.c.obj
                0x0000000010006564                tu_fifo_remaining
 .text.tu_fifo_read
                0x0000000010006590       0x42 CMakeFiles/GPIO_BLINK.dir/home/julian/pico/pico-sdk/lib/tinyusb/src/common/tusb_fifo.c.obj
                0x0000000010006590                tu_fifo_read
 .text.tu_fifo_read_n
                0x00000000100065d2        0xa CMakeFiles/GPIO_BLINK.dir/home/julian/pico/pico-sdk/lib/tinyusb/src/common/tusb_fifo.c.obj
                0x00000000100065d2                tu_fifo_read_n
 .text.tu_fifo_write
                0x00000000100065dc       0x64 CMakeFiles/GPIO_BLINK.dir/home/julian/pico/pico-sdk/lib/tinyusb/src/common/tusb_fifo.c.obj
                0x00000000100065dc                tu_fifo_write
 .text.tu_fifo_write_n
                0x0000000010006640        0xa CMakeFiles/GPIO_BLINK.dir/home/julian/pico/pico-sdk/lib/tinyusb/src/common/tusb_fifo.c.obj
                0x0000000010006640                tu_fifo_write_n
 .text.tu_fifo_clear
                0x000000001000664a       0x3e CMakeFiles/GPIO_BLINK.dir/home/julian/pico/pico-sdk/lib/tinyusb/src/common/tusb_fifo.c.obj
                0x000000001000664a                tu_fifo_clear
 .text.tu_fifo_set_overwritable
                0x0000000010006688       0x46 CMakeFiles/GPIO_BLINK.dir/home/julian/pico/pico-sdk/lib/tinyusb/src/common/tusb_fifo.c.obj
                0x0000000010006688                tu_fifo_set_overwritable
 *fill*         0x00000000100066ce        0x2 
 .text          0x00000000100066d0       0x5c /usr/lib/gcc/arm-none-eabi/10.3.1/../../../arm-none-eabi/lib/thumb/v6-m/nofp/libg.a(lib_a-strlen-stub.o)
                0x00000000100066d0                strlen
 *(.fini)
 .fini          0x000000001000672c        0x4 /usr/lib/gcc/arm-none-eabi/10.3.1/thumb/v6-m/nofp/crti.o
                0x000000001000672c                _fini
 .fini.__stub   0x0000000010006730       0xe0 linker stubs
 *crtbegin.o(.ctors)
 *crtbegin?.o(.ctors)
 *(EXCLUDE_FILE(*crtend.o *crtend?.o) .ctors)
 *(SORT_BY_NAME(.ctors.*))
 *(.ctors)
 *crtbegin.o(.dtors)
 *crtbegin?.o(.dtors)
 *(EXCLUDE_FILE(*crtend.o *crtend?.o) .dtors)
 *(SORT_BY_NAME(.dtors.*))
 *(.dtors)
 *(.eh_frame*)
 .eh_frame      0x0000000010006810        0x0 /usr/lib/gcc/arm-none-eabi/10.3.1/thumb/v6-m/nofp/crtbegin.o
                0x0000000010006810                . = ALIGN (0x4)

.glue_7         0x0000000010006810        0x0
 .glue_7        0x0000000010006810        0x0 linker stubs

.glue_7t        0x0000000010006810        0x0
 .glue_7t       0x0000000010006810        0x0 linker stubs

.vfp11_veneer   0x0000000010006810        0x0
 .vfp11_veneer  0x0000000010006810        0x0 linker stubs

.v4_bx          0x0000000010006810        0x0
 .v4_bx         0x0000000010006810        0x0 linker stubs

.iplt           0x0000000010006810        0x0
 .iplt          0x0000000010006810        0x0 /usr/lib/gcc/arm-none-eabi/10.3.1/thumb/v6-m/nofp/crtbegin.o

.rodata         0x0000000010006810     0x157c
 *(EXCLUDE_FILE(*libm.a: *libc.a:*lib_a-mem*.o *libgcc.a:) .rodata*)
 .rodata.main.str1.4
                0x0000000010006810        0xf CMakeFiles/GPIO_BLINK.dir/gpio_blink.c.obj
 *fill*         0x000000001000681f        0x1 
 .rodata.spin_lock_claim_unused.str1.4
                0x0000000010006820       0x1b CMakeFiles/GPIO_BLINK.dir/home/julian/pico/pico-sdk/src/rp2_common/hardware_sync/sync.c.obj
 *fill*         0x000000001000683b        0x1 
 .rodata.make_branch.str1.4
                0x000000001000683c       0x6d CMakeFiles/GPIO_BLINK.dir/home/julian/pico/pico-sdk/src/rp2_common/hardware_irq/irq.c.obj
 *fill*         0x00000000100068a9        0x3 
 .rodata.insert_branch_and_link.str1.4
                0x00000000100068ac       0x10 CMakeFiles/GPIO_BLINK.dir/home/julian/pico/pico-sdk/src/rp2_common/hardware_irq/irq.c.obj
 .rodata.irq_set_exclusive_handler.str1.4
                0x00000000100068bc       0x36 CMakeFiles/GPIO_BLINK.dir/home/julian/pico/pico-sdk/src/rp2_common/hardware_irq/irq.c.obj
 *fill*         0x00000000100068f2        0x2 
 .rodata.irq_add_shared_handler.str1.4
                0x00000000100068f4       0xd9 CMakeFiles/GPIO_BLINK.dir/home/julian/pico/pico-sdk/src/rp2_common/hardware_irq/irq.c.obj
 *fill*         0x00000000100069cd        0x3 
 .rodata.irq_remove_handler.str1.4
                0x00000000100069d0       0x3a CMakeFiles/GPIO_BLINK.dir/home/julian/pico/pico-sdk/src/rp2_common/hardware_irq/irq.c.obj
 *fill*         0x0000000010006a0a        0x2 
 .rodata.irq_add_tail_to_free_list.str1.4
                0x0000000010006a0c       0x3a CMakeFiles/GPIO_BLINK.dir/home/julian/pico/pico-sdk/src/rp2_common/hardware_irq/irq.c.obj
 *fill*         0x0000000010006a46        0x2 
 .rodata.user_irq_claim_unused.str1.4
                0x0000000010006a48       0x1b CMakeFiles/GPIO_BLINK.dir/home/julian/pico/pico-sdk/src/rp2_common/hardware_irq/irq.c.obj
 *fill*         0x0000000010006a63        0x1 
 .rodata.__func__.0
                0x0000000010006a64       0x1a CMakeFiles/GPIO_BLINK.dir/home/julian/pico/pico-sdk/src/rp2_common/hardware_irq/irq.c.obj
 *fill*         0x0000000010006a7e        0x2 
 .rodata.__func__.1
                0x0000000010006a80       0x17 CMakeFiles/GPIO_BLINK.dir/home/julian/pico/pico-sdk/src/rp2_common/hardware_irq/irq.c.obj
 *fill*         0x0000000010006a97        0x1 
 .rodata.__func__.2
                0x0000000010006a98       0x13 CMakeFiles/GPIO_BLINK.dir/home/julian/pico/pico-sdk/src/rp2_common/hardware_irq/irq.c.obj
 *fill*         0x0000000010006aab        0x1 
 .rodata.__func__.3
                0x0000000010006aac        0xc CMakeFiles/GPIO_BLINK.dir/home/julian/pico/pico-sdk/src/rp2_common/hardware_irq/irq.c.obj
 .rodata.__func__.4
                0x0000000010006ab8        0xf CMakeFiles/GPIO_BLINK.dir/home/julian/pico/pico-sdk/src/rp2_common/hardware_irq/irq.c.obj
 *fill*         0x0000000010006ac7        0x1 
 .rodata.__func__.5
                0x0000000010006ac8       0x17 CMakeFiles/GPIO_BLINK.dir/home/julian/pico/pico-sdk/src/rp2_common/hardware_irq/irq.c.obj
 *fill*         0x0000000010006adf        0x1 
 .rodata.__func__.6
                0x0000000010006ae0       0x1a CMakeFiles/GPIO_BLINK.dir/home/julian/pico/pico-sdk/src/rp2_common/hardware_irq/irq.c.obj
 *fill*         0x0000000010006afa        0x2 
 .rodata.str1.4
                0x0000000010006afc       0xed CMakeFiles/GPIO_BLINK.dir/home/julian/pico/pico-sdk/src/common/pico_sync/mutex.c.obj
 *fill*         0x0000000010006be9        0x3 
 .rodata.__func__.1
                0x0000000010006bec        0xb CMakeFiles/GPIO_BLINK.dir/home/julian/pico/pico-sdk/src/common/pico_sync/mutex.c.obj
 *fill*         0x0000000010006bf7        0x1 
 .rodata.__func__.3
                0x0000000010006bf8       0x18 CMakeFiles/GPIO_BLINK.dir/home/julian/pico/pico-sdk/src/common/pico_sync/mutex.c.obj
 .rodata.__func__.4
                0x0000000010006c10       0x15 CMakeFiles/GPIO_BLINK.dir/home/julian/pico/pico-sdk/src/common/pico_sync/mutex.c.obj
 *fill*         0x0000000010006c25        0x3 
 .rodata.repeating_timer_callback.str1.4
                0x0000000010006c28       0x4b CMakeFiles/GPIO_BLINK.dir/home/julian/pico/pico-sdk/src/common/pico_time/time.c.obj
 *fill*         0x0000000010006c73        0x1 
 .rodata.timer_pool_entry_comparator.str1.4
                0x0000000010006c74       0x22 CMakeFiles/GPIO_BLINK.dir/home/julian/pico/pico-sdk/src/common/pico_time/time.c.obj
 *fill*         0x0000000010006c96        0x2 
 .rodata.ph_add_child_node.str1.4
                0x0000000010006c98       0x96 CMakeFiles/GPIO_BLINK.dir/home/julian/pico/pico-sdk/src/common/pico_time/time.c.obj
 *fill*         0x0000000010006d2e        0x2 
 .rodata.add_alarm_under_lock.str1.4
                0x0000000010006d30       0x28 CMakeFiles/GPIO_BLINK.dir/home/julian/pico/pico-sdk/src/common/pico_time/time.c.obj
                                         0x2b (size before relaxing)
 .rodata.alarm_pool_alarm_callback.str1.4
                0x0000000010006d58       0x98 CMakeFiles/GPIO_BLINK.dir/home/julian/pico/pico-sdk/src/common/pico_time/time.c.obj
                                         0xfc (size before relaxing)
 .rodata.alarm_pool_get_default.str1.4
                0x0000000010006df0       0x21 CMakeFiles/GPIO_BLINK.dir/home/julian/pico/pico-sdk/src/common/pico_time/time.c.obj
 *fill*         0x0000000010006e11        0x3 
 .rodata.alarm_pool_cancel_alarm.str1.4
                0x0000000010006e14       0x27 CMakeFiles/GPIO_BLINK.dir/home/julian/pico/pico-sdk/src/common/pico_time/time.c.obj
 *fill*         0x0000000010006e3b        0x1 
 .rodata.sleep_until.str1.4
                0x0000000010006e3c       0x4d CMakeFiles/GPIO_BLINK.dir/home/julian/pico/pico-sdk/src/common/pico_time/time.c.obj
 *fill*         0x0000000010006e89        0x3 
 .rodata.__func__.1
                0x0000000010006e8c       0x18 CMakeFiles/GPIO_BLINK.dir/home/julian/pico/pico-sdk/src/common/pico_time/time.c.obj
 .rodata.__func__.10
                0x0000000010006ea4       0x15 CMakeFiles/GPIO_BLINK.dir/home/julian/pico/pico-sdk/src/common/pico_time/time.c.obj
 *fill*         0x0000000010006eb9        0x3 
 .rodata.__func__.11
                0x0000000010006ebc       0x1a CMakeFiles/GPIO_BLINK.dir/home/julian/pico/pico-sdk/src/common/pico_time/time.c.obj
 *fill*         0x0000000010006ed6        0x2 
 .rodata.__func__.12
                0x0000000010006ed8        0xa CMakeFiles/GPIO_BLINK.dir/home/julian/pico/pico-sdk/src/common/pico_time/time.c.obj
 *fill*         0x0000000010006ee2        0x2 
 .rodata.__func__.3
                0x0000000010006ee4       0x17 CMakeFiles/GPIO_BLINK.dir/home/julian/pico/pico-sdk/src/common/pico_time/time.c.obj
 *fill*         0x0000000010006efb        0x1 
 .rodata.__func__.4
                0x0000000010006efc       0x12 CMakeFiles/GPIO_BLINK.dir/home/julian/pico/pico-sdk/src/common/pico_time/time.c.obj
 *fill*         0x0000000010006f0e        0x2 
 .rodata.__func__.5
                0x0000000010006f10        0xd CMakeFiles/GPIO_BLINK.dir/home/julian/pico/pico-sdk/src/common/pico_time/time.c.obj
 *fill*         0x0000000010006f1d        0x3 
 .rodata.__func__.6
                0x0000000010006f20       0x12 CMakeFiles/GPIO_BLINK.dir/home/julian/pico/pico-sdk/src/common/pico_time/time.c.obj
 *fill*         0x0000000010006f32        0x2 
 .rodata.__func__.7
                0x0000000010006f34        0xf CMakeFiles/GPIO_BLINK.dir/home/julian/pico/pico-sdk/src/common/pico_time/time.c.obj
 *fill*         0x0000000010006f43        0x1 
 .rodata.__func__.8
                0x0000000010006f44        0xc CMakeFiles/GPIO_BLINK.dir/home/julian/pico/pico-sdk/src/common/pico_time/time.c.obj
 .rodata.__func__.9
                0x0000000010006f50       0x15 CMakeFiles/GPIO_BLINK.dir/home/julian/pico/pico-sdk/src/common/pico_time/time.c.obj
 *fill*         0x0000000010006f65        0x3 
 .rodata.hardware_alarm_claim.str1.4
                0x0000000010006f68       0x22 CMakeFiles/GPIO_BLINK.dir/home/julian/pico/pico-sdk/src/rp2_common/hardware_timer/timer.c.obj
 *fill*         0x0000000010006f8a        0x2 
 .rodata.hardware_alarm_set_target.str1.4
                0x0000000010006f8c       0x65 CMakeFiles/GPIO_BLINK.dir/home/julian/pico/pico-sdk/src/rp2_common/hardware_timer/timer.c.obj
 *fill*         0x0000000010006ff1        0x3 
 .rodata.__func__.0
                0x0000000010006ff4       0x1a CMakeFiles/GPIO_BLINK.dir/home/julian/pico/pico-sdk/src/rp2_common/hardware_timer/timer.c.obj
 .rodata.ph_add_child_node.str1.4
                0x000000001000700e       0x96 CMakeFiles/GPIO_BLINK.dir/home/julian/pico/pico-sdk/src/common/pico_util/pheap.c.obj
 *fill*         0x000000001000700e        0x2 
 .rodata.ph_remove_any_head.str1.4
                0x0000000010007010       0x8c CMakeFiles/GPIO_BLINK.dir/home/julian/pico/pico-sdk/src/common/pico_util/pheap.c.obj
                                         0xa0 (size before relaxing)
 .rodata.ph_remove_and_free_node.str1.4
                0x000000001000709c       0x1e CMakeFiles/GPIO_BLINK.dir/home/julian/pico/pico-sdk/src/common/pico_util/pheap.c.obj
                                         0x26 (size before relaxing)
 *fill*         0x00000000100070ba        0x2 
 .rodata.__func__.0
                0x00000000100070bc       0x18 CMakeFiles/GPIO_BLINK.dir/home/julian/pico/pico-sdk/src/common/pico_util/pheap.c.obj
 .rodata.__func__.1
                0x00000000100070d4       0x13 CMakeFiles/GPIO_BLINK.dir/home/julian/pico/pico-sdk/src/common/pico_util/pheap.c.obj
 *fill*         0x00000000100070e7        0x1 
 .rodata.__func__.2
                0x00000000100070e8       0x12 CMakeFiles/GPIO_BLINK.dir/home/julian/pico/pico-sdk/src/common/pico_util/pheap.c.obj
 *fill*         0x00000000100070fa        0x2 
 .rodata.__func__.3
                0x00000000100070fc        0xc CMakeFiles/GPIO_BLINK.dir/home/julian/pico/pico-sdk/src/common/pico_util/pheap.c.obj
 .rodata.clock_configure.str1.4
                0x0000000010007108       0x57 CMakeFiles/GPIO_BLINK.dir/home/julian/pico/pico-sdk/src/rp2_common/hardware_clocks/clocks.c.obj
 *fill*         0x000000001000715f        0x1 
 .rodata.__func__.1
                0x0000000010007160       0x10 CMakeFiles/GPIO_BLINK.dir/home/julian/pico/pico-sdk/src/rp2_common/hardware_clocks/clocks.c.obj
 .rodata.pll_init.str1.4
                0x0000000010007170      0x124 CMakeFiles/GPIO_BLINK.dir/home/julian/pico/pico-sdk/src/rp2_common/hardware_pll/pll.c.obj
 .rodata.__func__.0
                0x0000000010007294        0x9 CMakeFiles/GPIO_BLINK.dir/home/julian/pico/pico-sdk/src/rp2_common/hardware_pll/pll.c.obj
 *fill*         0x000000001000729d        0x3 
 .rodata.__assert_func.str1.4
                0x00000000100072a0       0x3f CMakeFiles/GPIO_BLINK.dir/home/julian/pico/pico-sdk/src/rp2_common/pico_runtime/runtime.c.obj
                                         0x43 (size before relaxing)
 *fill*         0x00000000100072df        0x1 
 .rodata.runtime_init.str1.4
                0x00000000100072e0       0x61 CMakeFiles/GPIO_BLINK.dir/home/julian/pico/pico-sdk/src/rp2_common/pico_runtime/runtime.c.obj
 *fill*         0x0000000010007341        0x3 
 .rodata.panic.str1.4
                0x0000000010007344       0x12 CMakeFiles/GPIO_BLINK.dir/home/julian/pico/pico-sdk/src/rp2_common/pico_runtime/runtime.c.obj
 *fill*         0x0000000010007356        0x2 
 .rodata.__func__.2
                0x0000000010007358        0xd CMakeFiles/GPIO_BLINK.dir/home/julian/pico/pico-sdk/src/rp2_common/pico_runtime/runtime.c.obj
 *fill*         0x0000000010007365        0x3 
 .rodata._ftoa.str1.4
                0x0000000010007368       0x15 CMakeFiles/GPIO_BLINK.dir/home/julian/pico/pico-sdk/src/rp2_common/pico_printf/printf.c.obj
 *fill*         0x000000001000737d        0x3 
 .rodata._vsnprintf
                0x0000000010007380      0x1e0 CMakeFiles/GPIO_BLINK.dir/home/julian/pico/pico-sdk/src/rp2_common/pico_printf/printf.c.obj
 .rodata.pow10.0
                0x0000000010007560       0x50 CMakeFiles/GPIO_BLINK.dir/home/julian/pico/pico-sdk/src/rp2_common/pico_printf/printf.c.obj
 .rodata.missing_double_func_shim.str1.4
                0x00000000100075b0       0x18 CMakeFiles/GPIO_BLINK.dir/home/julian/pico/pico-sdk/src/rp2_common/pico_double/double_init_rom.c.obj
 .rodata.__aeabi_double_init.str1.4
                0x00000000100075c8       0x9c CMakeFiles/GPIO_BLINK.dir/home/julian/pico/pico-sdk/src/rp2_common/pico_double/double_init_rom.c.obj
 .rodata.__func__.0
                0x0000000010007664       0x14 CMakeFiles/GPIO_BLINK.dir/home/julian/pico/pico-sdk/src/rp2_common/pico_double/double_init_rom.c.obj
 .rodata.missing_float_func_shim.str1.4
                0x0000000010007678        0x1 CMakeFiles/GPIO_BLINK.dir/home/julian/pico/pico-sdk/src/rp2_common/pico_float/float_init_rom.c.obj
 .rodata.__aeabi_float_init.str1.4
                0x0000000010007678       0x7a CMakeFiles/GPIO_BLINK.dir/home/julian/pico/pico-sdk/src/rp2_common/pico_float/float_init_rom.c.obj
 *fill*         0x00000000100076f2        0x2 
 .rodata.__func__.0
                0x00000000100076f4       0x13 CMakeFiles/GPIO_BLINK.dir/home/julian/pico/pico-sdk/src/rp2_common/pico_float/float_init_rom.c.obj
 *fill*         0x0000000010007707        0x1 
 .rodata.str1.4
                0x0000000010007708       0x40 CMakeFiles/GPIO_BLINK.dir/home/julian/pico/pico-sdk/src/rp2_common/pico_standard_link/binary_info.c.obj
 .rodata.__bi_44
                0x0000000010007748        0xc CMakeFiles/GPIO_BLINK.dir/home/julian/pico/pico-sdk/src/rp2_common/pico_standard_link/binary_info.c.obj
 .rodata.__bi_75
                0x0000000010007754        0xc CMakeFiles/GPIO_BLINK.dir/home/julian/pico/pico-sdk/src/rp2_common/pico_standard_link/binary_info.c.obj
 .rodata.__bi_81
                0x0000000010007760        0xc CMakeFiles/GPIO_BLINK.dir/home/julian/pico/pico-sdk/src/rp2_common/pico_standard_link/binary_info.c.obj
 .rodata.stdout_serialize_begin.str1.4
                0x000000001000776c       0x61 CMakeFiles/GPIO_BLINK.dir/home/julian/pico/pico-sdk/src/rp2_common/pico_stdio/stdio.c.obj
 .rodata.__func__.3
                0x000000001000776c       0x15 CMakeFiles/GPIO_BLINK.dir/home/julian/pico/pico-sdk/src/rp2_common/pico_stdio/stdio.c.obj
 *fill*         0x0000000010007781        0x3 
 .rodata.crlf_str.2
                0x0000000010007784        0x2 CMakeFiles/GPIO_BLINK.dir/home/julian/pico/pico-sdk/src/rp2_common/pico_stdio/stdio.c.obj
 *fill*         0x0000000010007786        0x2 
 .rodata._resetd_driver
                0x0000000010007788       0x18 CMakeFiles/GPIO_BLINK.dir/home/julian/pico/pico-sdk/src/rp2_common/pico_stdio_usb/reset_interface.c.obj
 .rodata.low_priority_worker_irq.str1.4
                0x00000000100077a0       0x61 CMakeFiles/GPIO_BLINK.dir/home/julian/pico/pico-sdk/src/rp2_common/pico_stdio_usb/stdio_usb.c.obj
 .rodata.stdio_usb_init.str1.4
                0x00000000100077a0       0x45 CMakeFiles/GPIO_BLINK.dir/home/julian/pico/pico-sdk/src/rp2_common/pico_stdio_usb/stdio_usb.c.obj
                                         0x4d (size before relaxing)
 *fill*         0x00000000100077e5        0x3 
 .rodata.str1.4
                0x00000000100077e8       0x13 CMakeFiles/GPIO_BLINK.dir/home/julian/pico/pico-sdk/src/rp2_common/pico_stdio_usb/stdio_usb.c.obj
 *fill*         0x00000000100077fb        0x1 
 .rodata.__bi_182.0
                0x00000000100077fc        0xc CMakeFiles/GPIO_BLINK.dir/home/julian/pico/pico-sdk/src/rp2_common/pico_stdio_usb/stdio_usb.c.obj
 .rodata.__func__.1
                0x0000000010007808        0xf CMakeFiles/GPIO_BLINK.dir/home/julian/pico/pico-sdk/src/rp2_common/pico_stdio_usb/stdio_usb.c.obj
 *fill*         0x0000000010007817        0x1 
 .rodata.__func__.3
                0x0000000010007818       0x15 CMakeFiles/GPIO_BLINK.dir/home/julian/pico/pico-sdk/src/rp2_common/pico_stdio_usb/stdio_usb.c.obj
 *fill*         0x000000001000782d        0x3 
 .rodata.str1.4
                0x0000000010007830       0x2a CMakeFiles/GPIO_BLINK.dir/home/julian/pico/pico-sdk/src/rp2_common/pico_stdio_usb/stdio_usb_descriptors.c.obj
 *fill*         0x000000001000785a        0x2 
 .rodata.usbd_desc_cfg
                0x000000001000785c       0x54 CMakeFiles/GPIO_BLINK.dir/home/julian/pico/pico-sdk/src/rp2_common/pico_stdio_usb/stdio_usb_descriptors.c.obj
 .rodata.usbd_desc_device
                0x00000000100078b0       0x12 CMakeFiles/GPIO_BLINK.dir/home/julian/pico/pico-sdk/src/rp2_common/pico_stdio_usb/stdio_usb_descriptors.c.obj
 *fill*         0x00000000100078c2        0x2 
 .rodata.usbd_desc_str
                0x00000000100078c4       0x18 CMakeFiles/GPIO_BLINK.dir/home/julian/pico/pico-sdk/src/rp2_common/pico_stdio_usb/stdio_usb_descriptors.c.obj
 .rodata.pico_get_unique_board_id_string.str1.4
                0x00000000100078dc       0x4d CMakeFiles/GPIO_BLINK.dir/home/julian/pico/pico-sdk/src/rp2_common/pico_unique_id/unique_id.c.obj
 *fill*         0x0000000010007929        0x3 
 .rodata.__func__.0
                0x000000001000792c       0x20 CMakeFiles/GPIO_BLINK.dir/home/julian/pico/pico-sdk/src/rp2_common/pico_unique_id/unique_id.c.obj
 .rodata.str1.4
                0x000000001000794c      0x15a CMakeFiles/GPIO_BLINK.dir/home/julian/pico/pico-sdk/src/rp2_common/hardware_flash/flash.c.obj
 *fill*         0x0000000010007aa6        0x2 
 .rodata.__func__.0
                0x0000000010007aa8        0xd CMakeFiles/GPIO_BLINK.dir/home/julian/pico/pico-sdk/src/rp2_common/hardware_flash/flash.c.obj
 *fill*         0x0000000010007ab5        0x3 
 .rodata._hw_endpoint_alloc.str1.4
                0x0000000010007ab8       0xb5 CMakeFiles/GPIO_BLINK.dir/home/julian/pico/pico-sdk/lib/tinyusb/src/portable/raspberrypi/rp2040/dcd_rp2040.c.obj
 *fill*         0x0000000010007b6d        0x3 
 .rodata.str1.4
                0x0000000010007b70       0x14 CMakeFiles/GPIO_BLINK.dir/home/julian/pico/pico-sdk/lib/tinyusb/src/portable/raspberrypi/rp2040/dcd_rp2040.c.obj
 .rodata.dcd_int_enable.str1.4
                0x0000000010007b84        0xc CMakeFiles/GPIO_BLINK.dir/home/julian/pico/pico-sdk/lib/tinyusb/src/portable/raspberrypi/rp2040/dcd_rp2040.c.obj
 .rodata.__func__.0
                0x0000000010007b90        0xe CMakeFiles/GPIO_BLINK.dir/home/julian/pico/pico-sdk/lib/tinyusb/src/portable/raspberrypi/rp2040/dcd_rp2040.c.obj
 *fill*         0x0000000010007b9e        0x2 
 .rodata.__func__.1
                0x0000000010007ba0        0xe CMakeFiles/GPIO_BLINK.dir/home/julian/pico/pico-sdk/lib/tinyusb/src/portable/raspberrypi/rp2040/dcd_rp2040.c.obj
 *fill*         0x0000000010007bae        0x2 
 .rodata.__func__.3
                0x0000000010007bb0       0x10 CMakeFiles/GPIO_BLINK.dir/home/julian/pico/pico-sdk/lib/tinyusb/src/portable/raspberrypi/rp2040/dcd_rp2040.c.obj
 .rodata.__func__.5
                0x0000000010007bc0        0xf CMakeFiles/GPIO_BLINK.dir/home/julian/pico/pico-sdk/lib/tinyusb/src/portable/raspberrypi/rp2040/dcd_rp2040.c.obj
 *fill*         0x0000000010007bcf        0x1 
 .rodata.__func__.6
                0x0000000010007bd0       0x13 CMakeFiles/GPIO_BLINK.dir/home/julian/pico/pico-sdk/lib/tinyusb/src/portable/raspberrypi/rp2040/dcd_rp2040.c.obj
 *fill*         0x0000000010007be3        0x1 
 .rodata.__func__.7
                0x0000000010007be4        0x9 CMakeFiles/GPIO_BLINK.dir/home/julian/pico/pico-sdk/lib/tinyusb/src/portable/raspberrypi/rp2040/dcd_rp2040.c.obj
 *fill*         0x0000000010007bed        0x3 
 .rodata.str1.4
                0x0000000010007bf0       0xe7 CMakeFiles/GPIO_BLINK.dir/home/julian/pico/pico-sdk/lib/tinyusb/src/portable/raspberrypi/rp2040/rp2040_usb.c.obj
 *fill*         0x0000000010007cd7        0x1 
 .rodata.__func__.0
                0x0000000010007cd8        0xf CMakeFiles/GPIO_BLINK.dir/home/julian/pico/pico-sdk/lib/tinyusb/src/portable/raspberrypi/rp2040/rp2040_usb.c.obj
 *fill*         0x0000000010007ce7        0x1 
 .rodata.process_get_descriptor
                0x0000000010007ce8       0x40 CMakeFiles/GPIO_BLINK.dir/home/julian/pico/pico-sdk/lib/tinyusb/src/device/usbd.c.obj
 .rodata.process_control_request
                0x0000000010007d28       0x28 CMakeFiles/GPIO_BLINK.dir/home/julian/pico/pico-sdk/lib/tinyusb/src/device/usbd.c.obj
 .rodata.tud_task_ext
                0x0000000010007d50       0x24 CMakeFiles/GPIO_BLINK.dir/home/julian/pico/pico-sdk/lib/tinyusb/src/device/usbd.c.obj
 .rodata._usbd_driver
                0x0000000010007d74       0x18 CMakeFiles/GPIO_BLINK.dir/home/julian/pico/pico-sdk/lib/tinyusb/src/device/usbd.c.obj
                0x0000000010007d8c                . = ALIGN (0x4)
 *(SORT_BY_ALIGNMENT(SORT_BY_NAME(.flashdata*)))
                0x0000000010007d8c                . = ALIGN (0x4)

.ARM.extab
 *(.ARM.extab* .gnu.linkonce.armextab.*)
                0x0000000010007d8c                __exidx_start = .

.ARM.exidx
 *(.ARM.exidx* .gnu.linkonce.armexidx.*)
                0x0000000010007d8c                __exidx_end = .
                0x0000000010007d8c                . = ALIGN (0x4)
                0x0000000010007d8c                __binary_info_start = .

.binary_info    0x0000000010007d8c       0x20
 *(.binary_info.keep.*)
 .binary_info.keep.__bi_ptr22
                0x0000000010007d8c        0x4 CMakeFiles/GPIO_BLINK.dir/home/julian/pico/pico-sdk/src/rp2_common/pico_standard_link/binary_info.c.obj
 .binary_info.keep.__bi_ptr30
                0x0000000010007d90        0x4 CMakeFiles/GPIO_BLINK.dir/home/julian/pico/pico-sdk/src/rp2_common/pico_standard_link/binary_info.c.obj
 .binary_info.keep.__bi_ptr38
                0x0000000010007d94        0x4 CMakeFiles/GPIO_BLINK.dir/home/julian/pico/pico-sdk/src/rp2_common/pico_standard_link/binary_info.c.obj
 .binary_info.keep.__bi_ptr44
                0x0000000010007d98        0x4 CMakeFiles/GPIO_BLINK.dir/home/julian/pico/pico-sdk/src/rp2_common/pico_standard_link/binary_info.c.obj
 .binary_info.keep.__bi_ptr50
                0x0000000010007d9c        0x4 CMakeFiles/GPIO_BLINK.dir/home/julian/pico/pico-sdk/src/rp2_common/pico_standard_link/binary_info.c.obj
 .binary_info.keep.__bi_ptr75
                0x0000000010007da0        0x4 CMakeFiles/GPIO_BLINK.dir/home/julian/pico/pico-sdk/src/rp2_common/pico_standard_link/binary_info.c.obj
 .binary_info.keep.__bi_ptr81
                0x0000000010007da4        0x4 CMakeFiles/GPIO_BLINK.dir/home/julian/pico/pico-sdk/src/rp2_common/pico_standard_link/binary_info.c.obj
 *(.binary_info.*)
 .binary_info.__bi_ptr182
                0x0000000010007da8        0x4 CMakeFiles/GPIO_BLINK.dir/home/julian/pico/pico-sdk/src/rp2_common/pico_stdio_usb/stdio_usb.c.obj
                0x0000000010007dac                __binary_info_end = .

.rel.dyn        0x0000000010007dac        0x0
 .rel.iplt      0x0000000010007dac        0x0 /usr/lib/gcc/arm-none-eabi/10.3.1/thumb/v6-m/nofp/crtbegin.o
                0x0000000010007dac                . = ALIGN (0x4)

.ram_vector_table
                0x0000000020000000       0xc0
 *(.ram_vector_table)
 .ram_vector_table
                0x0000000020000000       0xc0 CMakeFiles/GPIO_BLINK.dir/home/julian/pico/pico-sdk/src/rp2_common/pico_runtime/runtime.c.obj
                0x0000000020000000                ram_vector_table

.data           0x00000000200000c0      0xbf0 load address 0x0000000010007dac
                0x00000000200000c0                __data_start__ = .
 *(vtable)
 *(.time_critical*)
 .time_critical.mutex_try_enter
                0x00000000200000c0       0x46 CMakeFiles/GPIO_BLINK.dir/home/julian/pico/pico-sdk/src/common/pico_sync/mutex.c.obj
                0x00000000200000c0                mutex_try_enter
 *fill*         0x0000000020000106        0x2 
 .time_critical.mutex_enter_block_until
                0x0000000020000108       0x8c CMakeFiles/GPIO_BLINK.dir/home/julian/pico/pico-sdk/src/common/pico_sync/mutex.c.obj
                0x0000000020000108                mutex_enter_block_until
 .time_critical.mutex_try_enter_block_until
                0x0000000020000194       0x34 CMakeFiles/GPIO_BLINK.dir/home/julian/pico/pico-sdk/src/common/pico_sync/mutex.c.obj
                0x0000000020000194                mutex_try_enter_block_until
 .time_critical.mutex_enter_timeout_ms
                0x00000000200001c8       0x68 CMakeFiles/GPIO_BLINK.dir/home/julian/pico/pico-sdk/src/common/pico_sync/mutex.c.obj
                0x00000000200001c8                mutex_enter_timeout_ms
 .time_critical.mutex_exit
                0x0000000020000230       0x4c CMakeFiles/GPIO_BLINK.dir/home/julian/pico/pico-sdk/src/common/pico_sync/mutex.c.obj
                0x0000000020000230                mutex_exit
 .time_critical.flash_init_boot2_copyout
                0x000000002000027c       0x30 CMakeFiles/GPIO_BLINK.dir/home/julian/pico/pico-sdk/src/rp2_common/hardware_flash/flash.c.obj
 .time_critical.flash_enable_xip_via_boot2
                0x00000000200002ac       0x10 CMakeFiles/GPIO_BLINK.dir/home/julian/pico/pico-sdk/src/rp2_common/hardware_flash/flash.c.obj
 .time_critical.flash_cs_force
                0x00000000200002bc       0x28 CMakeFiles/GPIO_BLINK.dir/home/julian/pico/pico-sdk/src/rp2_common/hardware_flash/flash.c.obj
 .time_critical.flash_do_cmd
                0x00000000200002e4       0xd8 CMakeFiles/GPIO_BLINK.dir/home/julian/pico/pico-sdk/src/rp2_common/hardware_flash/flash.c.obj
                0x00000000200002e4                flash_do_cmd
 .time_critical.reset_non_control_endpoints
                0x00000000200003bc       0x40 CMakeFiles/GPIO_BLINK.dir/home/julian/pico/pico-sdk/lib/tinyusb/src/portable/raspberrypi/rp2040/dcd_rp2040.c.obj
 .time_critical.hw_handle_buff_status
                0x00000000200003fc       0xa4 CMakeFiles/GPIO_BLINK.dir/home/julian/pico/pico-sdk/lib/tinyusb/src/portable/raspberrypi/rp2040/dcd_rp2040.c.obj
 .time_critical.dcd_rp2040_irq
                0x00000000200004a0      0x1cc CMakeFiles/GPIO_BLINK.dir/home/julian/pico/pico-sdk/lib/tinyusb/src/portable/raspberrypi/rp2040/dcd_rp2040.c.obj
 .time_critical.e15_is_bulkin_ep
                0x000000002000066c       0x2c CMakeFiles/GPIO_BLINK.dir/home/julian/pico/pico-sdk/lib/tinyusb/src/portable/raspberrypi/rp2040/rp2040_usb.c.obj
 .time_critical.e15_is_critical_frame_period
                0x0000000020000698       0x30 CMakeFiles/GPIO_BLINK.dir/home/julian/pico/pico-sdk/lib/tinyusb/src/portable/raspberrypi/rp2040/rp2040_usb.c.obj
 .time_critical.prepare_ep_buffer
                0x00000000200006c8       0x70 CMakeFiles/GPIO_BLINK.dir/home/julian/pico/pico-sdk/lib/tinyusb/src/portable/raspberrypi/rp2040/rp2040_usb.c.obj
 .time_critical.sync_ep_buffer
                0x0000000020000738       0x80 CMakeFiles/GPIO_BLINK.dir/home/julian/pico/pico-sdk/lib/tinyusb/src/portable/raspberrypi/rp2040/rp2040_usb.c.obj
 .time_critical._hw_endpoint_xfer_sync
                0x00000000200007b8       0x28 CMakeFiles/GPIO_BLINK.dir/home/julian/pico/pico-sdk/lib/tinyusb/src/portable/raspberrypi/rp2040/rp2040_usb.c.obj
 .time_critical.hw_endpoint_reset_transfer
                0x00000000200007e0        0xc CMakeFiles/GPIO_BLINK.dir/home/julian/pico/pico-sdk/lib/tinyusb/src/portable/raspberrypi/rp2040/rp2040_usb.c.obj
                0x00000000200007e0                hw_endpoint_reset_transfer
 .time_critical._hw_endpoint_buffer_control_update32
                0x00000000200007ec       0x58 CMakeFiles/GPIO_BLINK.dir/home/julian/pico/pico-sdk/lib/tinyusb/src/portable/raspberrypi/rp2040/rp2040_usb.c.obj
                0x00000000200007ec                _hw_endpoint_buffer_control_update32
 .time_critical.hw_endpoint_start_next_buffer
                0x0000000020000844       0x88 CMakeFiles/GPIO_BLINK.dir/home/julian/pico/pico-sdk/lib/tinyusb/src/portable/raspberrypi/rp2040/rp2040_usb.c.obj
                0x0000000020000844                hw_endpoint_start_next_buffer
 .time_critical.hw_endpoint_xfer_continue
                0x00000000200008cc       0x50 CMakeFiles/GPIO_BLINK.dir/home/julian/pico/pico-sdk/lib/tinyusb/src/portable/raspberrypi/rp2040/rp2040_usb.c.obj
                0x00000000200008cc                hw_endpoint_xfer_continue
 .time_critical.tinyusb
                0x000000002000091c      0x200 CMakeFiles/GPIO_BLINK.dir/home/julian/pico/pico-sdk/lib/tinyusb/src/device/usbd.c.obj
                0x000000002000091c                dcd_event_handler
 *(.text*)
 .text          0x0000000020000b1c        0x4 /usr/lib/gcc/arm-none-eabi/10.3.1/thumb/v6-m/nofp/libgcc.a(_dvmd_tls.o)
                0x0000000020000b1c                __aeabi_ldiv0
                0x0000000020000b1c                __aeabi_idiv0
 .text.__stub   0x0000000020000b20       0x90 linker stubs
                0x0000000020000bb0                . = ALIGN (0x4)
 *(.rodata*)
                0x0000000020000bb0                . = ALIGN (0x4)
 *(.data*)
 .data.striped_spin_lock_num
                0x0000000020000bb0        0x1 CMakeFiles/GPIO_BLINK.dir/home/julian/pico/pico-sdk/src/rp2_common/hardware_sync/sync.c.obj
 *fill*         0x0000000020000bb1        0x3 
 .data          0x0000000020000bb4       0x48 CMakeFiles/GPIO_BLINK.dir/home/julian/pico/pico-sdk/src/rp2_common/hardware_irq/irq_handler_chain.S.obj
                0x0000000020000bb4                irq_handler_chain_slots
                0x0000000020000be4                irq_handler_chain_first_slot
                0x0000000020000bee                irq_handler_chain_remove_tail
 .data.default_alarm_pool
                0x0000000020000bfc       0x18 CMakeFiles/GPIO_BLINK.dir/home/julian/pico/pico-sdk/src/common/pico_time/time.c.obj
 .data.default_alarm_pool_heap
                0x0000000020000c14       0x10 CMakeFiles/GPIO_BLINK.dir/home/julian/pico/pico-sdk/src/common/pico_time/time.c.obj
 *fill*         0x0000000020000c24        0xc 
 .data.aeabi_bits_funcs
                0x0000000020000c30       0x10 CMakeFiles/GPIO_BLINK.dir/home/julian/pico/pico-sdk/src/rp2_common/pico_bit_ops/bit_ops_aeabi.S.obj
                0x0000000020000c30                aeabi_bits_funcs
                0x0000000020000c40                aeabi_bits_funcs_end
 .data.aeabi_mem_funcs
                0x0000000020000c40       0x10 CMakeFiles/GPIO_BLINK.dir/home/julian/pico/pico-sdk/src/rp2_common/pico_mem_ops/mem_ops_aeabi.S.obj
                0x0000000020000c40                aeabi_mem_funcs
                0x0000000020000c50                aeabi_mem_funcs_end
 .data.stdio_usb
                0x0000000020000c50       0x18 CMakeFiles/GPIO_BLINK.dir/home/julian/pico/pico-sdk/src/rp2_common/pico_stdio_usb/stdio_usb.c.obj
                0x0000000020000c50                stdio_usb
 .data.ep_dir_string
                0x0000000020000c68        0x8 CMakeFiles/GPIO_BLINK.dir/home/julian/pico/pico-sdk/lib/tinyusb/src/portable/raspberrypi/rp2040/rp2040_usb.c.obj
                0x0000000020000c68                ep_dir_string
 .data._usbd_qdef
                0x0000000020000c70       0x1c CMakeFiles/GPIO_BLINK.dir/home/julian/pico/pico-sdk/lib/tinyusb/src/device/usbd.c.obj
                0x0000000020000c70                _usbd_qdef
 .data._usbd_rhport
                0x0000000020000c8c        0x1 CMakeFiles/GPIO_BLINK.dir/home/julian/pico/pico-sdk/lib/tinyusb/src/device/usbd.c.obj
                0x0000000020000c90                . = ALIGN (0x4)
 *fill*         0x0000000020000c8d        0x3 
 *(.after_data.*)
                0x0000000020000c90                . = ALIGN (0x4)
                0x0000000020000c90                PROVIDE (__mutex_array_start = .)
 *(SORT_BY_NAME(.mutex_array.*))
 *(.mutex_array)
 .mutex_array   0x0000000020000c90        0x8 CMakeFiles/GPIO_BLINK.dir/home/julian/pico/pico-sdk/src/rp2_common/pico_stdio/stdio.c.obj
                0x0000000020000c98                PROVIDE (__mutex_array_end = .)
                0x0000000020000c98                . = ALIGN (0x4)
                0x0000000020000c98                PROVIDE (__preinit_array_start = .)
 *(SORT_BY_NAME(.preinit_array.*))
 .preinit_array.00001
                0x0000000020000c98        0x4 CMakeFiles/GPIO_BLINK.dir/home/julian/pico/pico-sdk/src/rp2_common/pico_mem_ops/mem_ops_aeabi.S.obj
 .preinit_array.00010
                0x0000000020000c9c        0x4 CMakeFiles/GPIO_BLINK.dir/home/julian/pico/pico-sdk/src/rp2_common/pico_bit_ops/bit_ops_aeabi.S.obj
 .preinit_array.00020
                0x0000000020000ca0        0x4 CMakeFiles/GPIO_BLINK.dir/home/julian/pico/pico-sdk/src/rp2_common/pico_double/double_aeabi.S.obj
 .preinit_array.00020
                0x0000000020000ca4        0x4 CMakeFiles/GPIO_BLINK.dir/home/julian/pico/pico-sdk/src/rp2_common/pico_float/float_aeabi.S.obj
 *(.preinit_array)
                0x0000000020000ca8                PROVIDE (__preinit_array_end = .)
                0x0000000020000ca8                . = ALIGN (0x4)
                0x0000000020000ca8                PROVIDE (__init_array_start = .)
 *(SORT_BY_NAME(.init_array.*))
 *(.init_array)
 .init_array    0x0000000020000ca8        0x4 /usr/lib/gcc/arm-none-eabi/10.3.1/thumb/v6-m/nofp/crtbegin.o
 .init_array    0x0000000020000cac        0x4 CMakeFiles/GPIO_BLINK.dir/home/julian/pico/pico-sdk/src/rp2_common/pico_unique_id/unique_id.c.obj
                0x0000000020000cb0                PROVIDE (__init_array_end = .)
                0x0000000020000cb0                . = ALIGN (0x4)
                0x0000000020000cb0                PROVIDE (__fini_array_start = .)
 *(SORT_BY_NAME(.fini_array.*))
 *(.fini_array)
                0x0000000020000cb0                PROVIDE (__fini_array_end = .)
 *(.jcr)
                0x0000000020000cb0                . = ALIGN (0x4)
                0x0000000020000cb0                __data_end__ = .
                0x0000000010007dac                __etext = LOADADDR (.data)

.tm_clone_table
                0x0000000020000cb0        0x0 load address 0x000000001000899c
 .tm_clone_table
                0x0000000020000cb0        0x0 /usr/lib/gcc/arm-none-eabi/10.3.1/thumb/v6-m/nofp/crtbegin.o
 .tm_clone_table
                0x0000000020000cb0        0x0 /usr/lib/gcc/arm-none-eabi/10.3.1/thumb/v6-m/nofp/crtend.o

.igot.plt       0x0000000020000cb0        0x0 load address 0x000000001000899c
 .igot.plt      0x0000000020000cb0        0x0 /usr/lib/gcc/arm-none-eabi/10.3.1/thumb/v6-m/nofp/crtbegin.o

.uninitialized_data
                0x0000000020000cb0        0x0 load address 0x000000001000899c
                0x0000000020000cb0                . = ALIGN (0x4)
 *(.uninitialized_data*)

.scratch_x      0x0000000020040000        0x0 load address 0x000000001000899c
                0x0000000020040000                __scratch_x_start__ = .
 *(.scratch_x.*)
                0x0000000020040000                . = ALIGN (0x4)
                0x0000000020040000                __scratch_x_end__ = .
                0x000000001000899c                __scratch_x_source__ = LOADADDR (.scratch_x)

.scratch_y      0x0000000020041000        0x0 load address 0x000000001000899c
                0x0000000020041000                __scratch_y_start__ = .
 *(.scratch_y.*)
                0x0000000020041000                . = ALIGN (0x4)
                0x0000000020041000                __scratch_y_end__ = .
                0x000000001000899c                __scratch_y_source__ = LOADADDR (.scratch_y)

.bss            0x0000000020000cb0      0xd84
                0x0000000020000cb0                . = ALIGN (0x4)
                0x0000000020000cb0                __bss_start__ = .
 *(SORT_BY_ALIGNMENT(SORT_BY_NAME(.bss*)))
 .bss.default_alarm_pool_entries
                0x0000000020000cb0      0x100 CMakeFiles/GPIO_BLINK.dir/home/julian/pico/pico-sdk/src/common/pico_time/time.c.obj
 .bss.last_avail_time.2
                0x0000000020000db0        0x8 CMakeFiles/GPIO_BLINK.dir/home/julian/pico/pico-sdk/src/rp2_common/pico_stdio_usb/stdio_usb.c.obj
 .bss           0x0000000020000db8       0x1c /usr/lib/gcc/arm-none-eabi/10.3.1/thumb/v6-m/nofp/crtbegin.o
 .bss._app_driver
                0x0000000020000dd4        0x4 CMakeFiles/GPIO_BLINK.dir/home/julian/pico/pico-sdk/lib/tinyusb/src/device/usbd.c.obj
 .bss._cdcd_itf
                0x0000000020000dd8      0x2c8 CMakeFiles/GPIO_BLINK.dir/home/julian/pico/pico-sdk/lib/tinyusb/src/class/cdc/cdc_device.c.obj
 .bss._ctrl_xfer
                0x00000000200010a0       0x14 CMakeFiles/GPIO_BLINK.dir/home/julian/pico/pico-sdk/lib/tinyusb/src/device/usbd_control.c.obj
 .bss._ubsd_mutexdef
                0x00000000200010b4        0x8 CMakeFiles/GPIO_BLINK.dir/home/julian/pico/pico-sdk/lib/tinyusb/src/device/usbd.c.obj
 .bss._usbd_ctrl_buf